[2026-04-03 10:44:24.776] [info] RAYLIB: Initializing raylib 5.6-dev
[2026-04-03 10:44:24.776] [info] RAYLIB: Platform backend: DESKTOP (SDL)
[2026-04-03 10:44:24.776] [info] RAYLIB: Supported raylib modules:
[2026-04-03 10:44:24.776] [info] RAYLIB:     > rcore:..... loaded (mandatory)
[2026-04-03 10:44:24.776] [info] RAYLIB:     > rlgl:...... loaded (mandatory)
[2026-04-03 10:44:24.776] [info] RAYLIB:     > rshapes:... loaded (optional)
[2026-04-03 10:44:24.776] [info] RAYLIB:     > rtextures:. loaded (optional)
[2026-04-03 10:44:24.776] [info] RAYLIB:     > rtext:..... loaded (optional)
[2026-04-03 10:44:24.776] [info] RAYLIB:     > rmodels:... loaded (optional)
[2026-04-03 10:44:24.776] [info] RAYLIB:     > raudio:.... loaded (optional)
[2026-04-03 10:44:24.990] [info] RAYLIB: DISPLAY: Device initialized successfully
[2026-04-03 10:44:24.990] [info] RAYLIB:     > Display size: 640 x 480
[2026-04-03 10:44:24.990] [info] RAYLIB:     > Screen size:  640 x 480
[2026-04-03 10:44:24.990] [info] RAYLIB:     > Render size:  640 x 480
[2026-04-03 10:44:24.990] [info] RAYLIB:     > Viewport offsets: 0, 0
[2026-04-03 10:44:24.991] [info] RAYLIB: GLAD: OpenGL ES 2.0 loaded successfully
[2026-04-03 10:44:24.992] [info] RAYLIB: GL: Supported extensions count: 99
[2026-04-03 10:44:24.992] [info] RAYLIB: GL: OpenGL device information:
[2026-04-03 10:44:24.992] [info] RAYLIB:     > Vendor:   ARM
[2026-04-03 10:44:24.992] [info] RAYLIB:     > Renderer: Mali-G52
[2026-04-03 10:44:24.992] [info] RAYLIB:     > Version:  OpenGL ES 3.2 v1.g13p0-01eac0.fdf91928d758c45c1787782175b35c6a
[2026-04-03 10:44:24.992] [info] RAYLIB:     > GLSL:     OpenGL ES GLSL ES 3.20
[2026-04-03 10:44:24.992] [info] RAYLIB: GL: VAO extension detected, VAO functions loaded successfully
[2026-04-03 10:44:24.992] [info] RAYLIB: GL: NPOT textures extension detected, full NPOT textures supported
[2026-04-03 10:44:24.992] [info] RAYLIB: GL: ETC1 compressed textures supported
[2026-04-03 10:44:24.992] [info] RAYLIB: GL: ASTC compressed textures supported
[2026-04-03 10:44:24.993] [info] RAYLIB: PLATFORM: DESKTOP (SDL2): Initialized successfully
[2026-04-03 10:44:24.993] [info] RAYLIB: TEXTURE: [ID 1] Texture loaded successfully (1x1 | R8G8B8A8 | 1 mipmaps)
[2026-04-03 10:44:24.993] [info] RAYLIB: TEXTURE: [ID 1] Default texture loaded successfully
[2026-04-03 10:44:24.995] [info] RAYLIB: SHADER: [ID 1] Vertex shader compiled successfully
[2026-04-03 10:44:24.996] [info] RAYLIB: SHADER: [ID 2] Fragment shader compiled successfully
[2026-04-03 10:44:25.012] [info] RAYLIB: SHADER: [ID 3] Program shader loaded successfully
[2026-04-03 10:44:25.012] [info] RAYLIB: SHADER: [ID 3] Default shader loaded successfully
[2026-04-03 10:44:25.021] [info] RAYLIB: RLGL: Render batch vertex buffers loaded successfully in RAM (CPU)
[2026-04-03 10:44:25.022] [info] RAYLIB: RLGL: Render batch vertex buffers loaded successfully in VRAM (GPU)
[2026-04-03 10:44:25.024] [info] RAYLIB: RLGL: Default OpenGL state initialized successfully
[2026-04-03 10:44:25.026] [info] RAYLIB: TEXTURE: [ID 2] Texture loaded successfully (128x128 | GRAY_ALPHA | 1 mipmaps)
[2026-04-03 10:44:25.027] [info] RAYLIB: FONT: Default font loaded successfully (224 glyphs)
[2026-04-03 10:44:25.027] [info] RAYLIB: SYSTEM: Working Directory: /roms2/ports/bolt
[2026-04-03 10:44:25.027] [info] RAYLIB: TIMER: Target time per frame: 16.667 milliseconds
[2026-04-03 10:44:25.028] [info] RAYLIB: FILEIO: [resources/textures/sprites.png] File loaded successfully
[2026-04-03 10:44:25.029] [info] RAYLIB: IMAGE: Data loaded successfully (18x63 | R8G8B8A8 | 1 mipmaps)
[2026-04-03 10:44:25.030] [info] RAYLIB: TEXTURE: [ID 3] Texture loaded successfully (72x9 | R8G8B8A8 | 1 mipmaps)
[2026-04-03 10:44:25.034] [info] RAYLIB: TEXTURE: [ID 4] Texture loaded successfully (72x36 | R8G8B8A8 | 1 mipmaps)
[2026-04-03 10:44:25.035] [info] RAYLIB: FILEIO: [resources/textures/explosion-1.png] File loaded successfully
[2026-04-03 10:44:25.040] [info] RAYLIB: IMAGE: Data loaded successfully (192x32 | R8G8B8A8 | 1 mipmaps)
[2026-04-03 10:44:25.040] [info] RAYLIB: TEXTURE: [ID 5] Texture loaded successfully (192x32 | R8G8B8A8 | 1 mipmaps)
[2026-04-03 10:44:25.041] [info] RAYLIB: FILEIO: [resources/textures/explosion-2.png] File loaded successfully
[2026-04-03 10:44:25.047] [info] RAYLIB: IMAGE: Data loaded successfully (192x32 | R8G8B8A8 | 1 mipmaps)
[2026-04-03 10:44:25.047] [info] RAYLIB: TEXTURE: [ID 6] Texture loaded successfully (192x32 | R8G8B8A8 | 1 mipmaps)
[2026-04-03 10:44:25.049] [info] RAYLIB: FILEIO: [resources/textures/explosion-3-large.png] File loaded successfully
[2026-04-03 10:44:25.066] [info] RAYLIB: IMAGE: Data loaded successfully (384x64 | R8G8B8A8 | 1 mipmaps)
[2026-04-03 10:44:25.067] [info] RAYLIB: TEXTURE: [ID 7] Texture loaded successfully (384x64 | R8G8B8A8 | 1 mipmaps)
[2026-04-03 10:44:25.070] [info] RAYLIB: FILEIO: [resources/fonts/absolute_10.png] File loaded successfully
[2026-04-03 10:44:25.114] [info] RAYLIB: IMAGE: Data loaded successfully (416x176 | R8G8B8A8 | 1 mipmaps)
[2026-04-03 10:44:25.116] [info] RAYLIB: TEXTURE: [ID 8] Texture loaded successfully (416x176 | R8G8B8A8 | 1 mipmaps)
[2026-04-03 10:44:25.118] [info] RAYLIB: FILEIO: [resources/fonts/pixuf.ttf] File loaded successfully
[2026-04-03 10:44:25.140] [info] RAYLIB: TEXTURE: [ID 9] Texture loaded successfully (256x256 | GRAY_ALPHA | 1 mipmaps)
[2026-04-03 10:44:25.140] [info] RAYLIB: FONT: Data loaded successfully (16 pixel size | 95 glyphs)
[2026-04-03 10:44:25.141] [info] RAYLIB: FILEIO: [resources/textures/density-hatch.png] File loaded successfully
[2026-04-03 10:44:25.142] [info] RAYLIB: IMAGE: Data loaded successfully (80x16 | R8G8B8A8 | 1 mipmaps)
[2026-04-03 10:44:25.142] [info] RAYLIB: TEXTURE: [ID 10] Texture loaded successfully (80x16 | R8G8B8A8 | 1 mipmaps)
[2026-04-03 10:44:25.297] [info] RAYLIB: AUDIO: Device initialized successfully
[2026-04-03 10:44:25.297] [info] RAYLIB:     > Backend:       miniaudio | ALSA
[2026-04-03 10:44:25.297] [info] RAYLIB:     > Format:        32-bit IEEE Floating Point -> 32-bit IEEE Floating Point
[2026-04-03 10:44:25.297] [info] RAYLIB:     > Channels:      2 -> 2
[2026-04-03 10:44:25.298] [info] RAYLIB:     > Sample rate:   44100 -> 44100
[2026-04-03 10:44:25.298] [info] RAYLIB:     > Periods size:  3072
[2026-04-03 10:44:25.299] [info] RAYLIB: FILEIO: [resources/audio/ui-pass.wav] File loaded successfully
[2026-04-03 10:44:25.299] [info] RAYLIB: WAVE: Data loaded successfully (48000 Hz, 16 bit, 1 channels)
[2026-04-03 10:44:25.314] [info] AUDIO: menu click sound loaded from: resources/audio/ui-pass.wav
[2026-04-03 10:44:25.316] [info] RAYLIB: FILEIO: [resources/audio/positive-select.wav] File loaded successfully
[2026-04-03 10:44:25.316] [info] RAYLIB: WAVE: Data loaded successfully (48000 Hz, 16 bit, 1 channels)
[2026-04-03 10:44:25.338] [info] AUDIO: menu select-on-button sound loaded from: resources/audio/positive-select.wav
[2026-04-03 10:44:25.343] [info] RAYLIB: FILEIO: [resources/audio/power-up-digital.wav] File loaded successfully
[2026-04-03 10:44:25.344] [info] RAYLIB: WAVE: Data loaded successfully (48000 Hz, 16 bit, 1 channels)
[2026-04-03 10:44:25.613] [info] AUDIO: power-up (start mode) sound loaded from: resources/audio/power-up-digital.wav
[2026-04-03 10:44:25.615] [info] RAYLIB: FILEIO: [resources/audio/player-shot.wav] File loaded successfully
[2026-04-03 10:44:25.615] [info] RAYLIB: WAVE: Data loaded successfully (48000 Hz, 16 bit, 1 channels)
[2026-04-03 10:44:25.664] [info] AUDIO: player-shot sound loaded from: resources/audio/player-shot.wav
[2026-04-03 10:44:25.666] [info] RAYLIB: FILEIO: [resources/audio/enemy-shot.wav] File loaded successfully
[2026-04-03 10:44:25.667] [info] RAYLIB: WAVE: Data loaded successfully (48000 Hz, 16 bit, 1 channels)
[2026-04-03 10:44:25.732] [info] AUDIO: enemy-shot sound loaded from: resources/audio/enemy-shot.wav
[2026-04-03 10:44:25.735] [info] RAYLIB: FILEIO: [resources/audio/enemy-spawning.wav] File loaded successfully
[2026-04-03 10:44:25.735] [info] RAYLIB: WAVE: Data loaded successfully (48000 Hz, 16 bit, 1 channels)
[2026-04-03 10:44:25.841] [info] AUDIO: enemy-spawning sound loaded from: resources/audio/enemy-spawning.wav
[2026-04-03 10:44:25.844] [info] RAYLIB: FILEIO: [resources/audio/match-fire.wav] File loaded successfully
[2026-04-03 10:44:25.844] [info] RAYLIB: WAVE: Data loaded successfully (48000 Hz, 16 bit, 1 channels)
[2026-04-03 10:44:25.961] [info] AUDIO: enemy death sound loaded from: resources/audio/match-fire.wav
[2026-04-03 10:44:25.966] [info] RAYLIB: FILEIO: [resources/audio/base-exploding.wav] File loaded successfully
[2026-04-03 10:44:25.967] [info] RAYLIB: WAVE: Data loaded successfully (48000 Hz, 16 bit, 1 channels)
[2026-04-03 10:44:26.253] [info] AUDIO: base-exploding sound loaded from: resources/audio/base-exploding.wav
[2026-04-03 10:44:26.256] [info] RAYLIB: FILEIO: [resources/audio/metal-hit.wav] File loaded successfully
[2026-04-03 10:44:26.257] [info] RAYLIB: WAVE: Data loaded successfully (48000 Hz, 16 bit, 1 channels)
[2026-04-03 10:44:26.420] [info] AUDIO: projectile wall-hit sound loaded from: resources/audio/metal-hit.wav
[2026-04-03 10:44:26.426] [info] RAYLIB: FILEIO: [resources/audio/player-explosion.wav] File loaded successfully
[2026-04-03 10:44:26.427] [info] RAYLIB: WAVE: Data loaded successfully (48000 Hz, 16 bit, 1 channels)
[2026-04-03 10:44:26.761] [info] AUDIO: player explosion sound loaded from: resources/audio/player-explosion.wav
[2026-04-03 10:44:26.761] [info] RAYLIB: STREAM: Initialized successfully (16000 Hz, 16 bit, Mono)
[2026-04-03 10:44:26.775] [info] RAYLIB: STREAM: Initialized successfully (16000 Hz, 16 bit, Mono)
[2026-04-03 10:45:12.632] [debug] [FLOW] StartGame: draining worker, invisibility=0
[2026-04-03 10:45:12.632] [debug] [FLOW] GameModeController::StartGame: settings.invisibility=0 level=4
[2026-04-03 10:45:12.632] [debug] [FLOW] StartGame done: invisibility=0 level=4
[2026-04-03 10:45:12.760] [debug] [NAV] BaseDistanceField rebuild 60x60 cells in 9.737 ms
[2026-04-03 10:45:12.765] [debug] [NAV] BaseFlowField rebuild 60x60 cells in 4.225 ms
[2026-04-03 10:45:12.768] [debug] [FLOW] InitializeMazeWorld: invisibility=0 level=4 shouldHaveFlowActive=0
[2026-04-03 10:45:13.705] [info] RAYLIB: TEXTURE: [ID 11] Texture loaded successfully (160x480 | R8G8B8A8 | 1 mipmaps)
[2026-04-03 10:45:13.706] [info] RAYLIB: TEXTURE: [ID 1] Depth renderbuffer loaded successfully (24 bits)
[2026-04-03 10:45:13.706] [info] RAYLIB: FBO: [ID 1] Framebuffer object created successfully
[2026-04-03 10:45:13.706] [info] RAYLIB: TEXTURE: [ID 12] Texture loaded successfully (60x60 | R8G8B8A8 | 1 mipmaps)
[2026-04-03 10:45:13.706] [info] RAYLIB: TEXTURE: [ID 2] Depth renderbuffer loaded successfully (24 bits)
[2026-04-03 10:45:13.706] [info] RAYLIB: FBO: [ID 2] Framebuffer object created successfully
[2026-04-03 10:45:13.706] [info] RAYLIB: TEXTURE: [ID 13] Texture loaded successfully (66x66 | R8G8B8A8 | 1 mipmaps)
[2026-04-03 10:45:13.706] [info] RAYLIB: TEXTURE: [ID 3] Depth renderbuffer loaded successfully (24 bits)
[2026-04-03 10:45:13.706] [info] RAYLIB: FBO: [ID 3] Framebuffer object created successfully
[2026-04-03 10:45:13.707] [info] RAYLIB: FILEIO: [resources/textures/sprites.png] File loaded successfully
[2026-04-03 10:45:13.708] [info] RAYLIB: IMAGE: Data loaded successfully (18x63 | R8G8B8A8 | 1 mipmaps)
[2026-04-03 10:45:13.709] [info] RAYLIB: TEXTURE: [ID 14] Texture loaded successfully (36x36 | R8G8B8A8 | 1 mipmaps)
[2026-04-03 10:45:13.709] [info] RAYLIB: FILEIO: [resources/textures/sprites.png] File loaded successfully
[2026-04-03 10:45:13.710] [info] RAYLIB: IMAGE: Data loaded successfully (18x63 | R8G8B8A8 | 1 mipmaps)
[2026-04-03 10:45:13.710] [info] RAYLIB: TEXTURE: [ID 15] Texture loaded successfully (10x10 | R8G8B8A8 | 1 mipmaps)
[2026-04-03 10:45:13.710] [info] RAYLIB: TEXTURE: [ID 16] Texture loaded successfully (10x10 | R8G8B8A8 | 1 mipmaps)
[2026-04-03 10:45:13.710] [info] RAYLIB: TEXTURE: [ID 17] Texture loaded successfully (10x10 | R8G8B8A8 | 1 mipmaps)
[2026-04-03 10:45:13.710] [info] RAYLIB: TEXTURE: [ID 18] Texture loaded successfully (10x10 | R8G8B8A8 | 1 mipmaps)
[2026-04-03 10:45:13.728] [info] RAYLIB: TEXTURE: [ID 19] Texture loaded successfully (48x48 | R8G8B8A8 | 1 mipmaps)
[2026-04-03 10:45:13.731] [debug] [INVIS] HUD compass block invisibility=0 (log #1)
[2026-04-03 10:45:13.734] [debug] [FLOW] OnPlayerCellChanged: skip (cacheActive=false) cell=29,16
[2026-04-03 10:45:13.747] [debug] [INVIS] HUD compass block invisibility=0 (log #2)
[2026-04-03 10:45:13.750] [debug] [FLOW] OnPlayerCellChanged: skip (cacheActive=false) cell=29,16
[2026-04-03 10:45:13.755] [debug] [INVIS] HUD compass block invisibility=0 (log #3)
[2026-04-03 10:45:13.767] [debug] [FLOW] OnPlayerCellChanged: skip (cacheActive=false) cell=29,16
[2026-04-03 10:45:13.772] [debug] [INVIS] HUD compass block invisibility=0 (log #4)
[2026-04-03 10:45:13.790] [debug] [INVIS] HUD compass block invisibility=0 (log #5)
[2026-04-03 10:45:13.807] [debug] [INVIS] HUD compass block invisibility=0 (log #6)
[2026-04-03 10:45:13.824] [debug] [INVIS] HUD compass block invisibility=0 (log #7)
[2026-04-03 10:45:13.843] [debug] [ENEMY_UNCOUPLE] entries=0 reentryResets=0(0.0%) reason{frontal=0 separation=0 wallContact=0}
[2026-04-03 10:45:13.844] [debug] [ENEMY_KILL_DEBUG] enemyEnemy{events=0 frontal=0 separation=0 reenterEither=0 reenterBoth=0 wallContact=0 dist[min=0.000 avg=0.000 max=0.000]}
[2026-04-03 10:45:13.844] [debug] [ENEMY_ASSASSIN_CHEAP_RECOVERY] failByStage{s0=0 s1=0 s2=0} recoverByStage{s0=0 s1=0 s2=0} emergency{attempt=0 success=0} noFlowSkips=0
[2026-04-03 10:45:13.844] [debug] [ENEMY_ASSASSIN_WALL_ENTRIES] byPhase{cheap=0 uncouple=0 full=0}
[2026-04-03 10:45:13.844] [debug] [ENEMY_KILL_DEBUG_COLLISION] projectile{kills=0 wallContact=0}
[2026-04-03 10:45:13.849] [debug] [INVIS] HUD compass block invisibility=0 (log #8)
[2026-04-03 10:45:13.860] [debug] [INVIS] HUD compass block invisibility=0 (log #9)
[2026-04-03 10:45:13.875] [debug] [INVIS] HUD compass block invisibility=0 (log #10)
[2026-04-03 10:45:15.884] [debug] [ENEMY_UNCOUPLE] entries=0 reentryResets=0(0.0%) reason{frontal=0 separation=0 wallContact=0}
[2026-04-03 10:45:15.884] [debug] [ENEMY_KILL_DEBUG] enemyEnemy{events=0 frontal=0 separation=0 reenterEither=0 reenterBoth=0 wallContact=0 dist[min=0.000 avg=0.000 max=0.000]}
[2026-04-03 10:45:15.884] [debug] [ENEMY_ASSASSIN_CHEAP_RECOVERY] failByStage{s0=0 s1=0 s2=0} recoverByStage{s0=0 s1=0 s2=0} emergency{attempt=0 success=0} noFlowSkips=0
[2026-04-03 10:45:15.884] [debug] [ENEMY_ASSASSIN_WALL_ENTRIES] byPhase{cheap=0 uncouple=0 full=0}
[2026-04-03 10:45:15.884] [debug] [ENEMY_KILL_DEBUG_COLLISION] projectile{kills=0 wallContact=0}
[2026-04-03 10:45:17.926] [debug] [ENEMY_UNCOUPLE] entries=0 reentryResets=0(0.0%) reason{frontal=0 separation=0 wallContact=0}
[2026-04-03 10:45:17.926] [debug] [ENEMY_KILL_DEBUG] enemyEnemy{events=0 frontal=0 separation=0 reenterEither=0 reenterBoth=0 wallContact=0 dist[min=0.000 avg=0.000 max=0.000]}
[2026-04-03 10:45:17.926] [debug] [ENEMY_ASSASSIN_CHEAP_RECOVERY] failByStage{s0=0 s1=0 s2=0} recoverByStage{s0=0 s1=0 s2=0} emergency{attempt=0 success=0} noFlowSkips=0
[2026-04-03 10:45:17.926] [debug] [ENEMY_ASSASSIN_WALL_ENTRIES] byPhase{cheap=0 uncouple=0 full=0}
[2026-04-03 10:45:17.926] [debug] [ENEMY_KILL_DEBUG_COLLISION] projectile{kills=0 wallContact=0}
[2026-04-03 10:45:19.965] [debug] [ENEMY_UNCOUPLE] entries=0 reentryResets=0(0.0%) reason{frontal=0 separation=0 wallContact=0}
[2026-04-03 10:45:19.966] [debug] [ENEMY_KILL_DEBUG] enemyEnemy{events=0 frontal=0 separation=0 reenterEither=0 reenterBoth=0 wallContact=0 dist[min=0.000 avg=0.000 max=0.000]}
[2026-04-03 10:45:19.966] [debug] [ENEMY_ASSASSIN_CHEAP_RECOVERY] failByStage{s0=0 s1=0 s2=0} recoverByStage{s0=0 s1=0 s2=0} emergency{attempt=0 success=0} noFlowSkips=0
[2026-04-03 10:45:19.966] [debug] [ENEMY_ASSASSIN_WALL_ENTRIES] byPhase{cheap=0 uncouple=0 full=0}
[2026-04-03 10:45:19.966] [debug] [ENEMY_KILL_DEBUG_COLLISION] projectile{kills=0 wallContact=0}
[2026-04-03 10:45:22.007] [debug] [ENEMY_UNCOUPLE] entries=0 reentryResets=0(0.0%) reason{frontal=0 separation=0 wallContact=0}
[2026-04-03 10:45:22.007] [debug] [ENEMY_KILL_DEBUG] enemyEnemy{events=0 frontal=0 separation=0 reenterEither=0 reenterBoth=0 wallContact=0 dist[min=0.000 avg=0.000 max=0.000]}
[2026-04-03 10:45:22.007] [debug] [ENEMY_ASSASSIN_CHEAP_RECOVERY] failByStage{s0=0 s1=0 s2=0} recoverByStage{s0=0 s1=0 s2=0} emergency{attempt=0 success=0} noFlowSkips=0
[2026-04-03 10:45:22.008] [debug] [ENEMY_ASSASSIN_WALL_ENTRIES] byPhase{cheap=0 uncouple=0 full=0}
[2026-04-03 10:45:22.008] [debug] [ENEMY_KILL_DEBUG_COLLISION] projectile{kills=0 wallContact=0}
[2026-04-03 10:45:24.052] [debug] [ENEMY_UNCOUPLE] entries=0 reentryResets=0(0.0%) reason{frontal=0 separation=0 wallContact=0}
[2026-04-03 10:45:24.052] [debug] [ENEMY_KILL_DEBUG] enemyEnemy{events=0 frontal=0 separation=0 reenterEither=0 reenterBoth=0 wallContact=0 dist[min=0.000 avg=0.000 max=0.000]}
[2026-04-03 10:45:24.052] [debug] [ENEMY_ASSASSIN_CHEAP_RECOVERY] failByStage{s0=0 s1=0 s2=0} recoverByStage{s0=0 s1=0 s2=0} emergency{attempt=0 success=0} noFlowSkips=0
[2026-04-03 10:45:24.052] [debug] [ENEMY_ASSASSIN_WALL_ENTRIES] byPhase{cheap=0 uncouple=0 full=0}
[2026-04-03 10:45:24.052] [debug] [ENEMY_KILL_DEBUG_COLLISION] projectile{kills=0 wallContact=0}
[2026-04-03 10:45:26.099] [debug] [ENEMY_UNCOUPLE] entries=0 reentryResets=0(0.0%) reason{frontal=0 separation=0 wallContact=0}
[2026-04-03 10:45:26.099] [debug] [ENEMY_KILL_DEBUG] enemyEnemy{events=0 frontal=0 separation=0 reenterEither=0 reenterBoth=0 wallContact=0 dist[min=0.000 avg=0.000 max=0.000]}
[2026-04-03 10:45:26.100] [debug] [ENEMY_ASSASSIN_CHEAP_RECOVERY] failByStage{s0=0 s1=0 s2=0} recoverByStage{s0=0 s1=0 s2=0} emergency{attempt=0 success=0} noFlowSkips=0
[2026-04-03 10:45:26.100] [debug] [ENEMY_ASSASSIN_WALL_ENTRIES] byPhase{cheap=0 uncouple=0 full=0}
[2026-04-03 10:45:26.100] [debug] [ENEMY_KILL_DEBUG_COLLISION] projectile{kills=0 wallContact=0}
[2026-04-03 10:45:26.488] [debug] [MUSIC_UPLOAD_SPIKE] label=gameplay frame=3501 upload=8.473ms

[2026-04-03 10:45:27.513] [debug] [MUSIC_UPLOAD_SPIKE] label=gameplay frame=3558 upload=10.105ms

[2026-04-03 10:45:28.285] [debug] [ENEMY_UNCOUPLE] entries=0 reentryResets=0(0.0%) reason{frontal=0 separation=0 wallContact=0}
[2026-04-03 10:45:28.285] [debug] [ENEMY_KILL_DEBUG] enemyEnemy{events=0 frontal=0 separation=0 reenterEither=0 reenterBoth=0 wallContact=0 dist[min=0.000 avg=0.000 max=0.000]}
[2026-04-03 10:45:28.285] [debug] [ENEMY_ASSASSIN_CHEAP_RECOVERY] failByStage{s0=0 s1=0 s2=0} recoverByStage{s0=0 s1=0 s2=0} emergency{attempt=0 success=0} noFlowSkips=0
[2026-04-03 10:45:28.285] [debug] [ENEMY_ASSASSIN_WALL_ENTRIES] byPhase{cheap=0 uncouple=0 full=0}
[2026-04-03 10:45:28.286] [debug] [ENEMY_KILL_DEBUG_COLLISION] projectile{kills=4 wallContact=0}
[2026-04-03 10:45:28.534] [debug] [MUSIC_UPLOAD_SPIKE] label=gameplay frame=3612 upload=9.877ms

[2026-04-03 10:45:28.799] [debug] [MUSIC_UPLOAD_SPIKE] label=gameplay frame=3625 upload=14.188ms

[2026-04-03 10:45:29.303] [debug] [MUSIC_UPLOAD_SPIKE] label=gameplay frame=3651 upload=12.489ms

[2026-04-03 10:45:29.808] [debug] [MUSIC_UPLOAD_SPIKE] label=gameplay frame=3679 upload=7.184ms

[2026-04-03 10:45:29.965] [info] RAYLIB: TEXTURE: [ID 20] Texture loaded successfully (48x48 | R8G8B8A8 | 1 mipmaps)
[2026-04-03 10:45:29.965] [info] RAYLIB: FBO: [ID 4] Unloaded framebuffer from VRAM (GPU)
[2026-04-03 10:45:29.965] [info] RAYLIB: TEXTURE: [ID 19] Pixel data retrieved successfully
[2026-04-03 10:45:29.967] [info] RAYLIB: TEXTURE: [ID 21] Texture loaded successfully (48x48 | R8G8B8A8 | 1 mipmaps)
[2026-04-03 10:45:30.320] [debug] [MUSIC_UPLOAD_SPIKE] label=gameplay frame=3707 upload=8.465ms

[2026-04-03 10:45:30.545] [debug] [ENEMY_UNCOUPLE] entries=0 reentryResets=0(0.0%) reason{frontal=0 separation=0 wallContact=0}
[2026-04-03 10:45:30.545] [debug] [ENEMY_KILL_DEBUG] enemyEnemy{events=0 frontal=0 separation=0 reenterEither=0 reenterBoth=0 wallContact=0 dist[min=0.000 avg=0.000 max=0.000]}
[2026-04-03 10:45:30.545] [debug] [ENEMY_ASSASSIN_CHEAP_RECOVERY] failByStage{s0=0 s1=0 s2=0} recoverByStage{s0=0 s1=0 s2=0} emergency{attempt=0 success=0} noFlowSkips=0
[2026-04-03 10:45:30.545] [debug] [ENEMY_ASSASSIN_WALL_ENTRIES] byPhase{cheap=0 uncouple=0 full=0}
[2026-04-03 10:45:30.545] [debug] [ENEMY_KILL_DEBUG_COLLISION] projectile{kills=1 wallContact=0}
[2026-04-03 10:45:30.938] [info] RAYLIB: TEXTURE: [ID 21] Unloaded texture data from VRAM (GPU)
[2026-04-03 10:45:30.938] [info] RAYLIB: FBO: [ID 4] Unloaded framebuffer from VRAM (GPU)
[2026-04-03 10:45:30.938] [info] RAYLIB: TEXTURE: [ID 19] Pixel data retrieved successfully
[2026-04-03 10:45:30.940] [info] RAYLIB: TEXTURE: [ID 21] Texture loaded successfully (48x48 | R8G8B8A8 | 1 mipmaps)
[2026-04-03 10:45:31.339] [debug] [MUSIC_UPLOAD_SPIKE] label=gameplay frame=3762 upload=7.256ms

[2026-04-03 10:45:31.626] [info] RAYLIB: TEXTURE: [ID 21] Unloaded texture data from VRAM (GPU)
[2026-04-03 10:45:31.627] [info] RAYLIB: FBO: [ID 4] Unloaded framebuffer from VRAM (GPU)
[2026-04-03 10:45:31.627] [info] RAYLIB: TEXTURE: [ID 19] Pixel data retrieved successfully
[2026-04-03 10:45:31.628] [info] RAYLIB: TEXTURE: [ID 21] Texture loaded successfully (48x48 | R8G8B8A8 | 1 mipmaps)
[2026-04-03 10:45:31.849] [debug] [MUSIC_UPLOAD_SPIKE] label=gameplay frame=3790 upload=6.957ms

[2026-04-03 10:45:31.857] [info] RAYLIB: TEXTURE: [ID 21] Unloaded texture data from VRAM (GPU)
[2026-04-03 10:45:31.858] [info] RAYLIB: FBO: [ID 4] Unloaded framebuffer from VRAM (GPU)
[2026-04-03 10:45:31.858] [info] RAYLIB: TEXTURE: [ID 19] Pixel data retrieved successfully
[2026-04-03 10:45:31.859] [info] RAYLIB: TEXTURE: [ID 21] Texture loaded successfully (48x48 | R8G8B8A8 | 1 mipmaps)
[2026-04-03 10:45:32.085] [info] RAYLIB: TEXTURE: [ID 21] Unloaded texture data from VRAM (GPU)
[2026-04-03 10:45:32.085] [info] RAYLIB: FBO: [ID 4] Unloaded framebuffer from VRAM (GPU)
[2026-04-03 10:45:32.086] [info] RAYLIB: TEXTURE: [ID 19] Pixel data retrieved successfully
[2026-04-03 10:45:32.087] [info] RAYLIB: TEXTURE: [ID 21] Texture loaded successfully (48x48 | R8G8B8A8 | 1 mipmaps)
[2026-04-03 10:45:32.318] [info] RAYLIB: TEXTURE: [ID 21] Unloaded texture data from VRAM (GPU)
[2026-04-03 10:45:32.318] [info] RAYLIB: FBO: [ID 4] Unloaded framebuffer from VRAM (GPU)
[2026-04-03 10:45:32.318] [info] RAYLIB: TEXTURE: [ID 19] Pixel data retrieved successfully
[2026-04-03 10:45:32.319] [info] RAYLIB: TEXTURE: [ID 21] Texture loaded successfully (48x48 | R8G8B8A8 | 1 mipmaps)
[2026-04-03 10:45:32.552] [info] RAYLIB: TEXTURE: [ID 21] Unloaded texture data from VRAM (GPU)
[2026-04-03 10:45:32.552] [info] RAYLIB: FBO: [ID 4] Unloaded framebuffer from VRAM (GPU)
[2026-04-03 10:45:32.552] [info] RAYLIB: TEXTURE: [ID 19] Pixel data retrieved successfully
[2026-04-03 10:45:32.554] [info] RAYLIB: TEXTURE: [ID 21] Texture loaded successfully (48x48 | R8G8B8A8 | 1 mipmaps)
[2026-04-03 10:45:32.785] [debug] [ENEMY_UNCOUPLE] entries=0 reentryResets=0(0.0%) reason{frontal=0 separation=0 wallContact=0}
[2026-04-03 10:45:32.785] [debug] [ENEMY_KILL_DEBUG] enemyEnemy{events=0 frontal=0 separation=0 reenterEither=0 reenterBoth=0 wallContact=0 dist[min=0.000 avg=0.000 max=0.000]}
[2026-04-03 10:45:32.785] [debug] [ENEMY_ASSASSIN_CHEAP_RECOVERY] failByStage{s0=0 s1=0 s2=0} recoverByStage{s0=0 s1=0 s2=0} emergency{attempt=0 success=0} noFlowSkips=0
[2026-04-03 10:45:32.785] [debug] [ENEMY_ASSASSIN_WALL_ENTRIES] byPhase{cheap=0 uncouple=0 full=0}
[2026-04-03 10:45:32.785] [debug] [ENEMY_KILL_DEBUG_COLLISION] projectile{kills=0 wallContact=0}
[2026-04-03 10:45:32.789] [info] RAYLIB: TEXTURE: [ID 21] Unloaded texture data from VRAM (GPU)
[2026-04-03 10:45:32.789] [info] RAYLIB: FBO: [ID 4] Unloaded framebuffer from VRAM (GPU)
[2026-04-03 10:45:32.789] [info] RAYLIB: TEXTURE: [ID 19] Pixel data retrieved successfully
[2026-04-03 10:45:32.790] [info] RAYLIB: TEXTURE: [ID 21] Texture loaded successfully (48x48 | R8G8B8A8 | 1 mipmaps)
[2026-04-03 10:45:32.876] [debug] [MUSIC_UPLOAD_SPIKE] label=gameplay frame=3844 upload=9.804ms

[2026-04-03 10:45:32.987] [debug] [NAV] BaseDistanceField rebuild 60x60 cells in 9.837 ms
[2026-04-03 10:45:32.991] [debug] [NAV] BaseFlowField rebuild 60x60 cells in 4.233 ms
[2026-04-03 10:45:33.003] [info] RAYLIB: TEXTURE: [ID 21] Unloaded texture data from VRAM (GPU)
[2026-04-03 10:45:33.663] [debug] [MUSIC_UPLOAD_SPIKE] label=gameplay frame=3886 upload=8.561ms

[2026-04-03 10:45:34.177] [debug] [MUSIC_UPLOAD_SPIKE] label=gameplay frame=3912 upload=9.959ms

[2026-04-03 10:45:34.685] [debug] [MUSIC_UPLOAD_SPIKE] label=gameplay frame=3940 upload=8.583ms

[2026-04-03 10:45:35.059] [debug] [ENEMY_UNCOUPLE] entries=0 reentryResets=0(0.0%) reason{frontal=0 separation=0 wallContact=0}
[2026-04-03 10:45:35.059] [debug] [ENEMY_KILL_DEBUG] enemyEnemy{events=0 frontal=0 separation=0 reenterEither=0 reenterBoth=0 wallContact=0 dist[min=0.000 avg=0.000 max=0.000]}
[2026-04-03 10:45:35.059] [debug] [ENEMY_ASSASSIN_CHEAP_RECOVERY] failByStage{s0=0 s1=0 s2=0} recoverByStage{s0=0 s1=0 s2=0} emergency{attempt=0 success=0} noFlowSkips=0
[2026-04-03 10:45:35.059] [debug] [ENEMY_ASSASSIN_WALL_ENTRIES] byPhase{cheap=0 uncouple=0 full=0}
[2026-04-03 10:45:35.060] [debug] [ENEMY_KILL_DEBUG_COLLISION] projectile{kills=0 wallContact=0}
[2026-04-03 10:45:35.196] [debug] [MUSIC_UPLOAD_SPIKE] label=gameplay frame=3967 upload=8.541ms

[2026-04-03 10:45:35.707] [debug] [MUSIC_UPLOAD_SPIKE] label=gameplay frame=3995 upload=8.443ms

[2026-04-03 10:45:36.731] [debug] [MUSIC_UPLOAD_SPIKE] label=gameplay frame=4052 upload=9.498ms

[2026-04-03 10:45:37.227] [debug] [ENEMY_UNCOUPLE] entries=0 reentryResets=0(0.0%) reason{frontal=0 separation=0 wallContact=0}
[2026-04-03 10:45:37.227] [debug] [ENEMY_KILL_DEBUG] enemyEnemy{events=0 frontal=0 separation=0 reenterEither=0 reenterBoth=0 wallContact=0 dist[min=0.000 avg=0.000 max=0.000]}
[2026-04-03 10:45:37.227] [debug] [ENEMY_ASSASSIN_CHEAP_RECOVERY] failByStage{s0=0 s1=0 s2=0} recoverByStage{s0=0 s1=0 s2=0} emergency{attempt=0 success=0} noFlowSkips=0
[2026-04-03 10:45:37.227] [debug] [ENEMY_ASSASSIN_WALL_ENTRIES] byPhase{cheap=0 uncouple=0 full=0}
[2026-04-03 10:45:37.228] [debug] [ENEMY_KILL_DEBUG_COLLISION] projectile{kills=0 wallContact=0}
[2026-04-03 10:45:37.747] [debug] [MUSIC_UPLOAD_SPIKE] label=gameplay frame=4109 upload=7.169ms

[2026-04-03 10:45:39.379] [debug] [ENEMY_UNCOUPLE] entries=0 reentryResets=0(0.0%) reason{frontal=0 separation=0 wallContact=0}
[2026-04-03 10:45:39.379] [debug] [ENEMY_KILL_DEBUG] enemyEnemy{events=0 frontal=0 separation=0 reenterEither=0 reenterBoth=0 wallContact=0 dist[min=0.000 avg=0.000 max=0.000]}
[2026-04-03 10:45:39.379] [debug] [ENEMY_ASSASSIN_CHEAP_RECOVERY] failByStage{s0=0 s1=0 s2=0} recoverByStage{s0=0 s1=0 s2=0} emergency{attempt=0 success=0} noFlowSkips=0
[2026-04-03 10:45:39.379] [debug] [ENEMY_ASSASSIN_WALL_ENTRIES] byPhase{cheap=0 uncouple=0 full=0}
[2026-04-03 10:45:39.379] [debug] [ENEMY_KILL_DEBUG_COLLISION] projectile{kills=1 wallContact=0}
[2026-04-03 10:45:41.431] [debug] [ENEMY_UNCOUPLE] entries=0 reentryResets=0(0.0%) reason{frontal=0 separation=0 wallContact=0}
[2026-04-03 10:45:41.432] [debug] [ENEMY_KILL_DEBUG] enemyEnemy{events=0 frontal=0 separation=0 reenterEither=0 reenterBoth=0 wallContact=0 dist[min=0.000 avg=0.000 max=0.000]}
[2026-04-03 10:45:41.432] [debug] [ENEMY_ASSASSIN_CHEAP_RECOVERY] failByStage{s0=0 s1=0 s2=0} recoverByStage{s0=0 s1=0 s2=0} emergency{attempt=0 success=0} noFlowSkips=0
[2026-04-03 10:45:41.432] [debug] [ENEMY_ASSASSIN_WALL_ENTRIES] byPhase{cheap=0 uncouple=0 full=0}
[2026-04-03 10:45:41.432] [debug] [ENEMY_KILL_DEBUG_COLLISION] projectile{kills=0 wallContact=0}
[2026-04-03 10:45:43.475] [debug] [ENEMY_UNCOUPLE] entries=0 reentryResets=0(0.0%) reason{frontal=0 separation=0 wallContact=0}
[2026-04-03 10:45:43.475] [debug] [ENEMY_KILL_DEBUG] enemyEnemy{events=0 frontal=0 separation=0 reenterEither=0 reenterBoth=0 wallContact=0 dist[min=0.000 avg=0.000 max=0.000]}
[2026-04-03 10:45:43.475] [debug] [ENEMY_ASSASSIN_CHEAP_RECOVERY] failByStage{s0=0 s1=0 s2=0} recoverByStage{s0=0 s1=0 s2=0} emergency{attempt=0 success=0} noFlowSkips=0
[2026-04-03 10:45:43.475] [debug] [ENEMY_ASSASSIN_WALL_ENTRIES] byPhase{cheap=0 uncouple=0 full=0}
[2026-04-03 10:45:43.475] [debug] [ENEMY_KILL_DEBUG_COLLISION] projectile{kills=0 wallContact=0}
[2026-04-03 10:45:45.526] [debug] [ENEMY_UNCOUPLE] entries=0 reentryResets=0(0.0%) reason{frontal=0 separation=0 wallContact=0}
[2026-04-03 10:45:45.526] [debug] [ENEMY_KILL_DEBUG] enemyEnemy{events=0 frontal=0 separation=0 reenterEither=0 reenterBoth=0 wallContact=0 dist[min=0.000 avg=0.000 max=0.000]}
[2026-04-03 10:45:45.526] [debug] [ENEMY_ASSASSIN_CHEAP_RECOVERY] failByStage{s0=0 s1=0 s2=0} recoverByStage{s0=0 s1=0 s2=0} emergency{attempt=0 success=0} noFlowSkips=0
[2026-04-03 10:45:45.526] [debug] [ENEMY_ASSASSIN_WALL_ENTRIES] byPhase{cheap=0 uncouple=0 full=0}
[2026-04-03 10:45:45.526] [debug] [ENEMY_KILL_DEBUG_COLLISION] projectile{kills=0 wallContact=0}
[2026-04-03 10:45:47.645] [debug] [ENEMY_UNCOUPLE] entries=0 reentryResets=0(0.0%) reason{frontal=0 separation=0 wallContact=0}
[2026-04-03 10:45:47.645] [debug] [ENEMY_KILL_DEBUG] enemyEnemy{events=0 frontal=0 separation=0 reenterEither=0 reenterBoth=0 wallContact=0 dist[min=0.000 avg=0.000 max=0.000]}
[2026-04-03 10:45:47.645] [debug] [ENEMY_ASSASSIN_CHEAP_RECOVERY] failByStage{s0=0 s1=0 s2=0} recoverByStage{s0=0 s1=0 s2=0} emergency{attempt=0 success=0} noFlowSkips=0
[2026-04-03 10:45:47.645] [debug] [ENEMY_ASSASSIN_WALL_ENTRIES] byPhase{cheap=0 uncouple=0 full=0}
[2026-04-03 10:45:47.646] [debug] [ENEMY_KILL_DEBUG_COLLISION] projectile{kills=1 wallContact=0}
[2026-04-03 10:45:47.731] [debug] [MUSIC_UPLOAD_SPIKE] label=gameplay frame=4684 upload=6.504ms

[2026-04-03 10:45:49.519] [debug] [MUSIC_UPLOAD_SPIKE] label=gameplay frame=4785 upload=6.969ms

[2026-04-03 10:45:49.584] [info] RAYLIB: FBO: [ID 4] Unloaded framebuffer from VRAM (GPU)
[2026-04-03 10:45:49.584] [info] RAYLIB: TEXTURE: [ID 19] Pixel data retrieved successfully
[2026-04-03 10:45:49.586] [info] RAYLIB: TEXTURE: [ID 21] Texture loaded successfully (48x48 | R8G8B8A8 | 1 mipmaps)
[2026-04-03 10:45:49.809] [debug] [ENEMY_UNCOUPLE] entries=0 reentryResets=0(0.0%) reason{frontal=0 separation=0 wallContact=0}
[2026-04-03 10:45:49.809] [debug] [ENEMY_KILL_DEBUG] enemyEnemy{events=0 frontal=0 separation=0 reenterEither=0 reenterBoth=0 wallContact=0 dist[min=0.000 avg=0.000 max=0.000]}
[2026-04-03 10:45:49.809] [debug] [ENEMY_ASSASSIN_CHEAP_RECOVERY] failByStage{s0=0 s1=0 s2=0} recoverByStage{s0=0 s1=0 s2=0} emergency{attempt=0 success=0} noFlowSkips=0
[2026-04-03 10:45:49.809] [debug] [ENEMY_ASSASSIN_WALL_ENTRIES] byPhase{cheap=0 uncouple=0 full=0}
[2026-04-03 10:45:49.809] [debug] [ENEMY_KILL_DEBUG_COLLISION] projectile{kills=1 wallContact=0}
[2026-04-03 10:45:50.035] [debug] [MUSIC_UPLOAD_SPIKE] label=gameplay frame=4811 upload=9.602ms

[2026-04-03 10:45:50.543] [debug] [MUSIC_UPLOAD_SPIKE] label=gameplay frame=4837 upload=8.187ms

[2026-04-03 10:45:50.928] [debug] [ENEMY_UNCOUPLE_EVENT] id=83 reason=wallContact alreadyUncouple=0 timerBeforeReset=0.000 movedLastFrame=0.008 pos=(81.00,143.50) headingBefore=3.142 desiredHeading=3.142 leader=83 preMode=0
[2026-04-03 10:45:51.057] [debug] [MUSIC_UPLOAD_SPIKE] label=gameplay frame=4865 upload=9.522ms

[2026-04-03 10:45:52.076] [debug] [MUSIC_UPLOAD_SPIKE] label=gameplay frame=4919 upload=8.114ms

[2026-04-03 10:45:52.090] [debug] [ENEMY_UNCOUPLE] entries=1 reentryResets=0(0.0%) reason{frontal=0 separation=0 wallContact=1}
[2026-04-03 10:45:52.090] [debug] [ENEMY_KILL_DEBUG] enemyEnemy{events=0 frontal=0 separation=0 reenterEither=0 reenterBoth=0 wallContact=0 dist[min=0.000 avg=0.000 max=0.000]}
[2026-04-03 10:45:52.090] [debug] [ENEMY_ASSASSIN_CHEAP_RECOVERY] failByStage{s0=0 s1=0 s2=0} recoverByStage{s0=0 s1=0 s2=0} emergency{attempt=0 success=0} noFlowSkips=0
[2026-04-03 10:45:52.090] [debug] [ENEMY_ASSASSIN_WALL_ENTRIES] byPhase{cheap=0 uncouple=0 full=0}
[2026-04-03 10:45:52.091] [debug] [ENEMY_KILL_DEBUG_COLLISION] projectile{kills=1 wallContact=0}
[2026-04-03 10:45:53.587] [info] RAYLIB: TEXTURE: [ID 21] Unloaded texture data from VRAM (GPU)
[2026-04-03 10:45:53.608] [debug] [MUSIC_UPLOAD_SPIKE] label=gameplay frame=5003 upload=8.169ms

[2026-04-03 10:45:53.887] [debug] [MUSIC_UPLOAD_SPIKE] label=gameplay frame=5018 upload=7.616ms

[2026-04-03 10:45:54.308] [debug] [ENEMY_UNCOUPLE] entries=0 reentryResets=0(0.0%) reason{frontal=0 separation=0 wallContact=0}
[2026-04-03 10:45:54.308] [debug] [ENEMY_KILL_DEBUG] enemyEnemy{events=0 frontal=0 separation=0 reenterEither=0 reenterBoth=0 wallContact=0 dist[min=0.000 avg=0.000 max=0.000]}
[2026-04-03 10:45:54.308] [debug] [ENEMY_ASSASSIN_CHEAP_RECOVERY] failByStage{s0=0 s1=0 s2=0} recoverByStage{s0=0 s1=0 s2=0} emergency{attempt=0 success=0} noFlowSkips=0
[2026-04-03 10:45:54.308] [debug] [ENEMY_ASSASSIN_WALL_ENTRIES] byPhase{cheap=0 uncouple=0 full=0}
[2026-04-03 10:45:54.309] [debug] [ENEMY_KILL_DEBUG_COLLISION] projectile{kills=0 wallContact=0}
[2026-04-03 10:45:54.643] [debug] [ENEMY_UNCOUPLE_EVENT] id=25 reason=wallContact alreadyUncouple=0 timerBeforeReset=0.000 movedLastFrame=0.017 pos=(60.00,160.99) headingBefore=3.142 desiredHeading=3.142 leader=25 preMode=0
[2026-04-03 10:45:54.909] [debug] [MUSIC_UPLOAD_SPIKE] label=gameplay frame=5070 upload=7.818ms

[2026-04-03 10:45:55.418] [debug] [MUSIC_UPLOAD_SPIKE] label=gameplay frame=5097 upload=7.199ms

[2026-04-03 10:45:56.521] [debug] [ENEMY_UNCOUPLE] entries=1 reentryResets=0(0.0%) reason{frontal=0 separation=0 wallContact=1}
[2026-04-03 10:45:56.521] [debug] [ENEMY_KILL_DEBUG] enemyEnemy{events=0 frontal=0 separation=0 reenterEither=0 reenterBoth=0 wallContact=0 dist[min=0.000 avg=0.000 max=0.000]}
[2026-04-03 10:45:56.521] [debug] [ENEMY_ASSASSIN_CHEAP_RECOVERY] failByStage{s0=0 s1=0 s2=0} recoverByStage{s0=0 s1=0 s2=0} emergency{attempt=0 success=0} noFlowSkips=0
[2026-04-03 10:45:56.521] [debug] [ENEMY_ASSASSIN_WALL_ENTRIES] byPhase{cheap=0 uncouple=0 full=0}
[2026-04-03 10:45:56.521] [debug] [ENEMY_KILL_DEBUG_COLLISION] projectile{kills=2 wallContact=0}
[2026-04-03 10:45:56.693] [debug] [MUSIC_UPLOAD_SPIKE] label=gameplay frame=5169 upload=6.822ms

[2026-04-03 10:45:57.944] [debug] [FLOW] Respawn: invisibility=0 hasFlowConsumers=0 shouldHaveFlowActive=0
[2026-04-03 10:45:57.964] [debug] [FLOW] OnPlayerCellChanged: skip (cacheActive=false) cell=42,52
[2026-04-03 10:45:57.980] [debug] [FLOW] OnPlayerCellChanged: skip (cacheActive=false) cell=42,52
[2026-04-03 10:45:57.998] [debug] [FLOW] OnPlayerCellChanged: skip (cacheActive=false) cell=42,52
[2026-04-03 10:45:58.634] [debug] [ENEMY_UNCOUPLE] entries=0 reentryResets=0(0.0%) reason{frontal=0 separation=0 wallContact=0}
[2026-04-03 10:45:58.635] [debug] [ENEMY_KILL_DEBUG] enemyEnemy{events=0 frontal=0 separation=0 reenterEither=0 reenterBoth=0 wallContact=0 dist[min=0.000 avg=0.000 max=0.000]}
[2026-04-03 10:45:58.635] [debug] [ENEMY_ASSASSIN_CHEAP_RECOVERY] failByStage{s0=0 s1=0 s2=0} recoverByStage{s0=0 s1=0 s2=0} emergency{attempt=0 success=0} noFlowSkips=0
[2026-04-03 10:45:58.635] [debug] [ENEMY_ASSASSIN_WALL_ENTRIES] byPhase{cheap=0 uncouple=0 full=0}
[2026-04-03 10:45:58.635] [debug] [ENEMY_KILL_DEBUG_COLLISION] projectile{kills=0 wallContact=0}
[2026-04-03 10:46:00.676] [debug] [ENEMY_UNCOUPLE] entries=0 reentryResets=0(0.0%) reason{frontal=0 separation=0 wallContact=0}
[2026-04-03 10:46:00.676] [debug] [ENEMY_KILL_DEBUG] enemyEnemy{events=0 frontal=0 separation=0 reenterEither=0 reenterBoth=0 wallContact=0 dist[min=0.000 avg=0.000 max=0.000]}
[2026-04-03 10:46:00.676] [debug] [ENEMY_ASSASSIN_CHEAP_RECOVERY] failByStage{s0=0 s1=0 s2=0} recoverByStage{s0=0 s1=0 s2=0} emergency{attempt=0 success=0} noFlowSkips=0
[2026-04-03 10:46:00.677] [debug] [ENEMY_ASSASSIN_WALL_ENTRIES] byPhase{cheap=0 uncouple=0 full=0}
[2026-04-03 10:46:00.677] [debug] [ENEMY_KILL_DEBUG_COLLISION] projectile{kills=0 wallContact=0}
[2026-04-03 10:46:02.719] [debug] [ENEMY_UNCOUPLE] entries=0 reentryResets=0(0.0%) reason{frontal=0 separation=0 wallContact=0}
[2026-04-03 10:46:02.719] [debug] [ENEMY_KILL_DEBUG] enemyEnemy{events=0 frontal=0 separation=0 reenterEither=0 reenterBoth=0 wallContact=0 dist[min=0.000 avg=0.000 max=0.000]}
[2026-04-03 10:46:02.719] [debug] [ENEMY_ASSASSIN_CHEAP_RECOVERY] failByStage{s0=0 s1=0 s2=0} recoverByStage{s0=0 s1=0 s2=0} emergency{attempt=0 success=0} noFlowSkips=0
[2026-04-03 10:46:02.719] [debug] [ENEMY_ASSASSIN_WALL_ENTRIES] byPhase{cheap=0 uncouple=0 full=0}
[2026-04-03 10:46:02.720] [debug] [ENEMY_KILL_DEBUG_COLLISION] projectile{kills=0 wallContact=0}
[2026-04-03 10:46:04.762] [debug] [ENEMY_UNCOUPLE] entries=0 reentryResets=0(0.0%) reason{frontal=0 separation=0 wallContact=0}
[2026-04-03 10:46:04.762] [debug] [ENEMY_KILL_DEBUG] enemyEnemy{events=0 frontal=0 separation=0 reenterEither=0 reenterBoth=0 wallContact=0 dist[min=0.000 avg=0.000 max=0.000]}
[2026-04-03 10:46:04.762] [debug] [ENEMY_ASSASSIN_CHEAP_RECOVERY] failByStage{s0=0 s1=0 s2=0} recoverByStage{s0=0 s1=0 s2=0} emergency{attempt=0 success=0} noFlowSkips=0
[2026-04-03 10:46:04.762] [debug] [ENEMY_ASSASSIN_WALL_ENTRIES] byPhase{cheap=0 uncouple=0 full=0}
[2026-04-03 10:46:04.762] [debug] [ENEMY_KILL_DEBUG_COLLISION] projectile{kills=0 wallContact=0}
[2026-04-03 10:46:06.809] [debug] [ENEMY_UNCOUPLE] entries=0 reentryResets=0(0.0%) reason{frontal=0 separation=0 wallContact=0}
[2026-04-03 10:46:06.809] [debug] [ENEMY_KILL_DEBUG] enemyEnemy{events=0 frontal=0 separation=0 reenterEither=0 reenterBoth=0 wallContact=0 dist[min=0.000 avg=0.000 max=0.000]}
[2026-04-03 10:46:06.809] [debug] [ENEMY_ASSASSIN_CHEAP_RECOVERY] failByStage{s0=0 s1=0 s2=0} recoverByStage{s0=0 s1=0 s2=0} emergency{attempt=0 success=0} noFlowSkips=0
[2026-04-03 10:46:06.810] [debug] [ENEMY_ASSASSIN_WALL_ENTRIES] byPhase{cheap=0 uncouple=0 full=0}
[2026-04-03 10:46:06.810] [debug] [ENEMY_KILL_DEBUG_COLLISION] projectile{kills=0 wallContact=0}
[2026-04-03 10:46:08.910] [debug] [ENEMY_UNCOUPLE] entries=0 reentryResets=0(0.0%) reason{frontal=0 separation=0 wallContact=0}
[2026-04-03 10:46:08.910] [debug] [ENEMY_KILL_DEBUG] enemyEnemy{events=0 frontal=0 separation=0 reenterEither=0 reenterBoth=0 wallContact=0 dist[min=0.000 avg=0.000 max=0.000]}
[2026-04-03 10:46:08.911] [debug] [ENEMY_ASSASSIN_CHEAP_RECOVERY] failByStage{s0=0 s1=0 s2=0} recoverByStage{s0=0 s1=0 s2=0} emergency{attempt=0 success=0} noFlowSkips=0
[2026-04-03 10:46:08.911] [debug] [ENEMY_ASSASSIN_WALL_ENTRIES] byPhase{cheap=0 uncouple=0 full=0}
[2026-04-03 10:46:08.911] [debug] [ENEMY_KILL_DEBUG_COLLISION] projectile{kills=1 wallContact=0}
[2026-04-03 10:46:11.024] [debug] [ENEMY_UNCOUPLE] entries=0 reentryResets=0(0.0%) reason{frontal=0 separation=0 wallContact=0}
[2026-04-03 10:46:11.024] [debug] [ENEMY_KILL_DEBUG] enemyEnemy{events=0 frontal=0 separation=0 reenterEither=0 reenterBoth=0 wallContact=0 dist[min=0.000 avg=0.000 max=0.000]}
[2026-04-03 10:46:11.024] [debug] [ENEMY_ASSASSIN_CHEAP_RECOVERY] failByStage{s0=0 s1=0 s2=0} recoverByStage{s0=0 s1=0 s2=0} emergency{attempt=0 success=0} noFlowSkips=0
[2026-04-03 10:46:11.024] [debug] [ENEMY_ASSASSIN_WALL_ENTRIES] byPhase{cheap=0 uncouple=0 full=0}
[2026-04-03 10:46:11.024] [debug] [ENEMY_KILL_DEBUG_COLLISION] projectile{kills=0 wallContact=0}
[2026-04-03 10:46:13.087] [debug] [ENEMY_UNCOUPLE] entries=0 reentryResets=0(0.0%) reason{frontal=0 separation=0 wallContact=0}
[2026-04-03 10:46:13.088] [debug] [ENEMY_KILL_DEBUG] enemyEnemy{events=0 frontal=0 separation=0 reenterEither=0 reenterBoth=0 wallContact=0 dist[min=0.000 avg=0.000 max=0.000]}
[2026-04-03 10:46:13.088] [debug] [ENEMY_ASSASSIN_CHEAP_RECOVERY] failByStage{s0=0 s1=0 s2=0} recoverByStage{s0=0 s1=0 s2=0} emergency{attempt=0 success=0} noFlowSkips=0
[2026-04-03 10:46:13.088] [debug] [ENEMY_ASSASSIN_WALL_ENTRIES] byPhase{cheap=0 uncouple=0 full=0}
[2026-04-03 10:46:13.088] [debug] [ENEMY_KILL_DEBUG_COLLISION] projectile{kills=0 wallContact=0}
[2026-04-03 10:46:13.574] [debug] [MUSIC_UPLOAD_SPIKE] label=gameplay frame=6146 upload=6.917ms

[2026-04-03 10:46:14.090] [debug] [MUSIC_UPLOAD_SPIKE] label=gameplay frame=6173 upload=9.479ms

[2026-04-03 10:46:14.369] [debug] [MUSIC_UPLOAD_SPIKE] label=gameplay frame=6187 upload=9.671ms

[2026-04-03 10:46:15.381] [debug] [ENEMY_UNCOUPLE] entries=0 reentryResets=0(0.0%) reason{frontal=0 separation=0 wallContact=0}
[2026-04-03 10:46:15.381] [debug] [ENEMY_KILL_DEBUG] enemyEnemy{events=0 frontal=0 separation=0 reenterEither=0 reenterBoth=0 wallContact=0 dist[min=0.000 avg=0.000 max=0.000]}
[2026-04-03 10:46:15.381] [debug] [ENEMY_ASSASSIN_CHEAP_RECOVERY] failByStage{s0=0 s1=0 s2=0} recoverByStage{s0=0 s1=0 s2=0} emergency{attempt=0 success=0} noFlowSkips=0
[2026-04-03 10:46:15.381] [debug] [ENEMY_ASSASSIN_WALL_ENTRIES] byPhase{cheap=0 uncouple=0 full=0}
[2026-04-03 10:46:15.381] [debug] [ENEMY_KILL_DEBUG_COLLISION] projectile{kills=1 wallContact=0}
[2026-04-03 10:46:16.917] [debug] [MUSIC_UPLOAD_SPIKE] label=gameplay frame=6320 upload=6.833ms

[2026-04-03 10:46:17.428] [debug] [MUSIC_UPLOAD_SPIKE] label=gameplay frame=6348 upload=6.741ms

[2026-04-03 10:46:17.637] [debug] [ENEMY_UNCOUPLE] entries=0 reentryResets=0(0.0%) reason{frontal=0 separation=0 wallContact=0}
[2026-04-03 10:46:17.637] [debug] [ENEMY_KILL_DEBUG] enemyEnemy{events=0 frontal=0 separation=0 reenterEither=0 reenterBoth=0 wallContact=0 dist[min=0.000 avg=0.000 max=0.000]}
[2026-04-03 10:46:17.637] [debug] [ENEMY_ASSASSIN_CHEAP_RECOVERY] failByStage{s0=0 s1=0 s2=0} recoverByStage{s0=0 s1=0 s2=0} emergency{attempt=0 success=0} noFlowSkips=0
[2026-04-03 10:46:17.637] [debug] [ENEMY_ASSASSIN_WALL_ENTRIES] byPhase{cheap=0 uncouple=0 full=0}
[2026-04-03 10:46:17.637] [debug] [ENEMY_KILL_DEBUG_COLLISION] projectile{kills=0 wallContact=0}
[2026-04-03 10:46:17.942] [debug] [MUSIC_UPLOAD_SPIKE] label=gameplay frame=6376 upload=8.154ms

[2026-04-03 10:46:18.969] [debug] [MUSIC_UPLOAD_SPIKE] label=gameplay frame=6429 upload=10.908ms

[2026-04-03 10:46:20.038] [debug] [ENEMY_UNCOUPLE] entries=0 reentryResets=0(0.0%) reason{frontal=0 separation=0 wallContact=0}
[2026-04-03 10:46:20.038] [debug] [ENEMY_KILL_DEBUG] enemyEnemy{events=0 frontal=0 separation=0 reenterEither=0 reenterBoth=0 wallContact=0 dist[min=0.000 avg=0.000 max=0.000]}
[2026-04-03 10:46:20.038] [debug] [ENEMY_ASSASSIN_CHEAP_RECOVERY] failByStage{s0=0 s1=0 s2=0} recoverByStage{s0=0 s1=0 s2=0} emergency{attempt=0 success=0} noFlowSkips=0
[2026-04-03 10:46:20.038] [debug] [ENEMY_ASSASSIN_WALL_ENTRIES] byPhase{cheap=0 uncouple=0 full=0}
[2026-04-03 10:46:20.038] [debug] [ENEMY_KILL_DEBUG_COLLISION] projectile{kills=2 wallContact=0}
[2026-04-03 10:46:20.496] [debug] [MUSIC_UPLOAD_SPIKE] label=gameplay frame=6503 upload=8.625ms

[2026-04-03 10:46:22.165] [debug] [ENEMY_UNCOUPLE] entries=0 reentryResets=0(0.0%) reason{frontal=0 separation=0 wallContact=0}
[2026-04-03 10:46:22.165] [debug] [ENEMY_KILL_DEBUG] enemyEnemy{events=0 frontal=0 separation=0 reenterEither=0 reenterBoth=0 wallContact=0 dist[min=0.000 avg=0.000 max=0.000]}
[2026-04-03 10:46:22.165] [debug] [ENEMY_ASSASSIN_CHEAP_RECOVERY] failByStage{s0=0 s1=0 s2=0} recoverByStage{s0=0 s1=0 s2=0} emergency{attempt=0 success=0} noFlowSkips=0
[2026-04-03 10:46:22.165] [debug] [ENEMY_ASSASSIN_WALL_ENTRIES] byPhase{cheap=0 uncouple=0 full=0}
[2026-04-03 10:46:22.165] [debug] [ENEMY_KILL_DEBUG_COLLISION] projectile{kills=0 wallContact=0}
[2026-04-03 10:46:22.705] [debug] [FLOW] Respawn: invisibility=0 hasFlowConsumers=0 shouldHaveFlowActive=0
[2026-04-03 10:46:22.717] [debug] [FLOW] OnPlayerCellChanged: skip (cacheActive=false) cell=42,45
[2026-04-03 10:46:22.734] [debug] [FLOW] OnPlayerCellChanged: skip (cacheActive=false) cell=42,45
[2026-04-03 10:46:22.752] [debug] [FLOW] OnPlayerCellChanged: skip (cacheActive=false) cell=42,45
[2026-04-03 10:46:24.208] [debug] [ENEMY_UNCOUPLE] entries=0 reentryResets=0(0.0%) reason{frontal=0 separation=0 wallContact=0}
[2026-04-03 10:46:24.208] [debug] [ENEMY_KILL_DEBUG] enemyEnemy{events=0 frontal=0 separation=0 reenterEither=0 reenterBoth=0 wallContact=0 dist[min=0.000 avg=0.000 max=0.000]}
[2026-04-03 10:46:24.208] [debug] [ENEMY_ASSASSIN_CHEAP_RECOVERY] failByStage{s0=0 s1=0 s2=0} recoverByStage{s0=0 s1=0 s2=0} emergency{attempt=0 success=0} noFlowSkips=0
[2026-04-03 10:46:24.208] [debug] [ENEMY_ASSASSIN_WALL_ENTRIES] byPhase{cheap=0 uncouple=0 full=0}
[2026-04-03 10:46:24.209] [debug] [ENEMY_KILL_DEBUG_COLLISION] projectile{kills=0 wallContact=0}
[2026-04-03 10:46:26.263] [debug] [ENEMY_UNCOUPLE] entries=0 reentryResets=0(0.0%) reason{frontal=0 separation=0 wallContact=0}
[2026-04-03 10:46:26.263] [debug] [ENEMY_KILL_DEBUG] enemyEnemy{events=0 frontal=0 separation=0 reenterEither=0 reenterBoth=0 wallContact=0 dist[min=0.000 avg=0.000 max=0.000]}
[2026-04-03 10:46:26.263] [debug] [ENEMY_ASSASSIN_CHEAP_RECOVERY] failByStage{s0=0 s1=0 s2=0} recoverByStage{s0=0 s1=0 s2=0} emergency{attempt=0 success=0} noFlowSkips=0
[2026-04-03 10:46:26.263] [debug] [ENEMY_ASSASSIN_WALL_ENTRIES] byPhase{cheap=0 uncouple=0 full=0}
[2026-04-03 10:46:26.263] [debug] [ENEMY_KILL_DEBUG_COLLISION] projectile{kills=1 wallContact=0}
[2026-04-03 10:46:28.305] [debug] [ENEMY_UNCOUPLE] entries=0 reentryResets=0(0.0%) reason{frontal=0 separation=0 wallContact=0}
[2026-04-03 10:46:28.305] [debug] [ENEMY_KILL_DEBUG] enemyEnemy{events=0 frontal=0 separation=0 reenterEither=0 reenterBoth=0 wallContact=0 dist[min=0.000 avg=0.000 max=0.000]}
[2026-04-03 10:46:28.305] [debug] [ENEMY_ASSASSIN_CHEAP_RECOVERY] failByStage{s0=0 s1=0 s2=0} recoverByStage{s0=0 s1=0 s2=0} emergency{attempt=0 success=0} noFlowSkips=0
[2026-04-03 10:46:28.305] [debug] [ENEMY_ASSASSIN_WALL_ENTRIES] byPhase{cheap=0 uncouple=0 full=0}
[2026-04-03 10:46:28.305] [debug] [ENEMY_KILL_DEBUG_COLLISION] projectile{kills=0 wallContact=0}
[2026-04-03 10:46:30.348] [debug] [ENEMY_UNCOUPLE] entries=0 reentryResets=0(0.0%) reason{frontal=0 separation=0 wallContact=0}
[2026-04-03 10:46:30.348] [debug] [ENEMY_KILL_DEBUG] enemyEnemy{events=0 frontal=0 separation=0 reenterEither=0 reenterBoth=0 wallContact=0 dist[min=0.000 avg=0.000 max=0.000]}
[2026-04-03 10:46:30.349] [debug] [ENEMY_ASSASSIN_CHEAP_RECOVERY] failByStage{s0=0 s1=0 s2=0} recoverByStage{s0=0 s1=0 s2=0} emergency{attempt=0 success=0} noFlowSkips=0
[2026-04-03 10:46:30.349] [debug] [ENEMY_ASSASSIN_WALL_ENTRIES] byPhase{cheap=0 uncouple=0 full=0}
[2026-04-03 10:46:30.349] [debug] [ENEMY_KILL_DEBUG_COLLISION] projectile{kills=0 wallContact=0}
[2026-04-03 10:46:32.393] [debug] [ENEMY_UNCOUPLE] entries=0 reentryResets=0(0.0%) reason{frontal=0 separation=0 wallContact=0}
[2026-04-03 10:46:32.393] [debug] [ENEMY_KILL_DEBUG] enemyEnemy{events=0 frontal=0 separation=0 reenterEither=0 reenterBoth=0 wallContact=0 dist[min=0.000 avg=0.000 max=0.000]}
[2026-04-03 10:46:32.393] [debug] [ENEMY_ASSASSIN_CHEAP_RECOVERY] failByStage{s0=0 s1=0 s2=0} recoverByStage{s0=0 s1=0 s2=0} emergency{attempt=0 success=0} noFlowSkips=0
[2026-04-03 10:46:32.393] [debug] [ENEMY_ASSASSIN_WALL_ENTRIES] byPhase{cheap=0 uncouple=0 full=0}
[2026-04-03 10:46:32.393] [debug] [ENEMY_KILL_DEBUG_COLLISION] projectile{kills=0 wallContact=0}
[2026-04-03 10:46:34.437] [debug] [ENEMY_UNCOUPLE] entries=0 reentryResets=0(0.0%) reason{frontal=0 separation=0 wallContact=0}
[2026-04-03 10:46:34.438] [debug] [ENEMY_KILL_DEBUG] enemyEnemy{events=0 frontal=0 separation=0 reenterEither=0 reenterBoth=0 wallContact=0 dist[min=0.000 avg=0.000 max=0.000]}
[2026-04-03 10:46:34.438] [debug] [ENEMY_ASSASSIN_CHEAP_RECOVERY] failByStage{s0=0 s1=0 s2=0} recoverByStage{s0=0 s1=0 s2=0} emergency{attempt=0 success=0} noFlowSkips=0
[2026-04-03 10:46:34.438] [debug] [ENEMY_ASSASSIN_WALL_ENTRIES] byPhase{cheap=0 uncouple=0 full=0}
[2026-04-03 10:46:34.438] [debug] [ENEMY_KILL_DEBUG_COLLISION] projectile{kills=0 wallContact=0}
[2026-04-03 10:46:36.499] [debug] [ENEMY_UNCOUPLE] entries=0 reentryResets=0(0.0%) reason{frontal=0 separation=0 wallContact=0}
[2026-04-03 10:46:36.499] [debug] [ENEMY_KILL_DEBUG] enemyEnemy{events=0 frontal=0 separation=0 reenterEither=0 reenterBoth=0 wallContact=0 dist[min=0.000 avg=0.000 max=0.000]}
[2026-04-03 10:46:36.499] [debug] [ENEMY_ASSASSIN_CHEAP_RECOVERY] failByStage{s0=0 s1=0 s2=0} recoverByStage{s0=0 s1=0 s2=0} emergency{attempt=0 success=0} noFlowSkips=0
[2026-04-03 10:46:36.499] [debug] [ENEMY_ASSASSIN_WALL_ENTRIES] byPhase{cheap=0 uncouple=0 full=0}
[2026-04-03 10:46:36.500] [debug] [ENEMY_KILL_DEBUG_COLLISION] projectile{kills=1 wallContact=0}
[2026-04-03 10:46:36.631] [debug] [MUSIC_UPLOAD_SPIKE] label=gameplay frame=7446 upload=6.746ms

[2026-04-03 10:46:38.596] [debug] [ENEMY_UNCOUPLE] entries=0 reentryResets=0(0.0%) reason{frontal=0 separation=0 wallContact=0}
[2026-04-03 10:46:38.596] [debug] [ENEMY_KILL_DEBUG] enemyEnemy{events=0 frontal=0 separation=0 reenterEither=0 reenterBoth=0 wallContact=0 dist[min=0.000 avg=0.000 max=0.000]}
[2026-04-03 10:46:38.596] [debug] [ENEMY_ASSASSIN_CHEAP_RECOVERY] failByStage{s0=0 s1=0 s2=0} recoverByStage{s0=0 s1=0 s2=0} emergency{attempt=0 success=0} noFlowSkips=0
[2026-04-03 10:46:38.597] [debug] [ENEMY_ASSASSIN_WALL_ENTRIES] byPhase{cheap=0 uncouple=0 full=0}
[2026-04-03 10:46:38.597] [debug] [ENEMY_KILL_DEBUG_COLLISION] projectile{kills=0 wallContact=0}
[2026-04-03 10:46:40.642] [debug] [ENEMY_UNCOUPLE] entries=0 reentryResets=0(0.0%) reason{frontal=0 separation=0 wallContact=0}
[2026-04-03 10:46:40.642] [debug] [ENEMY_KILL_DEBUG] enemyEnemy{events=0 frontal=0 separation=0 reenterEither=0 reenterBoth=0 wallContact=0 dist[min=0.000 avg=0.000 max=0.000]}
[2026-04-03 10:46:40.642] [debug] [ENEMY_ASSASSIN_CHEAP_RECOVERY] failByStage{s0=0 s1=0 s2=0} recoverByStage{s0=0 s1=0 s2=0} emergency{attempt=0 success=0} noFlowSkips=0
[2026-04-03 10:46:40.642] [debug] [ENEMY_ASSASSIN_WALL_ENTRIES] byPhase{cheap=0 uncouple=0 full=0}
[2026-04-03 10:46:40.643] [debug] [ENEMY_KILL_DEBUG_COLLISION] projectile{kills=0 wallContact=0}
[2026-04-03 10:46:42.730] [debug] [ENEMY_UNCOUPLE] entries=0 reentryResets=0(0.0%) reason{frontal=0 separation=0 wallContact=0}
[2026-04-03 10:46:42.730] [debug] [ENEMY_KILL_DEBUG] enemyEnemy{events=0 frontal=0 separation=0 reenterEither=0 reenterBoth=0 wallContact=0 dist[min=0.000 avg=0.000 max=0.000]}
[2026-04-03 10:46:42.730] [debug] [ENEMY_ASSASSIN_CHEAP_RECOVERY] failByStage{s0=0 s1=0 s2=0} recoverByStage{s0=0 s1=0 s2=0} emergency{attempt=0 success=0} noFlowSkips=0
[2026-04-03 10:46:42.730] [debug] [ENEMY_ASSASSIN_WALL_ENTRIES] byPhase{cheap=0 uncouple=0 full=0}
[2026-04-03 10:46:42.730] [debug] [ENEMY_KILL_DEBUG_COLLISION] projectile{kills=0 wallContact=0}
[2026-04-03 10:46:43.782] [debug] [MUSIC_UPLOAD_SPIKE] label=gameplay frame=7857 upload=6.928ms

[2026-04-03 10:46:44.886] [debug] [ENEMY_UNCOUPLE] entries=0 reentryResets=0(0.0%) reason{frontal=0 separation=0 wallContact=0}
[2026-04-03 10:46:44.886] [debug] [ENEMY_KILL_DEBUG] enemyEnemy{events=0 frontal=0 separation=0 reenterEither=0 reenterBoth=0 wallContact=0 dist[min=0.000 avg=0.000 max=0.000]}
[2026-04-03 10:46:44.887] [debug] [ENEMY_ASSASSIN_CHEAP_RECOVERY] failByStage{s0=0 s1=0 s2=0} recoverByStage{s0=0 s1=0 s2=0} emergency{attempt=0 success=0} noFlowSkips=0
[2026-04-03 10:46:44.887] [debug] [ENEMY_ASSASSIN_WALL_ENTRIES] byPhase{cheap=0 uncouple=0 full=0}
[2026-04-03 10:46:44.887] [debug] [ENEMY_KILL_DEBUG_COLLISION] projectile{kills=0 wallContact=0}
[2026-04-03 10:46:46.939] [debug] [ENEMY_UNCOUPLE] entries=0 reentryResets=0(0.0%) reason{frontal=0 separation=0 wallContact=0}
[2026-04-03 10:46:46.940] [debug] [ENEMY_KILL_DEBUG] enemyEnemy{events=0 frontal=0 separation=0 reenterEither=0 reenterBoth=0 wallContact=0 dist[min=0.000 avg=0.000 max=0.000]}
[2026-04-03 10:46:46.940] [debug] [ENEMY_ASSASSIN_CHEAP_RECOVERY] failByStage{s0=0 s1=0 s2=0} recoverByStage{s0=0 s1=0 s2=0} emergency{attempt=0 success=0} noFlowSkips=0
[2026-04-03 10:46:46.940] [debug] [ENEMY_ASSASSIN_WALL_ENTRIES] byPhase{cheap=0 uncouple=0 full=0}
[2026-04-03 10:46:46.940] [debug] [ENEMY_KILL_DEBUG_COLLISION] projectile{kills=0 wallContact=0}
[2026-04-03 10:46:49.035] [debug] [ENEMY_UNCOUPLE] entries=0 reentryResets=0(0.0%) reason{frontal=0 separation=0 wallContact=0}
[2026-04-03 10:46:49.035] [debug] [ENEMY_KILL_DEBUG] enemyEnemy{events=0 frontal=0 separation=0 reenterEither=0 reenterBoth=0 wallContact=0 dist[min=0.000 avg=0.000 max=0.000]}
[2026-04-03 10:46:49.035] [debug] [ENEMY_ASSASSIN_CHEAP_RECOVERY] failByStage{s0=0 s1=0 s2=0} recoverByStage{s0=0 s1=0 s2=0} emergency{attempt=0 success=0} noFlowSkips=0
[2026-04-03 10:46:49.035] [debug] [ENEMY_ASSASSIN_WALL_ENTRIES] byPhase{cheap=0 uncouple=0 full=0}
[2026-04-03 10:46:49.035] [debug] [ENEMY_KILL_DEBUG_COLLISION] projectile{kills=0 wallContact=0}
[2026-04-03 10:46:49.169] [debug] [MUSIC_UPLOAD_SPIKE] label=gameplay frame=8166 upload=6.702ms

[2026-04-03 10:46:50.191] [debug] [MUSIC_UPLOAD_SPIKE] label=gameplay frame=8219 upload=6.743ms

[2026-04-03 10:46:51.233] [debug] [ENEMY_UNCOUPLE] entries=0 reentryResets=0(0.0%) reason{frontal=0 separation=0 wallContact=0}
[2026-04-03 10:46:51.234] [debug] [ENEMY_KILL_DEBUG] enemyEnemy{events=0 frontal=0 separation=0 reenterEither=0 reenterBoth=0 wallContact=0 dist[min=0.000 avg=0.000 max=0.000]}
[2026-04-03 10:46:51.234] [debug] [ENEMY_ASSASSIN_CHEAP_RECOVERY] failByStage{s0=0 s1=0 s2=0} recoverByStage{s0=0 s1=0 s2=0} emergency{attempt=0 success=0} noFlowSkips=0
[2026-04-03 10:46:51.234] [debug] [ENEMY_ASSASSIN_WALL_ENTRIES] byPhase{cheap=0 uncouple=0 full=0}
[2026-04-03 10:46:51.234] [debug] [ENEMY_KILL_DEBUG_COLLISION] projectile{kills=1 wallContact=0}
[2026-04-03 10:46:53.281] [debug] [ENEMY_UNCOUPLE] entries=0 reentryResets=0(0.0%) reason{frontal=0 separation=0 wallContact=0}
[2026-04-03 10:46:53.281] [debug] [ENEMY_KILL_DEBUG] enemyEnemy{events=0 frontal=0 separation=0 reenterEither=0 reenterBoth=0 wallContact=0 dist[min=0.000 avg=0.000 max=0.000]}
[2026-04-03 10:46:53.282] [debug] [ENEMY_ASSASSIN_CHEAP_RECOVERY] failByStage{s0=0 s1=0 s2=0} recoverByStage{s0=0 s1=0 s2=0} emergency{attempt=0 success=0} noFlowSkips=0
[2026-04-03 10:46:53.282] [debug] [ENEMY_ASSASSIN_WALL_ENTRIES] byPhase{cheap=0 uncouple=0 full=0}
[2026-04-03 10:46:53.282] [debug] [ENEMY_KILL_DEBUG_COLLISION] projectile{kills=0 wallContact=0}
[2026-04-03 10:46:54.022] [debug] [MUSIC_UPLOAD_SPIKE] label=gameplay frame=8441 upload=6.825ms

[2026-04-03 10:46:55.328] [debug] [MUSIC_UPLOAD_SPIKE] label=gameplay frame=8505 upload=9.727ms

[2026-04-03 10:46:55.589] [debug] [MUSIC_UPLOAD_SPIKE] label=gameplay frame=8516 upload=12.571ms

[2026-04-03 10:46:55.678] [debug] [ENEMY_UNCOUPLE] entries=0 reentryResets=0(0.0%) reason{frontal=0 separation=0 wallContact=0}
[2026-04-03 10:46:55.678] [debug] [ENEMY_KILL_DEBUG] enemyEnemy{events=0 frontal=0 separation=0 reenterEither=0 reenterBoth=0 wallContact=0 dist[min=0.000 avg=0.000 max=0.000]}
[2026-04-03 10:46:55.678] [debug] [ENEMY_ASSASSIN_CHEAP_RECOVERY] failByStage{s0=0 s1=0 s2=0} recoverByStage{s0=0 s1=0 s2=0} emergency{attempt=0 success=0} noFlowSkips=0
[2026-04-03 10:46:55.678] [debug] [ENEMY_ASSASSIN_WALL_ENTRIES] byPhase{cheap=0 uncouple=0 full=0}
[2026-04-03 10:46:55.679] [debug] [ENEMY_KILL_DEBUG_COLLISION] projectile{kills=2 wallContact=0}
[2026-04-03 10:46:56.093] [debug] [MUSIC_UPLOAD_SPIKE] label=gameplay frame=8539 upload=9.469ms

[2026-04-03 10:46:56.600] [debug] [MUSIC_UPLOAD_SPIKE] label=gameplay frame=8566 upload=7.151ms

[2026-04-03 10:46:57.907] [debug] [ENEMY_UNCOUPLE] entries=0 reentryResets=0(0.0%) reason{frontal=0 separation=0 wallContact=0}
[2026-04-03 10:46:57.907] [debug] [ENEMY_KILL_DEBUG] enemyEnemy{events=0 frontal=0 separation=0 reenterEither=0 reenterBoth=0 wallContact=0 dist[min=0.000 avg=0.000 max=0.000]}
[2026-04-03 10:46:57.907] [debug] [ENEMY_ASSASSIN_CHEAP_RECOVERY] failByStage{s0=0 s1=0 s2=0} recoverByStage{s0=0 s1=0 s2=0} emergency{attempt=0 success=0} noFlowSkips=0
[2026-04-03 10:46:57.907] [debug] [ENEMY_ASSASSIN_WALL_ENTRIES] byPhase{cheap=0 uncouple=0 full=0}
[2026-04-03 10:46:57.907] [debug] [ENEMY_KILL_DEBUG_COLLISION] projectile{kills=0 wallContact=0}
[2026-04-03 10:46:58.911] [debug] [FLOW] Respawn: invisibility=0 hasFlowConsumers=0 shouldHaveFlowActive=0
[2026-04-03 10:46:58.922] [debug] [FLOW] OnPlayerCellChanged: skip (cacheActive=false) cell=29,27
[2026-04-03 10:46:58.939] [debug] [FLOW] OnPlayerCellChanged: skip (cacheActive=false) cell=29,27
[2026-04-03 10:46:58.956] [debug] [FLOW] OnPlayerCellChanged: skip (cacheActive=false) cell=29,27
[2026-04-03 10:46:59.952] [debug] [ENEMY_UNCOUPLE] entries=0 reentryResets=0(0.0%) reason{frontal=0 separation=0 wallContact=0}
[2026-04-03 10:46:59.952] [debug] [ENEMY_KILL_DEBUG] enemyEnemy{events=0 frontal=0 separation=0 reenterEither=0 reenterBoth=0 wallContact=0 dist[min=0.000 avg=0.000 max=0.000]}
[2026-04-03 10:46:59.952] [debug] [ENEMY_ASSASSIN_CHEAP_RECOVERY] failByStage{s0=0 s1=0 s2=0} recoverByStage{s0=0 s1=0 s2=0} emergency{attempt=0 success=0} noFlowSkips=0
[2026-04-03 10:46:59.953] [debug] [ENEMY_ASSASSIN_WALL_ENTRIES] byPhase{cheap=0 uncouple=0 full=0}
[2026-04-03 10:46:59.953] [debug] [ENEMY_KILL_DEBUG_COLLISION] projectile{kills=0 wallContact=0}
[2026-04-03 10:47:01.994] [debug] [ENEMY_UNCOUPLE] entries=0 reentryResets=0(0.0%) reason{frontal=0 separation=0 wallContact=0}
[2026-04-03 10:47:01.994] [debug] [ENEMY_KILL_DEBUG] enemyEnemy{events=0 frontal=0 separation=0 reenterEither=0 reenterBoth=0 wallContact=0 dist[min=0.000 avg=0.000 max=0.000]}
[2026-04-03 10:47:01.994] [debug] [ENEMY_ASSASSIN_CHEAP_RECOVERY] failByStage{s0=0 s1=0 s2=0} recoverByStage{s0=0 s1=0 s2=0} emergency{attempt=0 success=0} noFlowSkips=0
[2026-04-03 10:47:01.994] [debug] [ENEMY_ASSASSIN_WALL_ENTRIES] byPhase{cheap=0 uncouple=0 full=0}
[2026-04-03 10:47:01.994] [debug] [ENEMY_KILL_DEBUG_COLLISION] projectile{kills=0 wallContact=0}
[2026-04-03 10:47:04.038] [debug] [ENEMY_UNCOUPLE] entries=0 reentryResets=0(0.0%) reason{frontal=0 separation=0 wallContact=0}
[2026-04-03 10:47:04.038] [debug] [ENEMY_KILL_DEBUG] enemyEnemy{events=0 frontal=0 separation=0 reenterEither=0 reenterBoth=0 wallContact=0 dist[min=0.000 avg=0.000 max=0.000]}
[2026-04-03 10:47:04.038] [debug] [ENEMY_ASSASSIN_CHEAP_RECOVERY] failByStage{s0=0 s1=0 s2=0} recoverByStage{s0=0 s1=0 s2=0} emergency{attempt=0 success=0} noFlowSkips=0
[2026-04-03 10:47:04.038] [debug] [ENEMY_ASSASSIN_WALL_ENTRIES] byPhase{cheap=0 uncouple=0 full=0}
[2026-04-03 10:47:04.038] [debug] [ENEMY_KILL_DEBUG_COLLISION] projectile{kills=0 wallContact=0}
[2026-04-03 10:47:06.079] [debug] [ENEMY_UNCOUPLE] entries=0 reentryResets=0(0.0%) reason{frontal=0 separation=0 wallContact=0}
[2026-04-03 10:47:06.079] [debug] [ENEMY_KILL_DEBUG] enemyEnemy{events=0 frontal=0 separation=0 reenterEither=0 reenterBoth=0 wallContact=0 dist[min=0.000 avg=0.000 max=0.000]}
[2026-04-03 10:47:06.079] [debug] [ENEMY_ASSASSIN_CHEAP_RECOVERY] failByStage{s0=0 s1=0 s2=0} recoverByStage{s0=0 s1=0 s2=0} emergency{attempt=0 success=0} noFlowSkips=0
[2026-04-03 10:47:06.079] [debug] [ENEMY_ASSASSIN_WALL_ENTRIES] byPhase{cheap=0 uncouple=0 full=0}
[2026-04-03 10:47:06.079] [debug] [ENEMY_KILL_DEBUG_COLLISION] projectile{kills=0 wallContact=0}
[2026-04-03 10:47:08.123] [debug] [ENEMY_UNCOUPLE] entries=0 reentryResets=0(0.0%) reason{frontal=0 separation=0 wallContact=0}
[2026-04-03 10:47:08.123] [debug] [ENEMY_KILL_DEBUG] enemyEnemy{events=0 frontal=0 separation=0 reenterEither=0 reenterBoth=0 wallContact=0 dist[min=0.000 avg=0.000 max=0.000]}
[2026-04-03 10:47:08.123] [debug] [ENEMY_ASSASSIN_CHEAP_RECOVERY] failByStage{s0=0 s1=0 s2=0} recoverByStage{s0=0 s1=0 s2=0} emergency{attempt=0 success=0} noFlowSkips=0
[2026-04-03 10:47:08.123] [debug] [ENEMY_ASSASSIN_WALL_ENTRIES] byPhase{cheap=0 uncouple=0 full=0}
[2026-04-03 10:47:08.123] [debug] [ENEMY_KILL_DEBUG_COLLISION] projectile{kills=0 wallContact=0}
[2026-04-03 10:47:10.170] [debug] [ENEMY_UNCOUPLE] entries=0 reentryResets=0(0.0%) reason{frontal=0 separation=0 wallContact=0}
[2026-04-03 10:47:10.170] [debug] [ENEMY_KILL_DEBUG] enemyEnemy{events=0 frontal=0 separation=0 reenterEither=0 reenterBoth=0 wallContact=0 dist[min=0.000 avg=0.000 max=0.000]}
[2026-04-03 10:47:10.170] [debug] [ENEMY_ASSASSIN_CHEAP_RECOVERY] failByStage{s0=0 s1=0 s2=0} recoverByStage{s0=0 s1=0 s2=0} emergency{attempt=0 success=0} noFlowSkips=0
[2026-04-03 10:47:10.170] [debug] [ENEMY_ASSASSIN_WALL_ENTRIES] byPhase{cheap=0 uncouple=0 full=0}
[2026-04-03 10:47:10.171] [debug] [ENEMY_KILL_DEBUG_COLLISION] projectile{kills=0 wallContact=0}
[2026-04-03 10:47:12.231] [debug] [ENEMY_UNCOUPLE] entries=0 reentryResets=0(0.0%) reason{frontal=0 separation=0 wallContact=0}
[2026-04-03 10:47:12.231] [debug] [ENEMY_KILL_DEBUG] enemyEnemy{events=0 frontal=0 separation=0 reenterEither=0 reenterBoth=0 wallContact=0 dist[min=0.000 avg=0.000 max=0.000]}
[2026-04-03 10:47:12.231] [debug] [ENEMY_ASSASSIN_CHEAP_RECOVERY] failByStage{s0=0 s1=0 s2=0} recoverByStage{s0=0 s1=0 s2=0} emergency{attempt=0 success=0} noFlowSkips=0
[2026-04-03 10:47:12.231] [debug] [ENEMY_ASSASSIN_WALL_ENTRIES] byPhase{cheap=0 uncouple=0 full=0}
[2026-04-03 10:47:12.232] [debug] [ENEMY_KILL_DEBUG_COLLISION] projectile{kills=1 wallContact=0}
[2026-04-03 10:47:14.338] [debug] [ENEMY_UNCOUPLE] entries=0 reentryResets=0(0.0%) reason{frontal=0 separation=0 wallContact=0}
[2026-04-03 10:47:14.338] [debug] [ENEMY_KILL_DEBUG] enemyEnemy{events=0 frontal=0 separation=0 reenterEither=0 reenterBoth=0 wallContact=0 dist[min=0.000 avg=0.000 max=0.000]}
[2026-04-03 10:47:14.338] [debug] [ENEMY_ASSASSIN_CHEAP_RECOVERY] failByStage{s0=0 s1=0 s2=0} recoverByStage{s0=0 s1=0 s2=0} emergency{attempt=0 success=0} noFlowSkips=0
[2026-04-03 10:47:14.338] [debug] [ENEMY_ASSASSIN_WALL_ENTRIES] byPhase{cheap=0 uncouple=0 full=0}
[2026-04-03 10:47:14.338] [debug] [ENEMY_KILL_DEBUG_COLLISION] projectile{kills=0 wallContact=0}
[2026-04-03 10:47:16.393] [debug] [ENEMY_UNCOUPLE] entries=0 reentryResets=0(0.0%) reason{frontal=0 separation=0 wallContact=0}
[2026-04-03 10:47:16.393] [debug] [ENEMY_KILL_DEBUG] enemyEnemy{events=0 frontal=0 separation=0 reenterEither=0 reenterBoth=0 wallContact=0 dist[min=0.000 avg=0.000 max=0.000]}
[2026-04-03 10:47:16.393] [debug] [ENEMY_ASSASSIN_CHEAP_RECOVERY] failByStage{s0=0 s1=0 s2=0} recoverByStage{s0=0 s1=0 s2=0} emergency{attempt=0 success=0} noFlowSkips=0
[2026-04-03 10:47:16.393] [debug] [ENEMY_ASSASSIN_WALL_ENTRIES] byPhase{cheap=0 uncouple=0 full=0}
[2026-04-03 10:47:16.393] [debug] [ENEMY_KILL_DEBUG_COLLISION] projectile{kills=0 wallContact=0}
[2026-04-03 10:47:18.445] [debug] [ENEMY_UNCOUPLE] entries=0 reentryResets=0(0.0%) reason{frontal=0 separation=0 wallContact=0}
[2026-04-03 10:47:18.445] [debug] [ENEMY_KILL_DEBUG] enemyEnemy{events=0 frontal=0 separation=0 reenterEither=0 reenterBoth=0 wallContact=0 dist[min=0.000 avg=0.000 max=0.000]}
[2026-04-03 10:47:18.445] [debug] [ENEMY_ASSASSIN_CHEAP_RECOVERY] failByStage{s0=0 s1=0 s2=0} recoverByStage{s0=0 s1=0 s2=0} emergency{attempt=0 success=0} noFlowSkips=0
[2026-04-03 10:47:18.445] [debug] [ENEMY_ASSASSIN_WALL_ENTRIES] byPhase{cheap=0 uncouple=0 full=0}
[2026-04-03 10:47:18.446] [debug] [ENEMY_KILL_DEBUG_COLLISION] projectile{kills=0 wallContact=0}
[2026-04-03 10:47:20.548] [debug] [ENEMY_UNCOUPLE] entries=2 reentryResets=0(0.0%) reason{frontal=0 separation=2 wallContact=0}
[2026-04-03 10:47:20.548] [debug] [ENEMY_KILL_DEBUG] enemyEnemy{events=0 frontal=0 separation=0 reenterEither=0 reenterBoth=0 wallContact=0 dist[min=0.000 avg=0.000 max=0.000]}
[2026-04-03 10:47:20.548] [debug] [ENEMY_ASSASSIN_CHEAP_RECOVERY] failByStage{s0=0 s1=0 s2=0} recoverByStage{s0=0 s1=0 s2=0} emergency{attempt=0 success=0} noFlowSkips=0
[2026-04-03 10:47:20.548] [debug] [ENEMY_ASSASSIN_WALL_ENTRIES] byPhase{cheap=0 uncouple=0 full=0}
[2026-04-03 10:47:20.548] [debug] [ENEMY_KILL_DEBUG_COLLISION] projectile{kills=0 wallContact=0}
[2026-04-03 10:47:22.453] [debug] [MUSIC_UPLOAD_SPIKE] label=gameplay frame=10057 upload=12.279ms

[2026-04-03 10:47:22.948] [debug] [ENEMY_UNCOUPLE] entries=0 reentryResets=0(0.0%) reason{frontal=0 separation=0 wallContact=0}
[2026-04-03 10:47:22.948] [debug] [ENEMY_KILL_DEBUG] enemyEnemy{events=0 frontal=0 separation=0 reenterEither=0 reenterBoth=0 wallContact=0 dist[min=0.000 avg=0.000 max=0.000]}
[2026-04-03 10:47:22.949] [debug] [ENEMY_ASSASSIN_CHEAP_RECOVERY] failByStage{s0=0 s1=0 s2=0} recoverByStage{s0=0 s1=0 s2=0} emergency{attempt=0 success=0} noFlowSkips=0
[2026-04-03 10:47:22.949] [debug] [ENEMY_ASSASSIN_WALL_ENTRIES] byPhase{cheap=0 uncouple=0 full=0}
[2026-04-03 10:47:22.949] [debug] [ENEMY_KILL_DEBUG_COLLISION] projectile{kills=1 wallContact=0}
[2026-04-03 10:47:23.466] [debug] [MUSIC_UPLOAD_SPIKE] label=gameplay frame=10104 upload=8.122ms

[2026-04-03 10:47:24.496] [debug] [MUSIC_UPLOAD_SPIKE] label=gameplay frame=10154 upload=12.388ms

[2026-04-03 10:47:25.002] [debug] [MUSIC_UPLOAD_SPIKE] label=gameplay frame=10175 upload=12.235ms

[2026-04-03 10:47:25.262] [debug] [MUSIC_UPLOAD_SPIKE] label=gameplay frame=10187 upload=12.240ms

[2026-04-03 10:47:25.518] [debug] [MUSIC_UPLOAD_SPIKE] label=gameplay frame=10198 upload=12.258ms

[2026-04-03 10:47:25.561] [debug] [ENEMY_UNCOUPLE] entries=0 reentryResets=0(0.0%) reason{frontal=0 separation=0 wallContact=0}
[2026-04-03 10:47:25.561] [debug] [ENEMY_KILL_DEBUG] enemyEnemy{events=0 frontal=0 separation=0 reenterEither=0 reenterBoth=0 wallContact=0 dist[min=0.000 avg=0.000 max=0.000]}
[2026-04-03 10:47:25.561] [debug] [ENEMY_ASSASSIN_CHEAP_RECOVERY] failByStage{s0=0 s1=0 s2=0} recoverByStage{s0=0 s1=0 s2=0} emergency{attempt=0 success=0} noFlowSkips=0
[2026-04-03 10:47:25.561] [debug] [ENEMY_ASSASSIN_WALL_ENTRIES] byPhase{cheap=0 uncouple=0 full=0}
[2026-04-03 10:47:25.562] [debug] [ENEMY_KILL_DEBUG_COLLISION] projectile{kills=3 wallContact=0}
[2026-04-03 10:47:26.042] [debug] [MUSIC_UPLOAD_SPIKE] label=gameplay frame=10222 upload=6.808ms

[2026-04-03 10:47:26.154] [info] RAYLIB: FBO: [ID 4] Unloaded framebuffer from VRAM (GPU)
[2026-04-03 10:47:26.154] [info] RAYLIB: TEXTURE: [ID 19] Pixel data retrieved successfully
[2026-04-03 10:47:26.155] [info] RAYLIB: TEXTURE: [ID 21] Texture loaded successfully (48x48 | R8G8B8A8 | 1 mipmaps)
[2026-04-03 10:47:26.610] [info] RAYLIB: TEXTURE: [ID 21] Unloaded texture data from VRAM (GPU)
[2026-04-03 10:47:26.611] [info] RAYLIB: FBO: [ID 4] Unloaded framebuffer from VRAM (GPU)
[2026-04-03 10:47:26.611] [info] RAYLIB: TEXTURE: [ID 19] Pixel data retrieved successfully
[2026-04-03 10:47:26.612] [info] RAYLIB: TEXTURE: [ID 21] Texture loaded successfully (48x48 | R8G8B8A8 | 1 mipmaps)
[2026-04-03 10:47:27.067] [debug] [MUSIC_UPLOAD_SPIKE] label=gameplay frame=10272 upload=9.168ms

[2026-04-03 10:47:27.801] [info] RAYLIB: TEXTURE: [ID 21] Unloaded texture data from VRAM (GPU)
[2026-04-03 10:47:27.801] [info] RAYLIB: FBO: [ID 4] Unloaded framebuffer from VRAM (GPU)
[2026-04-03 10:47:27.801] [info] RAYLIB: TEXTURE: [ID 19] Pixel data retrieved successfully
[2026-04-03 10:47:27.803] [info] RAYLIB: TEXTURE: [ID 21] Texture loaded successfully (48x48 | R8G8B8A8 | 1 mipmaps)
[2026-04-03 10:47:27.967] [info] RAYLIB: TEXTURE: [ID 21] Unloaded texture data from VRAM (GPU)
[2026-04-03 10:47:27.967] [info] RAYLIB: FBO: [ID 4] Unloaded framebuffer from VRAM (GPU)
[2026-04-03 10:47:27.968] [info] RAYLIB: TEXTURE: [ID 19] Pixel data retrieved successfully
[2026-04-03 10:47:27.969] [info] RAYLIB: TEXTURE: [ID 21] Texture loaded successfully (48x48 | R8G8B8A8 | 1 mipmaps)
[2026-04-03 10:47:28.079] [debug] [ENEMY_UNCOUPLE] entries=0 reentryResets=0(0.0%) reason{frontal=0 separation=0 wallContact=0}
[2026-04-03 10:47:28.079] [debug] [ENEMY_KILL_DEBUG] enemyEnemy{events=0 frontal=0 separation=0 reenterEither=0 reenterBoth=0 wallContact=0 dist[min=0.000 avg=0.000 max=0.000]}
[2026-04-03 10:47:28.079] [debug] [ENEMY_ASSASSIN_CHEAP_RECOVERY] failByStage{s0=0 s1=0 s2=0} recoverByStage{s0=0 s1=0 s2=0} emergency{attempt=0 success=0} noFlowSkips=0
[2026-04-03 10:47:28.080] [debug] [ENEMY_ASSASSIN_WALL_ENTRIES] byPhase{cheap=0 uncouple=0 full=0}
[2026-04-03 10:47:28.080] [debug] [ENEMY_KILL_DEBUG_COLLISION] projectile{kills=2 wallContact=0}
[2026-04-03 10:47:28.369] [info] RAYLIB: TEXTURE: [ID 21] Unloaded texture data from VRAM (GPU)
[2026-04-03 10:47:28.369] [info] RAYLIB: FBO: [ID 4] Unloaded framebuffer from VRAM (GPU)
[2026-04-03 10:47:28.369] [info] RAYLIB: TEXTURE: [ID 19] Pixel data retrieved successfully
[2026-04-03 10:47:28.370] [info] RAYLIB: TEXTURE: [ID 21] Texture loaded successfully (48x48 | R8G8B8A8 | 1 mipmaps)
[2026-04-03 10:47:29.484] [info] RAYLIB: TEXTURE: [ID 21] Unloaded texture data from VRAM (GPU)
[2026-04-03 10:47:29.485] [info] RAYLIB: FBO: [ID 4] Unloaded framebuffer from VRAM (GPU)
[2026-04-03 10:47:29.485] [info] RAYLIB: TEXTURE: [ID 19] Pixel data retrieved successfully
[2026-04-03 10:47:29.486] [info] RAYLIB: TEXTURE: [ID 21] Texture loaded successfully (48x48 | R8G8B8A8 | 1 mipmaps)
[2026-04-03 10:47:29.804] [info] RAYLIB: TEXTURE: [ID 21] Unloaded texture data from VRAM (GPU)
[2026-04-03 10:47:29.804] [info] RAYLIB: FBO: [ID 4] Unloaded framebuffer from VRAM (GPU)
[2026-04-03 10:47:29.804] [info] RAYLIB: TEXTURE: [ID 19] Pixel data retrieved successfully
[2026-04-03 10:47:29.806] [info] RAYLIB: TEXTURE: [ID 21] Texture loaded successfully (48x48 | R8G8B8A8 | 1 mipmaps)
[2026-04-03 10:47:30.031] [info] RAYLIB: TEXTURE: [ID 21] Unloaded texture data from VRAM (GPU)
[2026-04-03 10:47:30.032] [info] RAYLIB: FBO: [ID 4] Unloaded framebuffer from VRAM (GPU)
[2026-04-03 10:47:30.032] [info] RAYLIB: TEXTURE: [ID 19] Pixel data retrieved successfully
[2026-04-03 10:47:30.033] [info] RAYLIB: TEXTURE: [ID 21] Texture loaded successfully (48x48 | R8G8B8A8 | 1 mipmaps)
[2026-04-03 10:47:30.275] [debug] [ENEMY_UNCOUPLE] entries=0 reentryResets=0(0.0%) reason{frontal=0 separation=0 wallContact=0}
[2026-04-03 10:47:30.275] [debug] [ENEMY_KILL_DEBUG] enemyEnemy{events=0 frontal=0 separation=0 reenterEither=0 reenterBoth=0 wallContact=0 dist[min=0.000 avg=0.000 max=0.000]}
[2026-04-03 10:47:30.275] [debug] [ENEMY_ASSASSIN_CHEAP_RECOVERY] failByStage{s0=0 s1=0 s2=0} recoverByStage{s0=0 s1=0 s2=0} emergency{attempt=0 success=0} noFlowSkips=0
[2026-04-03 10:47:30.275] [debug] [ENEMY_ASSASSIN_WALL_ENTRIES] byPhase{cheap=0 uncouple=0 full=0}
[2026-04-03 10:47:30.276] [debug] [ENEMY_KILL_DEBUG_COLLISION] projectile{kills=0 wallContact=0}
[2026-04-03 10:47:30.608] [info] RAYLIB: TEXTURE: [ID 21] Unloaded texture data from VRAM (GPU)
[2026-04-03 10:47:30.608] [info] RAYLIB: FBO: [ID 4] Unloaded framebuffer from VRAM (GPU)
[2026-04-03 10:47:30.608] [info] RAYLIB: TEXTURE: [ID 19] Pixel data retrieved successfully
[2026-04-03 10:47:30.609] [info] RAYLIB: TEXTURE: [ID 21] Texture loaded successfully (48x48 | R8G8B8A8 | 1 mipmaps)
[2026-04-03 10:47:31.405] [debug] [MUSIC_UPLOAD_SPIKE] label=gameplay frame=10500 upload=6.636ms

[2026-04-03 10:47:31.949] [info] RAYLIB: TEXTURE: [ID 21] Unloaded texture data from VRAM (GPU)
[2026-04-03 10:47:31.949] [info] RAYLIB: FBO: [ID 4] Unloaded framebuffer from VRAM (GPU)
[2026-04-03 10:47:31.949] [info] RAYLIB: TEXTURE: [ID 19] Pixel data retrieved successfully
[2026-04-03 10:47:31.950] [info] RAYLIB: TEXTURE: [ID 21] Texture loaded successfully (48x48 | R8G8B8A8 | 1 mipmaps)
[2026-04-03 10:47:32.426] [debug] [MUSIC_UPLOAD_SPIKE] label=gameplay frame=10554 upload=6.577ms

[2026-04-03 10:47:32.534] [debug] [ENEMY_UNCOUPLE] entries=0 reentryResets=0(0.0%) reason{frontal=0 separation=0 wallContact=0}
[2026-04-03 10:47:32.534] [debug] [ENEMY_KILL_DEBUG] enemyEnemy{events=0 frontal=0 separation=0 reenterEither=0 reenterBoth=0 wallContact=0 dist[min=0.000 avg=0.000 max=0.000]}
[2026-04-03 10:47:32.534] [debug] [ENEMY_ASSASSIN_CHEAP_RECOVERY] failByStage{s0=0 s1=0 s2=0} recoverByStage{s0=0 s1=0 s2=0} emergency{attempt=0 success=0} noFlowSkips=0
[2026-04-03 10:47:32.535] [debug] [ENEMY_ASSASSIN_WALL_ENTRIES] byPhase{cheap=0 uncouple=0 full=0}
[2026-04-03 10:47:32.535] [debug] [ENEMY_KILL_DEBUG_COLLISION] projectile{kills=1 wallContact=0}
[2026-04-03 10:47:33.142] [info] RAYLIB: TEXTURE: [ID 21] Unloaded texture data from VRAM (GPU)
[2026-04-03 10:47:33.142] [info] RAYLIB: FBO: [ID 4] Unloaded framebuffer from VRAM (GPU)
[2026-04-03 10:47:33.142] [info] RAYLIB: TEXTURE: [ID 19] Pixel data retrieved successfully
[2026-04-03 10:47:33.143] [info] RAYLIB: TEXTURE: [ID 21] Texture loaded successfully (48x48 | R8G8B8A8 | 1 mipmaps)
[2026-04-03 10:47:34.344] [info] RAYLIB: TEXTURE: [ID 21] Unloaded texture data from VRAM (GPU)
[2026-04-03 10:47:34.345] [info] RAYLIB: FBO: [ID 4] Unloaded framebuffer from VRAM (GPU)
[2026-04-03 10:47:34.345] [info] RAYLIB: TEXTURE: [ID 19] Pixel data retrieved successfully
[2026-04-03 10:47:34.346] [info] RAYLIB: TEXTURE: [ID 21] Texture loaded successfully (48x48 | R8G8B8A8 | 1 mipmaps)
[2026-04-03 10:47:34.472] [debug] [MUSIC_UPLOAD_SPIKE] label=gameplay frame=10659 upload=8.138ms

[2026-04-03 10:47:34.557] [debug] [NAV] BaseDistanceField rebuild 60x60 cells in 9.872 ms
[2026-04-03 10:47:34.562] [debug] [NAV] BaseFlowField rebuild 60x60 cells in 4.384 ms
[2026-04-03 10:47:34.568] [info] RAYLIB: TEXTURE: [ID 21] Unloaded texture data from VRAM (GPU)
[2026-04-03 10:47:34.882] [debug] [ENEMY_UNCOUPLE] entries=0 reentryResets=0(0.0%) reason{frontal=0 separation=0 wallContact=0}
[2026-04-03 10:47:34.883] [debug] [ENEMY_KILL_DEBUG] enemyEnemy{events=0 frontal=0 separation=0 reenterEither=0 reenterBoth=0 wallContact=0 dist[min=0.000 avg=0.000 max=0.000]}
[2026-04-03 10:47:34.883] [debug] [ENEMY_ASSASSIN_CHEAP_RECOVERY] failByStage{s0=0 s1=0 s2=0} recoverByStage{s0=0 s1=0 s2=0} emergency{attempt=0 success=0} noFlowSkips=0
[2026-04-03 10:47:34.883] [debug] [ENEMY_ASSASSIN_WALL_ENTRIES] byPhase{cheap=0 uncouple=0 full=0}
[2026-04-03 10:47:34.883] [debug] [ENEMY_KILL_DEBUG_COLLISION] projectile{kills=0 wallContact=0}
[2026-04-03 10:47:34.984] [debug] [MUSIC_UPLOAD_SPIKE] label=gameplay frame=10684 upload=8.227ms

[2026-04-03 10:47:37.141] [debug] [ENEMY_UNCOUPLE] entries=0 reentryResets=0(0.0%) reason{frontal=0 separation=0 wallContact=0}
[2026-04-03 10:47:37.141] [debug] [ENEMY_KILL_DEBUG] enemyEnemy{events=0 frontal=0 separation=0 reenterEither=0 reenterBoth=0 wallContact=0 dist[min=0.000 avg=0.000 max=0.000]}
[2026-04-03 10:47:37.141] [debug] [ENEMY_ASSASSIN_CHEAP_RECOVERY] failByStage{s0=0 s1=0 s2=0} recoverByStage{s0=0 s1=0 s2=0} emergency{attempt=0 success=0} noFlowSkips=0
[2026-04-03 10:47:37.141] [debug] [ENEMY_ASSASSIN_WALL_ENTRIES] byPhase{cheap=0 uncouple=0 full=0}
[2026-04-03 10:47:37.142] [debug] [ENEMY_KILL_DEBUG_COLLISION] projectile{kills=0 wallContact=0}
[2026-04-03 10:47:38.323] [debug] [MUSIC_UPLOAD_SPIKE] label=gameplay frame=10864 upload=5.521ms

[2026-04-03 10:47:38.835] [debug] [MUSIC_UPLOAD_SPIKE] label=gameplay frame=10893 upload=6.621ms

[2026-04-03 10:47:39.300] [debug] [ENEMY_UNCOUPLE] entries=0 reentryResets=0(0.0%) reason{frontal=0 separation=0 wallContact=0}
[2026-04-03 10:47:39.300] [debug] [ENEMY_KILL_DEBUG] enemyEnemy{events=0 frontal=0 separation=0 reenterEither=0 reenterBoth=0 wallContact=0 dist[min=0.000 avg=0.000 max=0.000]}
[2026-04-03 10:47:39.301] [debug] [ENEMY_ASSASSIN_CHEAP_RECOVERY] failByStage{s0=0 s1=0 s2=0} recoverByStage{s0=0 s1=0 s2=0} emergency{attempt=0 success=0} noFlowSkips=0
[2026-04-03 10:47:39.301] [debug] [ENEMY_ASSASSIN_WALL_ENTRIES] byPhase{cheap=0 uncouple=0 full=0}
[2026-04-03 10:47:39.301] [debug] [ENEMY_KILL_DEBUG_COLLISION] projectile{kills=2 wallContact=0}
[2026-04-03 10:47:41.677] [info] RAYLIB: TEXTURE: [ID 10] Unloaded texture data from VRAM (GPU)
[2026-04-03 10:47:41.677] [info] RAYLIB: TEXTURE: [ID 8] Unloaded texture data from VRAM (GPU)
[2026-04-03 10:47:41.677] [info] RAYLIB: TEXTURE: [ID 9] Unloaded texture data from VRAM (GPU)
[2026-04-03 10:47:41.677] [info] RAYLIB: FBO: [ID 1] Unloaded framebuffer from VRAM (GPU)
[2026-04-03 10:47:41.677] [info] RAYLIB: FBO: [ID 2] Unloaded framebuffer from VRAM (GPU)
[2026-04-03 10:47:41.677] [info] RAYLIB: FBO: [ID 3] Unloaded framebuffer from VRAM (GPU)
[2026-04-03 10:47:41.677] [info] RAYLIB: TEXTURE: [ID 14] Unloaded texture data from VRAM (GPU)
[2026-04-03 10:47:41.678] [info] RAYLIB: TEXTURE: [ID 15] Unloaded texture data from VRAM (GPU)
[2026-04-03 10:47:41.678] [info] RAYLIB: TEXTURE: [ID 16] Unloaded texture data from VRAM (GPU)
[2026-04-03 10:47:41.678] [info] RAYLIB: TEXTURE: [ID 17] Unloaded texture data from VRAM (GPU)
[2026-04-03 10:47:41.678] [info] RAYLIB: TEXTURE: [ID 18] Unloaded texture data from VRAM (GPU)
[2026-04-03 10:47:41.678] [info] RAYLIB: TEXTURE: [ID 3] Unloaded texture data from VRAM (GPU)
[2026-04-03 10:47:41.678] [info] RAYLIB: TEXTURE: [ID 4] Unloaded texture data from VRAM (GPU)
[2026-04-03 10:47:41.678] [info] RAYLIB: TEXTURE: [ID 5] Unloaded texture data from VRAM (GPU)
[2026-04-03 10:47:41.678] [info] RAYLIB: TEXTURE: [ID 6] Unloaded texture data from VRAM (GPU)
[2026-04-03 10:47:41.678] [info] RAYLIB: TEXTURE: [ID 7] Unloaded texture data from VRAM (GPU)
[2026-04-03 10:47:41.678] [info] RAYLIB: TEXTURE: [ID 19] Unloaded texture data from VRAM (GPU)
[2026-04-03 10:47:41.678] [info] RAYLIB: TEXTURE: [ID 20] Unloaded texture data from VRAM (GPU)
[2026-04-03 10:47:41.678] [info] RAYLIB: STREAM: Unloaded audio stream data from RAM
[2026-04-03 10:47:41.678] [info] RAYLIB: STREAM: Unloaded audio stream data from RAM
[2026-04-03 10:47:41.703] [info] RAYLIB: AUDIO: Device closed successfully
