INFO: Initializing raylib 5.6-dev
INFO: Platform backend: DESKTOP (SDL)
INFO: Supported raylib modules:
INFO:     > rcore:..... loaded (mandatory)
INFO:     > rlgl:...... loaded (mandatory)
INFO:     > rshapes:... loaded (optional)
INFO:     > rtextures:. loaded (optional)
INFO:     > rtext:..... loaded (optional)
INFO:     > rmodels:... loaded (optional)
INFO:     > raudio:.... loaded (optional)
arm_release_ver: g13p0-01eac0, rk_so_ver: 11
INFO: DISPLAY: Device initialized successfully
INFO:     > Display size: 640 x 480
INFO:     > Screen size:  640 x 480
INFO:     > Render size:  640 x 480
INFO:     > Viewport offsets: 0, 0
INFO: GLAD: OpenGL ES 2.0 loaded successfully
INFO: GL: Supported extensions count: 99
INFO: GL: OpenGL device information:
INFO:     > Vendor:   ARM
INFO:     > Renderer: Mali-G52
INFO:     > Version:  OpenGL ES 3.2 v1.g13p0-01eac0.fdf91928d758c45c1787782175b35c6a
INFO:     > GLSL:     OpenGL ES GLSL ES 3.20
INFO: GL: VAO extension detected, VAO functions loaded successfully
INFO: GL: NPOT textures extension detected, full NPOT textures supported
INFO: GL: ETC1 compressed textures supported
INFO: GL: ASTC compressed textures supported
INFO: PLATFORM: DESKTOP (SDL2): Initialized successfully
INFO: TEXTURE: [ID 1] Texture loaded successfully (1x1 | R8G8B8A8 | 1 mipmaps)
INFO: TEXTURE: [ID 1] Default texture loaded successfully
INFO: SHADER: [ID 1] Vertex shader compiled successfully
INFO: SHADER: [ID 2] Fragment shader compiled successfully
INFO: SHADER: [ID 3] Program shader loaded successfully
INFO: SHADER: [ID 3] Default shader loaded successfully
INFO: RLGL: Render batch vertex buffers loaded successfully in RAM (CPU)
INFO: RLGL: Render batch vertex buffers loaded successfully in VRAM (GPU)
INFO: RLGL: Default OpenGL state initialized successfully
INFO: TEXTURE: [ID 2] Texture loaded successfully (128x128 | GRAY_ALPHA | 1 mipmaps)
INFO: FONT: Default font loaded successfully (224 glyphs)
INFO: SYSTEM: Working Directory: /roms2/ports/bolt
INFO: TIMER: Target time per frame: 16.667 milliseconds
INFO: FILEIO: [resources/textures/sprites.png] File loaded successfully
INFO: IMAGE: Data loaded successfully (18x63 | R8G8B8A8 | 1 mipmaps)
INFO: TEXTURE: [ID 3] Texture loaded successfully (72x9 | R8G8B8A8 | 1 mipmaps)
INFO: TEXTURE: [ID 4] Texture loaded successfully (72x36 | R8G8B8A8 | 1 mipmaps)
INFO: AUDIO: Device initialized successfully
INFO:     > Backend:       miniaudio | ALSA
INFO:     > Format:        32-bit IEEE Floating Point -> 32-bit IEEE Floating Point
INFO:     > Channels:      2 -> 2
INFO:     > Sample rate:   44100 -> 44100
INFO:     > Periods size:  3072
INFO: FILEIO: [resources/audio/keyboard-click.wav] File loaded successfully
INFO: WAVE: Data loaded successfully (48000 Hz, 16 bit, 1 channels)
INFO: AUDIO: menu click sound loaded from: resources/audio/keyboard-click.wav
INFO: FILEIO: [resources/audio/power-up.wav] File loaded successfully
INFO: WAVE: Data loaded successfully (48000 Hz, 16 bit, 1 channels)
INFO: AUDIO: power-up sound loaded from: resources/audio/power-up.wav
INFO: FILEIO: [resources/audio/player-shot.wav] File loaded successfully
INFO: WAVE: Data loaded successfully (48000 Hz, 16 bit, 1 channels)
INFO: AUDIO: player-shot sound loaded from: resources/audio/player-shot.wav
INFO: FILEIO: [resources/audio/enemy-shot.wav] File loaded successfully
INFO: WAVE: Data loaded successfully (48000 Hz, 16 bit, 1 channels)
INFO: AUDIO: enemy-shot sound loaded from: resources/audio/enemy-shot.wav
INFO: FILEIO: [resources/audio/enemy-spawning.wav] File loaded successfully
INFO: WAVE: Data loaded successfully (48000 Hz, 16 bit, 1 channels)
INFO: AUDIO: enemy-spawning sound loaded from: resources/audio/enemy-spawning.wav
INFO: FILEIO: [resources/audio/enemy-exploding.wav] File loaded successfully
INFO: WAVE: Data loaded successfully (48000 Hz, 16 bit, 1 channels)
INFO: AUDIO: enemy-exploding sound loaded from: resources/audio/enemy-exploding.wav
INFO: FILEIO: [resources/audio/base-exploding.wav] File loaded successfully
INFO: WAVE: Data loaded successfully (48000 Hz, 16 bit, 1 channels)
INFO: AUDIO: base-exploding sound loaded from: resources/audio/base-exploding.wav

[PROFILE] frame=120 budget=16.667ms alloc(+0/-0, +0b/-0b, live=0b peak=56b)
  frame.total                      avg= 17.133ms p95= 16.968ms max= 37.835ms calls(last=  1,total=120) (102.8% budget)
  frame.fixed_step                 avg=  0.002ms p95=  0.003ms max=  0.004ms calls(last=  1,total=124) (0.0% budget)

[PROFILE] frame=240 budget=16.667ms alloc(+0/-0, +0b/-0b, live=0b peak=488b)
  frame.total                      avg= 16.926ms p95= 16.966ms max= 37.835ms calls(last=  1,total=240) (101.6% budget)
  frame.fixed_step                 avg=  0.003ms p95=  0.003ms max=  0.004ms calls(last=  1,total=246) (0.0% budget)

[PROFILE] frame=360 budget=16.667ms alloc(+11/-11, +190792b/-190792b, live=14560b peak=201936b)
  frame.total                      avg= 17.579ms p95= 17.008ms max= 88.530ms calls(last=  1,total=360) (105.5% budget)
  frame.fixed_step                 avg=  0.156ms p95=  0.004ms max= 12.126ms calls(last=  1,total=372) (0.9% budget)
  game.update                      avg=  0.146ms p95=  0.000ms max= 11.533ms calls(last=  1,total=6) (0.9% budget)
  system.ai_update                 avg=  0.143ms p95=  0.000ms max= 11.393ms calls(last=  1,total=6) (0.9% budget)
  enemy.update                     avg=  0.143ms p95=  0.000ms max= 11.357ms calls(last=  1,total=6) (0.9% budget)
  enemy.physics.frontal_collisions avg=  0.041ms p95=  0.000ms max=  3.257ms calls(last=  1,total=6) (0.2% budget)
  enemy.physics.separation         avg=  0.028ms p95=  0.000ms max=  2.269ms calls(last=  1,total=6) (0.2% budget)
  system.physics_collision         avg=  0.001ms p95=  0.000ms max=  0.035ms calls(last=  1,total=6) (0.0% budget)
  system.spawner_update            avg=  0.000ms p95=  0.000ms max=  0.022ms calls(last=  1,total=6) (0.0% budget)
  system.projectile_update         avg=  0.000ms p95=  0.000ms max=  0.007ms calls(last=  1,total=6) (0.0% budget)
  system.maze_update               avg=  0.000ms p95=  0.000ms max=  0.002ms calls(last=  1,total=6) (0.0% budget)

[PROFILE] frame=480 budget=16.667ms alloc(+79/-79, +761368b/-761368b, live=16344b peak=205672b)
  frame.total                      avg= 25.261ms p95= 86.712ms max= 88.530ms calls(last=  1,total=480) (151.6% budget)
  frame.fixed_step                 avg= 11.947ms p95= 76.314ms max= 77.627ms calls(last=  4,total=536) (71.7% budget)
  game.update                      avg= 11.656ms p95= 75.356ms max= 76.705ms calls(last=  4,total=170) (69.9% budget)
  system.ai_update                 avg= 11.558ms p95= 74.981ms max= 76.370ms calls(last=  4,total=170) (69.3% budget)
  enemy.update                     avg= 11.551ms p95= 74.961ms max= 76.351ms calls(last=  4,total=170) (69.3% budget)
  enemy.physics.frontal_collisions avg=  4.885ms p95= 34.479ms max= 35.208ms calls(last=  4,total=170) (29.3% budget)
  enemy.physics.separation         avg=  4.499ms p95= 33.303ms max= 33.811ms calls(last=  4,total=170) (27.0% budget)
  enemy.type.torpedo               avg=  0.098ms p95=  0.651ms max=  1.389ms calls(last=  4,total=58) (0.6% budget)
  enemy.ai.decision                avg=  0.080ms p95=  0.526ms max=  1.210ms calls(last=  8,total=86) (0.5% budget)
  system.physics_collision         avg=  0.024ms p95=  0.076ms max=  0.085ms calls(last=  4,total=170) (0.1% budget)
  system.spawner_update            avg=  0.019ms p95=  0.048ms max=  0.338ms calls(last=  4,total=170) (0.1% budget)
  system.player_update             avg=  0.011ms p95=  0.103ms max=  0.124ms calls(last=  4,total=50) (0.1% budget)

[PROFILE] frame=600 budget=16.667ms alloc(+397/-397, +833592b/-833592b, live=43112b peak=248808b)
  frame.total                      avg= 92.534ms p95= 98.816ms max= 99.940ms calls(last=  1,total=600) (555.2% budget)
  frame.fixed_step                 avg= 81.578ms p95= 87.092ms max= 88.192ms calls(last=  4,total=1016) (489.5% budget)
  game.update                      avg= 80.442ms p95= 85.756ms max= 86.812ms calls(last=  4,total=650) (482.7% budget)
  system.ai_update                 avg= 80.003ms p95= 85.336ms max= 86.390ms calls(last=  4,total=650) (480.0% budget)
  enemy.update                     avg= 79.984ms p95= 85.319ms max= 86.369ms calls(last=  4,total=650) (479.9% budget)
  enemy.physics.frontal_collisions avg= 34.955ms p95= 35.697ms max= 35.980ms calls(last=  4,total=650) (209.7% budget)
  enemy.physics.separation         avg= 33.449ms p95= 33.934ms max= 34.020ms calls(last=  4,total=650) (200.7% budget)
  enemy.type.torpedo               avg=  3.975ms p95=  7.309ms max=  7.919ms calls(last= 40,total=2728) (23.9% budget)
  enemy.ai.decision                avg=  3.359ms p95=  6.009ms max=  6.504ms calls(last= 76,total=5494) (20.2% budget)
  enemy.type.drone                 avg=  1.206ms p95=  2.183ms max=  2.403ms calls(last= 36,total=2766) (7.2% budget)
  enemy.ai.movement                avg=  1.201ms p95=  2.569ms max=  2.766ms calls(last= 76,total=5494) (7.2% budget)
  enemy.ai.perception              avg=  0.118ms p95=  0.178ms max=  0.289ms calls(last= 76,total=5494) (0.7% budget)

[PROFILE] frame=720 budget=16.667ms alloc(+675/-675, +904856b/-904856b, live=71656b peak=293728b)
  frame.total                      avg=105.060ms p95=111.311ms max=114.739ms calls(last=  1,total=720) (630.4% budget)
  frame.fixed_step                 avg= 93.512ms p95= 99.741ms max=101.917ms calls(last=  4,total=1496) (561.1% budget)
  game.update                      avg= 91.639ms p95= 97.589ms max= 99.584ms calls(last=  4,total=1130) (549.8% budget)
  system.ai_update                 avg= 91.143ms p95= 97.111ms max= 98.825ms calls(last=  4,total=1130) (546.9% budget)
  enemy.update                     avg= 91.123ms p95= 97.092ms max= 98.799ms calls(last=  4,total=1130) (546.7% budget)
  enemy.physics.frontal_collisions avg= 35.788ms p95= 36.496ms max= 36.580ms calls(last=  4,total=1130) (214.7% budget)
  enemy.physics.separation         avg= 33.824ms p95= 34.397ms max= 34.609ms calls(last=  4,total=1130) (202.9% budget)
  enemy.type.torpedo               avg= 10.597ms p95= 13.992ms max= 15.939ms calls(last= 68,total=9347) (63.6% budget)
  enemy.ai.decision                avg=  8.369ms p95= 11.341ms max= 12.915ms calls(last=144,total=18825) (50.2% budget)
  enemy.ai.movement                avg=  4.791ms p95=  7.105ms max=  7.518ms calls(last=144,total=18825) (28.7% budget)
  enemy.type.drone                 avg=  4.003ms p95=  5.683ms max=  6.170ms calls(last= 76,total=9478) (24.0% budget)
  enemy.ai.perception              avg=  0.252ms p95=  0.314ms max=  0.355ms calls(last=144,total=18825) (1.5% budget)

[PROFILE] frame=840 budget=16.667ms alloc(+992/-992, +965280b/-965280b, live=71656b peak=307152b)
  frame.total                      avg=119.766ms p95=126.925ms max=128.414ms calls(last=  1,total=840) (718.6% budget)
  frame.fixed_step                 avg=107.772ms p95=114.355ms max=116.239ms calls(last=  4,total=1976) (646.6% budget)
  game.update                      avg=104.689ms p95=110.836ms max=112.631ms calls(last=  4,total=1610) (628.1% budget)
  system.ai_update                 avg=104.155ms p95=110.325ms max=112.130ms calls(last=  4,total=1610) (624.9% budget)
  enemy.update                     avg=104.134ms p95=110.308ms max=112.112ms calls(last=  4,total=1610) (624.8% budget)
  enemy.physics.frontal_collisions avg= 36.420ms p95= 36.696ms max= 37.337ms calls(last=  4,total=1610) (218.5% budget)
  enemy.physics.separation         avg= 33.984ms p95= 34.133ms max= 34.661ms calls(last=  4,total=1610) (203.9% budget)
  enemy.type.torpedo               avg= 18.389ms p95= 23.253ms max= 25.108ms calls(last=100,total=19725) (110.3% budget)
  enemy.ai.decision                avg= 13.152ms p95= 16.526ms max= 18.597ms calls(last=200,total=40024) (78.9% budget)
  enemy.ai.movement                avg= 11.016ms p95= 13.727ms max= 13.866ms calls(last=200,total=40024) (66.1% budget)
  enemy.type.drone                 avg=  8.018ms p95=  9.517ms max=  9.740ms calls(last=100,total=20299) (48.1% budget)
  enemy.ai.perception              avg=  0.385ms p95=  0.451ms max=  0.492ms calls(last=200,total=40024) (2.3% budget)

[PROFILE] frame=960 budget=16.667ms alloc(+1225/-1225, +1012200b/-1012200b, live=71656b peak=317792b)
  frame.total                      avg=132.715ms p95=139.226ms max=141.977ms calls(last=  1,total=960) (796.3% budget)
  frame.fixed_step                 avg=120.308ms p95=126.826ms max=129.578ms calls(last=  4,total=2456) (721.8% budget)
  game.update                      avg=115.983ms p95=122.021ms max=124.791ms calls(last=  4,total=2090) (695.9% budget)
  system.ai_update                 avg=115.423ms p95=121.477ms max=123.928ms calls(last=  4,total=2090) (692.5% budget)
  enemy.update                     avg=115.403ms p95=121.458ms max=123.905ms calls(last=  4,total=2090) (692.4% budget)
  enemy.physics.frontal_collisions avg= 36.827ms p95= 37.229ms max= 37.450ms calls(last=  4,total=2090) (221.0% budget)
  enemy.physics.separation         avg= 34.095ms p95= 34.307ms max= 34.661ms calls(last=  4,total=2090) (204.6% budget)
  enemy.type.torpedo               avg= 24.991ms p95= 28.982ms max= 31.424ms calls(last=120,total=32918) (149.9% budget)
  enemy.ai.movement                avg= 17.268ms p95= 19.820ms max= 20.088ms calls(last=244,total=67112) (103.6% budget)
  enemy.ai.decision                avg= 16.713ms p95= 20.392ms max= 22.068ms calls(last=244,total=67112) (100.3% budget)
  enemy.type.drone                 avg= 11.825ms p95= 13.243ms max= 13.632ms calls(last=124,total=34194) (71.0% budget)
  enemy.ai.perception              avg=  0.484ms p95=  0.530ms max=  0.549ms calls(last=244,total=67112) (2.9% budget)

[PROFILE] frame=1080 budget=16.667ms alloc(+1296/-1296, +1032400b/-1032400b, live=128744b peak=379704b)
  frame.total                      avg=143.314ms p95=147.889ms max=149.848ms calls(last=  1,total=1080) (859.9% budget)
  frame.fixed_step                 avg=130.587ms p95=134.671ms max=137.202ms calls(last=  4,total=2936) (783.5% budget)
  game.update                      avg=125.270ms p95=129.500ms max=131.731ms calls(last=  4,total=2570) (751.6% budget)
  system.ai_update                 avg=124.705ms p95=128.951ms max=131.130ms calls(last=  4,total=2570) (748.2% budget)
  enemy.update                     avg=124.684ms p95=128.931ms max=131.108ms calls(last=  4,total=2570) (748.1% budget)
  enemy.physics.frontal_collisions avg= 37.572ms p95= 37.829ms max= 38.028ms calls(last=  4,total=2570) (225.4% budget)
  enemy.physics.separation         avg= 34.449ms p95= 34.768ms max= 34.969ms calls(last=  4,total=2570) (206.7% budget)
  enemy.type.torpedo               avg= 30.364ms p95= 34.222ms max= 35.897ms calls(last=128,total=48102) (182.2% budget)
  enemy.ai.movement                avg= 21.666ms p95= 23.336ms max= 24.048ms calls(last=264,total=98093) (130.0% budget)
  enemy.ai.decision                avg= 19.853ms p95= 23.406ms max= 25.273ms calls(last=264,total=98093) (119.1% budget)
  enemy.type.drone                 avg= 14.397ms p95= 15.778ms max= 16.274ms calls(last=136,total=49991) (86.4% budget)
  enemy.ai.perception              avg=  0.550ms p95=  0.578ms max=  0.619ms calls(last=264,total=98093) (3.3% budget)

[PROFILE] frame=1200 budget=16.667ms alloc(+1314/-1314, +1047888b/-1047888b, live=128744b peak=383416b)
  frame.total                      avg=147.610ms p95=150.819ms max=151.813ms calls(last=  1,total=1200) (885.7% budget)
  frame.fixed_step                 avg=134.644ms p95=137.670ms max=138.742ms calls(last=  4,total=3416) (807.9% budget)
  game.update                      avg=128.734ms p95=131.571ms max=132.855ms calls(last=  4,total=3050) (772.4% budget)
  system.ai_update                 avg=128.165ms p95=131.002ms max=132.295ms calls(last=  4,total=3050) (769.0% budget)
  enemy.update                     avg=128.145ms p95=130.978ms max=132.272ms calls(last=  4,total=3050) (768.9% budget)
  enemy.physics.frontal_collisions avg= 37.835ms p95= 38.302ms max= 38.550ms calls(last=  4,total=3050) (227.0% budget)
  enemy.physics.separation         avg= 34.628ms p95= 35.086ms max= 35.697ms calls(last=  4,total=3050) (207.8% budget)
  enemy.type.torpedo               avg= 30.897ms p95= 32.857ms max= 35.897ms calls(last=128,total=63462) (185.4% budget)
  enemy.ai.movement                avg= 24.359ms p95= 25.344ms max= 25.509ms calls(last=280,total=131039) (146.2% budget)
  enemy.ai.decision                avg= 19.833ms p95= 22.210ms max= 25.273ms calls(last=280,total=131039) (119.0% budget)
  enemy.type.drone                 avg= 16.734ms p95= 17.387ms max= 17.985ms calls(last=152,total=67577) (100.4% budget)
  enemy.ai.perception              avg=  0.585ms p95=  0.624ms max=  0.765ms calls(last=280,total=131039) (3.5% budget)

[PROFILE] frame=1320 budget=16.667ms alloc(+1334/-1334, +1056048b/-1056048b, live=128744b peak=385328b)
  frame.total                      avg=148.917ms p95=152.235ms max=153.344ms calls(last=  1,total=1320) (893.5% budget)
  frame.fixed_step                 avg=136.128ms p95=139.089ms max=139.988ms calls(last=  4,total=3896) (816.8% budget)
  game.update                      avg=129.935ms p95=132.911ms max=133.913ms calls(last=  4,total=3530) (779.6% budget)
  system.ai_update                 avg=129.365ms p95=132.347ms max=133.253ms calls(last=  4,total=3530) (776.2% budget)
  enemy.update                     avg=129.344ms p95=132.323ms max=133.232ms calls(last=  4,total=3530) (776.1% budget)
  enemy.physics.frontal_collisions avg= 37.680ms p95= 38.071ms max= 38.550ms calls(last=  4,total=3530) (226.1% budget)
  enemy.physics.separation         avg= 34.505ms p95= 34.943ms max= 35.697ms calls(last=  4,total=3530) (207.0% budget)
  enemy.type.torpedo               avg= 30.964ms p95= 33.482ms max= 35.897ms calls(last=128,total=78822) (185.8% budget)
  enemy.ai.movement                avg= 25.798ms p95= 27.565ms max= 27.686ms calls(last=288,total=165006) (154.8% budget)
  enemy.ai.decision                avg= 19.788ms p95= 22.693ms max= 25.273ms calls(last=288,total=165006) (118.7% budget)
  enemy.type.drone                 avg= 18.123ms p95= 19.304ms max= 20.036ms calls(last=160,total=86184) (108.7% budget)
  enemy.ai.perception              avg=  0.598ms p95=  0.639ms max=  0.765ms calls(last=288,total=165006) (3.6% budget)

[PROFILE] frame=1440 budget=16.667ms alloc(+7/-7, +3416b/-3416b, live=128784b peak=385544b)
  frame.total                      avg=117.961ms p95=154.532ms max=155.879ms calls(last=  1,total=1440) (707.8% budget)
  frame.fixed_step                 avg=104.071ms p95=141.248ms max=142.972ms calls(last=  1,total=4292) (624.4% budget)
  game.update                      avg= 99.237ms p95=134.894ms max=136.668ms calls(last=  0,total=3894) (595.4% budget)
  system.ai_update                 avg= 98.799ms p95=134.321ms max=136.092ms calls(last=  0,total=3894) (592.8% budget)
  enemy.update                     avg= 98.783ms p95=134.300ms max=136.071ms calls(last=  0,total=3894) (592.7% budget)
  enemy.physics.frontal_collisions avg= 28.577ms p95= 38.172ms max= 38.550ms calls(last=  0,total=3894) (171.5% budget)
  enemy.physics.separation         avg= 26.159ms p95= 34.858ms max= 35.697ms calls(last=  0,total=3894) (157.0% budget)
  enemy.type.torpedo               avg= 23.603ms p95= 34.481ms max= 36.303ms calls(last=  0,total=90586) (141.6% budget)
  enemy.ai.movement                avg= 20.173ms p95= 27.173ms max= 27.686ms calls(last=  0,total=191214) (121.0% budget)
  enemy.ai.decision                avg= 14.997ms p95= 22.797ms max= 25.273ms calls(last=  0,total=191214) (90.0% budget)
  enemy.type.drone                 avg= 14.267ms p95= 19.540ms max= 20.036ms calls(last=  0,total=100628) (85.6% budget)
  enemy.ai.perception              avg=  0.461ms p95=  0.641ms max=  0.765ms calls(last=  0,total=191214) (2.8% budget)

[PROFILE] frame=1560 budget=16.667ms alloc(+0/-0, +0b/-0b, live=128784b peak=385544b)
  frame.total                      avg= 16.923ms p95= 17.104ms max=155.879ms calls(last=  1,total=1560) (101.5% budget)
  frame.fixed_step                 avg=  0.003ms p95=  0.003ms max=142.972ms calls(last=  1,total=4415) (0.0% budget)
  system.ai_update                 avg=  0.000ms p95=  0.000ms max=136.092ms calls(last=  0,total=3894) (0.0% budget)
  system.player_update             avg=  0.000ms p95=  0.000ms max=  0.210ms calls(last=  0,total=3774) (0.0% budget)
  system.projectile_update         avg=  0.000ms p95=  0.000ms max=  0.044ms calls(last=  0,total=3894) (0.0% budget)
  system.physics_collision         avg=  0.000ms p95=  0.000ms max=  0.205ms calls(last=  0,total=3894) (0.0% budget)
  system.spawner_update            avg=  0.000ms p95=  0.000ms max=  0.744ms calls(last=  0,total=3894) (0.0% budget)
  system.maze_update               avg=  0.000ms p95=  0.000ms max=  0.004ms calls(last=  0,total=3894) (0.0% budget)
  enemy.update                     avg=  0.000ms p95=  0.000ms max=136.071ms calls(last=  0,total=3894) (0.0% budget)
  enemy.type.drone                 avg=  0.000ms p95=  0.000ms max= 20.036ms calls(last=  0,total=100628) (0.0% budget)
  enemy.type.torpedo               avg=  0.000ms p95=  0.000ms max= 36.303ms calls(last=  0,total=90586) (0.0% budget)
  game.update                      avg=  0.000ms p95=  0.000ms max=136.668ms calls(last=  0,total=3894) (0.0% budget)
INFO: TEXTURE: [ID 3] Unloaded texture data from VRAM (GPU)
INFO: TEXTURE: [ID 4] Unloaded texture data from VRAM (GPU)
INFO: AUDIO: Device closed successfully
INFO: TEXTURE: [ID 2] Unloaded texture data from VRAM (GPU)
INFO: SHADER: [ID 3] Default shader unloaded successfully
INFO: TEXTURE: [ID 1] Default texture unloaded successfully
INFO: Window closed successfully
