INFO: Initializing raylib 5.6-dev
INFO: Platform backend: DESKTOP (SDL)
INFO: Supported raylib modules:
INFO:     > rcore:..... loaded (mandatory)
INFO:     > rlgl:...... loaded (mandatory)
INFO:     > rshapes:... loaded (optional)
INFO:     > rtextures:. loaded (optional)
INFO:     > rtext:..... loaded (optional)
INFO:     > rmodels:... loaded (optional)
INFO:     > raudio:.... loaded (optional)
arm_release_ver: g13p0-01eac0, rk_so_ver: 11
INFO: DISPLAY: Device initialized successfully
INFO:     > Display size: 640 x 480
INFO:     > Screen size:  640 x 480
INFO:     > Render size:  640 x 480
INFO:     > Viewport offsets: 0, 0
INFO: GLAD: OpenGL ES 2.0 loaded successfully
INFO: GL: Supported extensions count: 99
INFO: GL: OpenGL device information:
INFO:     > Vendor:   ARM
INFO:     > Renderer: Mali-G52
INFO:     > Version:  OpenGL ES 3.2 v1.g13p0-01eac0.fdf91928d758c45c1787782175b35c6a
INFO:     > GLSL:     OpenGL ES GLSL ES 3.20
INFO: GL: VAO extension detected, VAO functions loaded successfully
INFO: GL: NPOT textures extension detected, full NPOT textures supported
INFO: GL: ETC1 compressed textures supported
INFO: GL: ASTC compressed textures supported
INFO: PLATFORM: DESKTOP (SDL2): Initialized successfully
INFO: TEXTURE: [ID 1] Texture loaded successfully (1x1 | R8G8B8A8 | 1 mipmaps)
INFO: TEXTURE: [ID 1] Default texture loaded successfully
INFO: SHADER: [ID 1] Vertex shader compiled successfully
INFO: SHADER: [ID 2] Fragment shader compiled successfully
INFO: SHADER: [ID 3] Program shader loaded successfully
INFO: SHADER: [ID 3] Default shader loaded successfully
INFO: RLGL: Render batch vertex buffers loaded successfully in RAM (CPU)
INFO: RLGL: Render batch vertex buffers loaded successfully in VRAM (GPU)
INFO: RLGL: Default OpenGL state initialized successfully
INFO: TEXTURE: [ID 2] Texture loaded successfully (128x128 | GRAY_ALPHA | 1 mipmaps)
INFO: FONT: Default font loaded successfully (224 glyphs)
INFO: SYSTEM: Working Directory: /roms2/ports/bolt
INFO: TIMER: Target time per frame: 16.667 milliseconds
INFO: FILEIO: [resources/textures/sprites.png] File loaded successfully
INFO: IMAGE: Data loaded successfully (18x63 | R8G8B8A8 | 1 mipmaps)
INFO: TEXTURE: [ID 3] Texture loaded successfully (72x9 | R8G8B8A8 | 1 mipmaps)
INFO: TEXTURE: [ID 4] Texture loaded successfully (72x36 | R8G8B8A8 | 1 mipmaps)
INFO: AUDIO: Device initialized successfully
INFO:     > Backend:       miniaudio | ALSA
INFO:     > Format:        32-bit IEEE Floating Point -> 32-bit IEEE Floating Point
INFO:     > Channels:      2 -> 2
INFO:     > Sample rate:   44100 -> 44100
INFO:     > Periods size:  3072
INFO: FILEIO: [resources/audio/keyboard-click.wav] File loaded successfully
INFO: WAVE: Data loaded successfully (48000 Hz, 16 bit, 1 channels)
INFO: AUDIO: menu click sound loaded from: resources/audio/keyboard-click.wav
INFO: FILEIO: [resources/audio/power-up.wav] File loaded successfully
INFO: WAVE: Data loaded successfully (48000 Hz, 16 bit, 1 channels)
INFO: AUDIO: power-up sound loaded from: resources/audio/power-up.wav
INFO: FILEIO: [resources/audio/player-shot.wav] File loaded successfully
INFO: WAVE: Data loaded successfully (48000 Hz, 16 bit, 1 channels)
INFO: AUDIO: player-shot sound loaded from: resources/audio/player-shot.wav
INFO: FILEIO: [resources/audio/enemy-shot.wav] File loaded successfully
INFO: WAVE: Data loaded successfully (48000 Hz, 16 bit, 1 channels)
INFO: AUDIO: enemy-shot sound loaded from: resources/audio/enemy-shot.wav
INFO: FILEIO: [resources/audio/enemy-spawning.wav] File loaded successfully
INFO: WAVE: Data loaded successfully (48000 Hz, 16 bit, 1 channels)
INFO: AUDIO: enemy-spawning sound loaded from: resources/audio/enemy-spawning.wav
INFO: FILEIO: [resources/audio/enemy-exploding.wav] File loaded successfully
INFO: WAVE: Data loaded successfully (48000 Hz, 16 bit, 1 channels)
INFO: AUDIO: enemy-exploding sound loaded from: resources/audio/enemy-exploding.wav
INFO: FILEIO: [resources/audio/base-exploding.wav] File loaded successfully
INFO: WAVE: Data loaded successfully (48000 Hz, 16 bit, 1 channels)
INFO: AUDIO: base-exploding sound loaded from: resources/audio/base-exploding.wav

[PROFILE] frame=120 budget=16.667ms alloc(+0/-0, +0b/-0b, live=0b peak=56b)
  frame.total                      win= 17.099ms avg= 17.099ms p95= 16.986ms max= 35.660ms calls(last=  1,win= 120,total=120) (win 102.6% | avg 102.6% budget)
  frame.render                     win= 17.061ms avg= 17.061ms p95= 16.949ms max= 35.620ms calls(last=  1,win= 120,total=120) (win 102.4% | avg 102.4% budget)
  frame.present                    win= 17.054ms avg= 17.054ms p95= 16.942ms max= 35.612ms calls(last=  1,win= 120,total=120) (win 102.3% | avg 102.3% budget)
  frame.input_poll                 win=  0.027ms avg=  0.027ms p95=  0.028ms max=  0.030ms calls(last=  1,win= 120,total=120) (win 0.2% | avg 0.2% budget)
  frame.fixed_step                 win=  0.002ms avg=  0.002ms p95=  0.003ms max=  0.005ms calls(last=  1,win= 124,total=124) (win 0.0% | avg 0.0% budget)

[PROFILE] frame=240 budget=16.667ms alloc(+0/-0, +0b/-0b, live=0b peak=488b)
  frame.total                      win= 16.914ms avg= 16.914ms p95= 16.981ms max= 35.660ms calls(last=  1,win= 120,total=240) (win 101.5% | avg 101.5% budget)
  frame.render                     win= 16.876ms avg= 16.876ms p95= 16.945ms max= 35.620ms calls(last=  1,win= 120,total=240) (win 101.3% | avg 101.3% budget)
  frame.present                    win= 16.868ms avg= 16.868ms p95= 16.937ms max= 35.612ms calls(last=  1,win= 120,total=240) (win 101.2% | avg 101.2% budget)
  frame.input_poll                 win=  0.027ms avg=  0.027ms p95=  0.029ms max=  0.030ms calls(last=  1,win= 120,total=240) (win 0.2% | avg 0.2% budget)
  frame.fixed_step                 win=  0.002ms avg=  0.002ms p95=  0.003ms max=  0.005ms calls(last=  1,win= 122,total=246) (win 0.0% | avg 0.0% budget)

[PROFILE] frame=360 budget=16.667ms alloc(+0/-0, +0b/-0b, live=0b peak=488b)
  frame.total                      win= 16.916ms avg= 16.916ms p95= 16.984ms max= 35.660ms calls(last=  1,win= 120,total=360) (win 101.5% | avg 101.5% budget)
  frame.render                     win= 16.878ms avg= 16.878ms p95= 16.945ms max= 35.620ms calls(last=  1,win= 120,total=360) (win 101.3% | avg 101.3% budget)
  frame.present                    win= 16.870ms avg= 16.870ms p95= 16.938ms max= 35.612ms calls(last=  1,win= 120,total=360) (win 101.2% | avg 101.2% budget)
  frame.input_poll                 win=  0.027ms avg=  0.027ms p95=  0.029ms max=  0.031ms calls(last=  1,win= 120,total=360) (win 0.2% | avg 0.2% budget)
  frame.fixed_step                 win=  0.002ms avg=  0.002ms p95=  0.003ms max=  0.005ms calls(last=  1,win= 123,total=369) (win 0.0% | avg 0.0% budget)

[PROFILE] frame=480 budget=16.667ms alloc(+0/-0, +0b/-0b, live=0b peak=488b)
  frame.total                      win= 16.917ms avg= 16.917ms p95= 16.965ms max= 35.660ms calls(last=  1,win= 120,total=480) (win 101.5% | avg 101.5% budget)
  frame.render                     win= 16.878ms avg= 16.878ms p95= 16.925ms max= 35.620ms calls(last=  1,win= 120,total=480) (win 101.3% | avg 101.3% budget)
  frame.present                    win= 16.871ms avg= 16.871ms p95= 16.918ms max= 35.612ms calls(last=  1,win= 120,total=480) (win 101.2% | avg 101.2% budget)
  frame.input_poll                 win=  0.028ms avg=  0.028ms p95=  0.028ms max=  0.060ms calls(last=  1,win= 120,total=480) (win 0.2% | avg 0.2% budget)
  frame.fixed_step                 win=  0.002ms avg=  0.003ms p95=  0.003ms max=  0.033ms calls(last=  1,win= 122,total=491) (win 0.0% | avg 0.0% budget)

[PROFILE] frame=600 budget=16.667ms alloc(+0/-0, +0b/-0b, live=0b peak=488b)
  frame.total                      win= 16.916ms avg= 16.916ms p95= 16.966ms max= 35.660ms calls(last=  1,win= 120,total=600) (win 101.5% | avg 101.5% budget)
  frame.render                     win= 16.877ms avg= 16.877ms p95= 16.927ms max= 35.620ms calls(last=  1,win= 120,total=600) (win 101.3% | avg 101.3% budget)
  frame.present                    win= 16.870ms avg= 16.870ms p95= 16.919ms max= 35.612ms calls(last=  1,win= 120,total=600) (win 101.2% | avg 101.2% budget)
  frame.input_poll                 win=  0.027ms avg=  0.027ms p95=  0.028ms max=  0.060ms calls(last=  1,win= 120,total=600) (win 0.2% | avg 0.2% budget)
  frame.fixed_step                 win=  0.002ms avg=  0.002ms p95=  0.003ms max=  0.033ms calls(last=  1,win= 122,total=613) (win 0.0% | avg 0.0% budget)

[PROFILE] frame=720 budget=16.667ms alloc(+0/-0, +0b/-0b, live=0b peak=488b)
  frame.total                      win= 16.915ms avg= 16.915ms p95= 17.114ms max= 35.660ms calls(last=  1,win= 120,total=720) (win 101.5% | avg 101.5% budget)
  frame.render                     win= 16.877ms avg= 16.877ms p95= 17.076ms max= 35.620ms calls(last=  1,win= 120,total=720) (win 101.3% | avg 101.3% budget)
  frame.present                    win= 16.870ms avg= 16.870ms p95= 17.054ms max= 35.612ms calls(last=  1,win= 120,total=720) (win 101.2% | avg 101.2% budget)
  frame.input_poll                 win=  0.027ms avg=  0.027ms p95=  0.028ms max=  0.060ms calls(last=  1,win= 120,total=720) (win 0.2% | avg 0.2% budget)
  frame.fixed_step                 win=  0.002ms avg=  0.002ms p95=  0.003ms max=  0.033ms calls(last=  1,win= 123,total=736) (win 0.0% | avg 0.0% budget)

[PROFILE] frame=840 budget=16.667ms alloc(+0/-0, +0b/-0b, live=0b peak=488b)
  frame.total                      win= 16.917ms avg= 16.917ms p95= 16.970ms max= 35.660ms calls(last=  1,win= 120,total=840) (win 101.5% | avg 101.5% budget)
  frame.render                     win= 16.879ms avg= 16.879ms p95= 16.932ms max= 35.620ms calls(last=  1,win= 120,total=840) (win 101.3% | avg 101.3% budget)
  frame.present                    win= 16.872ms avg= 16.872ms p95= 16.926ms max= 35.612ms calls(last=  1,win= 120,total=840) (win 101.2% | avg 101.2% budget)
  frame.input_poll                 win=  0.027ms avg=  0.027ms p95=  0.028ms max=  0.060ms calls(last=  1,win= 120,total=840) (win 0.2% | avg 0.2% budget)
  frame.fixed_step                 win=  0.002ms avg=  0.002ms p95=  0.003ms max=  0.033ms calls(last=  1,win= 122,total=858) (win 0.0% | avg 0.0% budget)

[PROFILE] frame=960 budget=16.667ms alloc(+0/-0, +0b/-0b, live=0b peak=488b)
  frame.total                      win= 16.917ms avg= 16.917ms p95= 16.970ms max= 35.660ms calls(last=  1,win= 120,total=960) (win 101.5% | avg 101.5% budget)
  frame.render                     win= 16.879ms avg= 16.879ms p95= 16.931ms max= 35.620ms calls(last=  1,win= 120,total=960) (win 101.3% | avg 101.3% budget)
  frame.present                    win= 16.872ms avg= 16.872ms p95= 16.925ms max= 35.612ms calls(last=  1,win= 120,total=960) (win 101.2% | avg 101.2% budget)
  frame.input_poll                 win=  0.027ms avg=  0.027ms p95=  0.028ms max=  0.060ms calls(last=  1,win= 120,total=960) (win 0.2% | avg 0.2% budget)
  frame.fixed_step                 win=  0.002ms avg=  0.002ms p95=  0.003ms max=  0.033ms calls(last=  1,win= 123,total=981) (win 0.0% | avg 0.0% budget)

[PROFILE] frame=1080 budget=16.667ms alloc(+0/-0, +0b/-0b, live=0b peak=488b)
  frame.total                      win= 16.917ms avg= 16.917ms p95= 16.969ms max= 35.660ms calls(last=  1,win= 120,total=1080) (win 101.5% | avg 101.5% budget)
  frame.render                     win= 16.879ms avg= 16.879ms p95= 16.930ms max= 35.620ms calls(last=  1,win= 120,total=1080) (win 101.3% | avg 101.3% budget)
  frame.present                    win= 16.872ms avg= 16.872ms p95= 16.923ms max= 35.612ms calls(last=  1,win= 120,total=1080) (win 101.2% | avg 101.2% budget)
  frame.input_poll                 win=  0.027ms avg=  0.027ms p95=  0.028ms max=  0.060ms calls(last=  1,win= 120,total=1080) (win 0.2% | avg 0.2% budget)
  frame.fixed_step                 win=  0.002ms avg=  0.002ms p95=  0.003ms max=  0.033ms calls(last=  1,win= 122,total=1103) (win 0.0% | avg 0.0% budget)

[PROFILE] frame=1200 budget=16.667ms alloc(+0/-0, +0b/-0b, live=0b peak=488b)
  frame.total                      win= 16.916ms avg= 16.916ms p95= 16.964ms max= 35.660ms calls(last=  1,win= 120,total=1200) (win 101.5% | avg 101.5% budget)
  frame.render                     win= 16.878ms avg= 16.878ms p95= 16.926ms max= 35.620ms calls(last=  1,win= 120,total=1200) (win 101.3% | avg 101.3% budget)
  frame.present                    win= 16.870ms avg= 16.870ms p95= 16.919ms max= 35.612ms calls(last=  1,win= 120,total=1200) (win 101.2% | avg 101.2% budget)
  frame.input_poll                 win=  0.028ms avg=  0.028ms p95=  0.029ms max=  0.076ms calls(last=  1,win= 120,total=1200) (win 0.2% | avg 0.2% budget)
  frame.fixed_step                 win=  0.002ms avg=  0.002ms p95=  0.003ms max=  0.033ms calls(last=  1,win= 122,total=1225) (win 0.0% | avg 0.0% budget)

[PROFILE] frame=1320 budget=16.667ms alloc(+0/-0, +0b/-0b, live=0b peak=488b)
  frame.total                      win= 16.917ms avg= 16.917ms p95= 16.968ms max= 35.660ms calls(last=  1,win= 120,total=1320) (win 101.5% | avg 101.5% budget)
  frame.render                     win= 16.877ms avg= 16.877ms p95= 16.930ms max= 35.620ms calls(last=  1,win= 120,total=1320) (win 101.3% | avg 101.3% budget)
  frame.present                    win= 16.870ms avg= 16.870ms p95= 16.923ms max= 35.612ms calls(last=  1,win= 120,total=1320) (win 101.2% | avg 101.2% budget)
  frame.input_poll                 win=  0.028ms avg=  0.028ms p95=  0.029ms max=  0.095ms calls(last=  1,win= 120,total=1320) (win 0.2% | avg 0.2% budget)
  frame.fixed_step                 win=  0.002ms avg=  0.002ms p95=  0.003ms max=  0.033ms calls(last=  1,win= 123,total=1348) (win 0.0% | avg 0.0% budget)

[PROFILE] frame=1440 budget=16.667ms alloc(+0/-0, +0b/-0b, live=0b peak=488b)
  frame.total                      win= 16.917ms avg= 16.917ms p95= 16.968ms max= 35.660ms calls(last=  1,win= 120,total=1440) (win 101.5% | avg 101.5% budget)
  frame.render                     win= 16.878ms avg= 16.878ms p95= 16.929ms max= 35.620ms calls(last=  1,win= 120,total=1440) (win 101.3% | avg 101.3% budget)
  frame.present                    win= 16.871ms avg= 16.871ms p95= 16.921ms max= 35.612ms calls(last=  1,win= 120,total=1440) (win 101.2% | avg 101.2% budget)
  frame.input_poll                 win=  0.028ms avg=  0.028ms p95=  0.029ms max=  0.095ms calls(last=  1,win= 120,total=1440) (win 0.2% | avg 0.2% budget)
  frame.fixed_step                 win=  0.002ms avg=  0.002ms p95=  0.003ms max=  0.033ms calls(last=  1,win= 122,total=1470) (win 0.0% | avg 0.0% budget)

[PROFILE] frame=1560 budget=16.667ms alloc(+0/-0, +0b/-0b, live=0b peak=488b)
  frame.total                      win= 16.916ms avg= 16.916ms p95= 16.967ms max= 35.660ms calls(last=  1,win= 120,total=1560) (win 101.5% | avg 101.5% budget)
  frame.render                     win= 16.878ms avg= 16.878ms p95= 16.930ms max= 35.620ms calls(last=  1,win= 120,total=1560) (win 101.3% | avg 101.3% budget)
  frame.present                    win= 16.871ms avg= 16.871ms p95= 16.923ms max= 35.612ms calls(last=  1,win= 120,total=1560) (win 101.2% | avg 101.2% budget)
  frame.input_poll                 win=  0.027ms avg=  0.027ms p95=  0.029ms max=  0.095ms calls(last=  1,win= 120,total=1560) (win 0.2% | avg 0.2% budget)
  frame.fixed_step                 win=  0.002ms avg=  0.002ms p95=  0.003ms max=  0.033ms calls(last=  1,win= 123,total=1593) (win 0.0% | avg 0.0% budget)

[PROFILE] frame=1680 budget=16.667ms alloc(+139/-139, +838008b/-838008b, live=43752b peak=252096b)
  frame.total                      win= 50.582ms avg= 50.582ms p95= 89.567ms max= 90.906ms calls(last=  1,win= 120,total=1680) (win 303.5% | avg 303.5% budget)
  game.update                      win= 17.065ms avg= 36.122ms p95= 77.084ms max= 78.344ms calls(last=  4,win= 254,total=254) (win 102.4% | avg 216.7% budget)
  system.ai_update                 win= 16.930ms avg= 35.835ms p95= 76.320ms max= 77.306ms calls(last=  4,win= 254,total=254) (win 101.6% | avg 215.0% budget)
  enemy.update                     win= 16.924ms avg= 35.823ms p95= 76.298ms max= 77.285ms calls(last=  4,win= 254,total=254) (win 101.5% | avg 214.9% budget)
  frame.fixed_step                 win= 15.258ms avg= 36.746ms p95= 78.397ms max= 79.475ms calls(last=  4,win= 289,total=1882) (win 91.5% | avg 220.5% budget)
  frame.render                     win= 13.791ms avg= 13.791ms p95= 16.920ms max= 85.876ms calls(last=  1,win= 120,total=1680) (win 82.7% | avg 82.7% budget)
  frame.present                    win= 13.784ms avg= 13.784ms p95= 16.913ms max= 85.869ms calls(last=  1,win= 120,total=1680) (win 82.7% | avg 82.7% budget)
  enemy.physics.frontal_collisions win=  7.749ms avg= 16.402ms p95= 35.267ms max= 35.696ms calls(last=  4,win= 254,total=254) (win 46.5% | avg 98.4% budget)
  enemy.physics.separation         win=  7.467ms avg= 15.805ms p95= 34.089ms max= 34.726ms calls(last=  4,win= 254,total=254) (win 44.8% | avg 94.8% budget)
  frame.render.world               win=  5.265ms avg=  3.730ms p95=  5.541ms max=  5.757ms calls(last=  1,win=  85,total=85) (win 31.6% | avg 22.4% budget)
  frame.render.overlay             win=  3.032ms avg=  2.147ms p95=  3.768ms max=  4.158ms calls(last=  1,win=  85,total=85) (win 18.2% | avg 12.9% budget)
  enemy.cheap.segment_build        win=  0.237ms avg=  0.077ms p95=  0.415ms max=  0.567ms calls(last=  2,win=  39,total=39) (win 1.4% | avg 0.5% budget)
  system.spawner_update            win=  0.064ms avg=  0.136ms p95=  0.523ms max=  1.252ms calls(last=  4,win= 254,total=254) (win 0.4% | avg 0.8% budget)
  system.player_update             win=  0.030ms avg=  0.033ms p95=  0.124ms max=  0.132ms calls(last=  4,win= 134,total=134) (win 0.2% | avg 0.2% budget)
  frame.input_poll                 win=  0.027ms avg=  0.027ms p95=  0.029ms max=  0.095ms calls(last=  1,win= 120,total=1680) (win 0.2% | avg 0.2% budget)
  system.physics_collision         win=  0.021ms avg=  0.045ms p95=  0.098ms max=  0.104ms calls(last=  4,win= 254,total=254) (win 0.1% | avg 0.3% budget)
  enemy.type.torpedo               win=  0.009ms avg=  0.100ms p95=  0.420ms max=  0.690ms calls(last= 28,win=1288,total=1288) (win 0.1% | avg 0.6% budget)
  enemy.type.drone                 win=  0.006ms avg=  0.085ms p95=  0.393ms max=  0.654ms calls(last= 60,win=1785,total=1785) (win 0.0% | avg 0.5% budget)
  system.projectile_update         win=  0.003ms avg=  0.007ms p95=  0.015ms max=  0.016ms calls(last=  4,win= 254,total=254) (win 0.0% | avg 0.0% budget)
  system.maze_update               win=  0.001ms avg=  0.001ms p95=  0.004ms max=  0.004ms calls(last=  4,win= 254,total=254) (win 0.0% | avg 0.0% budget)
[ENEMY_STATS] frame=1680 alive=22 visible=0 full=0 cheap=22 fullInBase=0 pairs(frontal=0 checks=0 separation=0 resolved=0)

[PROFILE] frame=1800 budget=16.667ms alloc(+291/-291, +987192b/-987192b, live=72936b peak=317672b)
  frame.total                      win= 91.745ms avg= 91.745ms p95= 94.666ms max= 95.765ms calls(last=  1,win= 120,total=1800) (win 550.5% | avg 550.5% budget)
  frame.fixed_step                 win= 20.124ms avg= 80.498ms p95= 82.929ms max= 83.540ms calls(last=  4,win= 480,total=2362) (win 120.7% | avg 483.0% budget)
  game.update                      win= 19.398ms avg= 77.593ms p95= 78.733ms max= 79.195ms calls(last=  4,win= 480,total=734) (win 116.4% | avg 465.6% budget)
  system.ai_update                 win= 19.216ms avg= 76.865ms p95= 77.823ms max= 78.383ms calls(last=  4,win= 480,total=734) (win 115.3% | avg 461.2% budget)
  enemy.update                     win= 19.211ms avg= 76.843ms p95= 77.796ms max= 78.361ms calls(last=  4,win= 480,total=734) (win 115.3% | avg 461.1% budget)
  frame.render                     win= 11.196ms avg= 11.196ms p95= 12.266ms max= 85.876ms calls(last=  1,win= 120,total=1800) (win 67.2% | avg 67.2% budget)
  frame.present                    win= 11.189ms avg= 11.189ms p95= 12.259ms max= 85.869ms calls(last=  1,win= 120,total=1800) (win 67.1% | avg 67.1% budget)
  enemy.physics.frontal_collisions win=  8.738ms avg= 34.954ms p95= 35.114ms max= 35.807ms calls(last=  4,win= 480,total=734) (win 52.4% | avg 209.7% budget)
  enemy.physics.separation         win=  8.449ms avg= 33.797ms p95= 33.947ms max= 34.726ms calls(last=  4,win= 480,total=734) (win 50.7% | avg 202.8% budget)
  frame.render.world               win=  5.607ms avg=  5.607ms p95=  5.949ms max=  6.028ms calls(last=  1,win= 120,total=205) (win 33.6% | avg 33.6% budget)
  frame.render.overlay             win=  3.110ms avg=  3.110ms p95=  3.763ms max=  4.158ms calls(last=  1,win= 120,total=205) (win 18.7% | avg 18.7% budget)
  enemy.cheap.segment_build        win=  0.236ms avg=  0.383ms p95=  0.961ms max=  1.071ms calls(last=  5,win= 195,total=234) (win 1.4% | avg 2.3% budget)
  system.spawner_update            win=  0.084ms avg=  0.335ms p95=  0.825ms max=  1.252ms calls(last=  4,win= 480,total=734) (win 0.5% | avg 2.0% budget)
  system.physics_collision         win=  0.031ms avg=  0.122ms p95=  0.147ms max=  0.187ms calls(last=  4,win= 480,total=734) (win 0.2% | avg 0.7% budget)
  system.player_update             win=  0.030ms avg=  0.120ms p95=  0.128ms max=  0.137ms calls(last=  4,win= 480,total=614) (win 0.2% | avg 0.7% budget)
  frame.input_poll                 win=  0.027ms avg=  0.027ms p95=  0.028ms max=  0.095ms calls(last=  1,win= 120,total=1800) (win 0.2% | avg 0.2% budget)
  enemy.type.torpedo               win=  0.007ms avg=  0.443ms p95=  0.913ms max=  1.276ms calls(last= 92,win=7658,total=8946) (win 0.0% | avg 2.7% budget)
  enemy.type.drone                 win=  0.005ms avg=  0.455ms p95=  0.965ms max=  1.311ms calls(last=148,win=11885,total=13670) (win 0.0% | avg 2.7% budget)
  system.projectile_update         win=  0.003ms avg=  0.014ms p95=  0.015ms max=  0.031ms calls(last=  4,win= 480,total=734) (win 0.0% | avg 0.1% budget)
  system.maze_update               win=  0.001ms avg=  0.003ms p95=  0.004ms max=  0.004ms calls(last=  4,win= 480,total=734) (win 0.0% | avg 0.0% budget)
[ENEMY_STATS] frame=1800 alive=60 visible=0 full=0 cheap=60 fullInBase=0 pairs(frontal=0 checks=0 separation=0 resolved=0)

[PROFILE] frame=1920 budget=16.667ms alloc(+339/-339, +1034424b/-1034424b, live=131304b peak=387728b)
  frame.total                      win= 96.888ms avg= 96.888ms p95= 99.021ms max=100.730ms calls(last=  1,win= 120,total=1920) (win 581.3% | avg 581.3% budget)
  frame.fixed_step                 win= 21.352ms avg= 85.406ms p95= 86.668ms max= 88.783ms calls(last=  4,win= 480,total=2842) (win 128.1% | avg 512.4% budget)
  game.update                      win= 19.910ms avg= 79.638ms p95= 80.716ms max= 82.683ms calls(last=  4,win= 480,total=1214) (win 119.5% | avg 477.8% budget)
  system.ai_update                 win= 19.735ms avg= 78.942ms p95= 79.897ms max= 81.381ms calls(last=  4,win= 480,total=1214) (win 118.4% | avg 473.6% budget)
  enemy.update                     win= 19.730ms avg= 78.919ms p95= 79.877ms max= 81.363ms calls(last=  4,win= 480,total=1214) (win 118.4% | avg 473.5% budget)
  frame.render                     win= 11.428ms avg= 11.428ms p95= 12.413ms max= 85.876ms calls(last=  1,win= 120,total=1920) (win 68.6% | avg 68.6% budget)
  frame.present                    win= 11.421ms avg= 11.421ms p95= 12.405ms max= 85.869ms calls(last=  1,win= 120,total=1920) (win 68.5% | avg 68.5% budget)
  enemy.physics.frontal_collisions win=  8.775ms avg= 35.101ms p95= 35.584ms max= 35.807ms calls(last=  4,win= 480,total=1214) (win 52.7% | avg 210.6% budget)
  enemy.physics.separation         win=  8.482ms avg= 33.929ms p95= 34.289ms max= 34.726ms calls(last=  4,win= 480,total=1214) (win 50.9% | avg 203.6% budget)
  frame.render.world               win=  5.811ms avg=  5.811ms p95=  6.030ms max=  6.149ms calls(last=  1,win= 120,total=325) (win 34.9% | avg 34.9% budget)
  frame.render.overlay             win=  3.150ms avg=  3.150ms p95=  3.811ms max=  4.158ms calls(last=  1,win= 120,total=325) (win 18.9% | avg 18.9% budget)
  enemy.cheap.segment_build        win=  0.129ms avg=  1.167ms p95=  1.899ms max=  2.598ms calls(last=  9,win=1090,total=1324) (win 0.8% | avg 7.0% budget)
  system.spawner_update            win=  0.063ms avg=  0.254ms p95=  0.546ms max=  1.252ms calls(last=  4,win= 480,total=1214) (win 0.4% | avg 1.5% budget)
  system.physics_collision         win=  0.040ms avg=  0.158ms p95=  0.174ms max=  0.208ms calls(last=  4,win= 480,total=1214) (win 0.2% | avg 0.9% budget)
  system.player_update             win=  0.030ms avg=  0.121ms p95=  0.130ms max=  0.160ms calls(last=  4,win= 480,total=1094) (win 0.2% | avg 0.7% budget)
  frame.input_poll                 win=  0.028ms avg=  0.028ms p95=  0.029ms max=  0.095ms calls(last=  1,win= 120,total=1920) (win 0.2% | avg 0.2% budget)
  enemy.type.torpedo               win=  0.012ms avg=  1.250ms p95=  1.814ms max=  2.069ms calls(last=104,win=12158,total=21104) (win 0.1% | avg 7.5% budget)
  enemy.type.drone                 win=  0.004ms avg=  0.744ms p95=  1.268ms max=  1.924ms calls(last=184,win=20057,total=33727) (win 0.0% | avg 4.5% budget)
  system.projectile_update         win=  0.003ms avg=  0.014ms p95=  0.015ms max=  0.031ms calls(last=  4,win= 480,total=1214) (win 0.0% | avg 0.1% budget)
  system.maze_update               win=  0.001ms avg=  0.003ms p95=  0.004ms max=  0.004ms calls(last=  4,win= 480,total=1214) (win 0.0% | avg 0.0% budget)
[ENEMY_STATS] frame=1920 alive=72 visible=0 full=0 cheap=72 fullInBase=0 pairs(frontal=0 checks=0 separation=0 resolved=0)

[PROFILE] frame=2040 budget=16.667ms alloc(+339/-339, +1034424b/-1034424b, live=131304b peak=387752b)
  frame.total                      win= 98.649ms avg= 98.649ms p95=100.565ms max=102.825ms calls(last=  1,win= 120,total=2040) (win 591.9% | avg 591.9% budget)
  frame.fixed_step                 win= 21.791ms avg= 87.164ms p95= 88.449ms max= 89.727ms calls(last=  4,win= 480,total=3322) (win 130.7% | avg 523.0% budget)
  game.update                      win= 20.175ms avg= 80.701ms p95= 81.908ms max= 82.683ms calls(last=  4,win= 480,total=1694) (win 121.1% | avg 484.2% budget)
  system.ai_update                 win= 20.019ms avg= 80.075ms p95= 81.218ms max= 81.684ms calls(last=  4,win= 480,total=1694) (win 120.1% | avg 480.4% budget)
  enemy.update                     win= 20.013ms avg= 80.053ms p95= 81.198ms max= 81.663ms calls(last=  4,win= 480,total=1694) (win 120.1% | avg 480.3% budget)
  frame.render                     win= 11.431ms avg= 11.431ms p95= 12.250ms max= 85.876ms calls(last=  1,win= 120,total=2040) (win 68.6% | avg 68.6% budget)
  frame.present                    win= 11.424ms avg= 11.424ms p95= 12.242ms max= 85.869ms calls(last=  1,win= 120,total=2040) (win 68.5% | avg 68.5% budget)
  enemy.physics.frontal_collisions win=  8.788ms avg= 35.154ms p95= 35.565ms max= 35.807ms calls(last=  4,win= 480,total=1694) (win 52.7% | avg 210.9% budget)
  enemy.physics.separation         win=  8.502ms avg= 34.008ms p95= 34.387ms max= 34.726ms calls(last=  4,win= 480,total=1694) (win 51.0% | avg 204.0% budget)
  frame.render.world               win=  5.847ms avg=  5.847ms p95=  6.095ms max=  7.303ms calls(last=  1,win= 120,total=445) (win 35.1% | avg 35.1% budget)
  frame.render.overlay             win=  3.168ms avg=  3.168ms p95=  3.765ms max=  4.158ms calls(last=  1,win= 120,total=445) (win 19.0% | avg 19.0% budget)
  enemy.cheap.segment_build        win=  0.114ms avg=  1.924ms p95=  2.498ms max=  3.061ms calls(last= 16,win=2026,total=3350) (win 0.7% | avg 11.5% budget)
  system.spawner_update            win=  0.043ms avg=  0.174ms p95=  0.187ms max=  1.252ms calls(last=  4,win= 480,total=1694) (win 0.3% | avg 1.0% budget)
  system.physics_collision         win=  0.042ms avg=  0.168ms p95=  0.192ms max=  0.236ms calls(last=  4,win= 480,total=1694) (win 0.3% | avg 1.0% budget)
  system.player_update             win=  0.030ms avg=  0.118ms p95=  0.130ms max=  0.160ms calls(last=  4,win= 480,total=1574) (win 0.2% | avg 0.7% budget)
  frame.input_poll                 win=  0.027ms avg=  0.027ms p95=  0.029ms max=  0.095ms calls(last=  1,win= 120,total=2040) (win 0.2% | avg 0.2% budget)
  enemy.type.torpedo               win=  0.016ms avg=  1.634ms p95=  2.106ms max=  2.298ms calls(last=104,win=12480,total=33584) (win 0.1% | avg 9.8% budget)
  enemy.type.drone                 win=  0.007ms avg=  1.216ms p95=  1.639ms max=  1.956ms calls(last=184,win=22080,total=55807) (win 0.0% | avg 7.3% budget)
  system.projectile_update         win=  0.003ms avg=  0.013ms p95=  0.015ms max=  0.035ms calls(last=  4,win= 480,total=1694) (win 0.0% | avg 0.1% budget)
  system.maze_update               win=  0.001ms avg=  0.003ms p95=  0.004ms max=  0.004ms calls(last=  4,win= 480,total=1694) (win 0.0% | avg 0.0% budget)
[ENEMY_STATS] frame=2040 alive=72 visible=0 full=0 cheap=72 fullInBase=0 pairs(frontal=0 checks=0 separation=0 resolved=0)

[PROFILE] frame=2160 budget=16.667ms alloc(+355/-355, +1034872b/-1034872b, live=131304b peak=387752b)
  frame.total                      win= 99.395ms avg= 99.395ms p95=101.509ms max=103.851ms calls(last=  1,win= 120,total=2160) (win 596.4% | avg 596.4% budget)
  frame.fixed_step                 win= 21.949ms avg= 87.794ms p95= 89.489ms max= 90.704ms calls(last=  4,win= 480,total=3802) (win 131.7% | avg 526.8% budget)
  game.update                      win= 20.335ms avg= 81.341ms p95= 82.950ms max= 84.242ms calls(last=  4,win= 480,total=2174) (win 122.0% | avg 488.0% budget)
  system.ai_update                 win= 20.178ms avg= 80.712ms p95= 82.291ms max= 83.598ms calls(last=  4,win= 480,total=2174) (win 121.1% | avg 484.3% budget)
  enemy.update                     win= 20.172ms avg= 80.690ms p95= 82.270ms max= 83.576ms calls(last=  4,win= 480,total=2174) (win 121.0% | avg 484.1% budget)
  frame.render                     win= 11.548ms avg= 11.548ms p95= 12.737ms max= 85.876ms calls(last=  1,win= 120,total=2160) (win 69.3% | avg 69.3% budget)
  frame.present                    win= 11.540ms avg= 11.540ms p95= 12.729ms max= 85.869ms calls(last=  1,win= 120,total=2160) (win 69.2% | avg 69.2% budget)
  enemy.physics.frontal_collisions win=  8.790ms avg= 35.161ms p95= 35.585ms max= 36.257ms calls(last=  4,win= 480,total=2174) (win 52.7% | avg 211.0% budget)
  enemy.physics.separation         win=  8.500ms avg= 33.999ms p95= 34.355ms max= 34.726ms calls(last=  4,win= 480,total=2174) (win 51.0% | avg 204.0% budget)
  frame.render.world               win=  5.891ms avg=  5.891ms p95=  6.076ms max=  7.303ms calls(last=  1,win= 120,total=565) (win 35.3% | avg 35.3% budget)
  frame.render.overlay             win=  3.181ms avg=  3.181ms p95=  3.945ms max=  4.158ms calls(last=  1,win= 120,total=565) (win 19.1% | avg 19.1% budget)
  enemy.torpedo.select_heading     win=  1.044ms avg=  0.009ms p95=  0.000ms max=  1.044ms calls(last=  0,win=   1,total=1) (win 6.3% | avg 0.1% budget)
  enemy.ai.decision                win=  0.121ms avg=  0.154ms p95=  0.487ms max=  1.056ms calls(last=  4,win= 153,total=153) (win 0.7% | avg 0.9% budget)
  enemy.ai.movement                win=  0.121ms avg=  0.154ms p95=  0.501ms max=  0.618ms calls(last=  4,win= 153,total=153) (win 0.7% | avg 0.9% budget)
  enemy.cheap.segment_build        win=  0.109ms avg=  2.214ms p95=  3.129ms max=  3.481ms calls(last= 34,win=2433,total=5783) (win 0.7% | avg 13.3% budget)
  system.spawner_update            win=  0.044ms avg=  0.175ms p95=  0.188ms max=  1.252ms calls(last=  4,win= 480,total=2174) (win 0.3% | avg 1.0% budget)
  system.physics_collision         win=  0.042ms avg=  0.169ms p95=  0.188ms max=  0.236ms calls(last=  4,win= 480,total=2174) (win 0.3% | avg 1.0% budget)
  system.player_update             win=  0.030ms avg=  0.120ms p95=  0.135ms max=  0.164ms calls(last=  4,win= 480,total=2054) (win 0.2% | avg 0.7% budget)
  frame.input_poll                 win=  0.028ms avg=  0.028ms p95=  0.028ms max=  0.095ms calls(last=  1,win= 120,total=2160) (win 0.2% | avg 0.2% budget)
  enemy.type.torpedo               win=  0.021ms avg=  2.184ms p95=  3.426ms max=  3.913ms calls(last=104,win=12480,total=46064) (win 0.1% | avg 13.1% budget)
  enemy.type.drone                 win=  0.007ms avg=  1.309ms p95=  1.880ms max=  2.062ms calls(last=184,win=22080,total=77887) (win 0.0% | avg 7.9% budget)
  enemy.ai.perception              win=  0.006ms avg=  0.008ms p95=  0.027ms max=  0.028ms calls(last=  4,win= 153,total=153) (win 0.0% | avg 0.0% budget)
  enemy.ai.firing                  win=  0.005ms avg=  0.007ms p95=  0.021ms max=  0.024ms calls(last=  4,win= 153,total=153) (win 0.0% | avg 0.0% budget)
  system.projectile_update         win=  0.003ms avg=  0.014ms p95=  0.015ms max=  0.035ms calls(last=  4,win= 480,total=2174) (win 0.0% | avg 0.1% budget)
[ENEMY_STATS] frame=2160 alive=72 visible=0 full=1 cheap=71 fullInBase=0 pairs(frontal=0 checks=0 separation=0 resolved=0)

[PROFILE] frame=2280 budget=16.667ms alloc(+355/-355, +1034872b/-1034872b, live=131304b peak=387792b)
  frame.total                      win=101.931ms avg=101.931ms p95=104.205ms max=109.166ms calls(last=  1,win= 120,total=2280) (win 611.6% | avg 611.6% budget)
  frame.fixed_step                 win= 22.552ms avg= 90.208ms p95= 91.566ms max= 93.945ms calls(last=  4,win= 480,total=4282) (win 135.3% | avg 541.3% budget)
  game.update                      win= 20.938ms avg= 83.751ms p95= 85.112ms max= 87.574ms calls(last=  4,win= 480,total=2654) (win 125.6% | avg 502.5% budget)
  system.ai_update                 win= 20.778ms avg= 83.114ms p95= 84.418ms max= 86.947ms calls(last=  4,win= 480,total=2654) (win 124.7% | avg 498.7% budget)
  enemy.update                     win= 20.773ms avg= 83.090ms p95= 84.396ms max= 86.924ms calls(last=  4,win= 480,total=2654) (win 124.6% | avg 498.5% budget)
  frame.render                     win= 11.669ms avg= 11.669ms p95= 12.816ms max= 85.876ms calls(last=  1,win= 120,total=2280) (win 70.0% | avg 70.0% budget)
  frame.present                    win= 11.661ms avg= 11.661ms p95= 12.808ms max= 85.869ms calls(last=  1,win= 120,total=2280) (win 70.0% | avg 70.0% budget)
  enemy.physics.frontal_collisions win=  8.819ms avg= 35.274ms p95= 35.636ms max= 38.256ms calls(last=  4,win= 480,total=2654) (win 52.9% | avg 211.6% budget)
  enemy.physics.separation         win=  8.517ms avg= 34.068ms p95= 34.419ms max= 34.726ms calls(last=  4,win= 480,total=2654) (win 51.1% | avg 204.4% budget)
  frame.render.world               win=  5.902ms avg=  5.902ms p95=  6.086ms max=  7.303ms calls(last=  1,win= 120,total=685) (win 35.4% | avg 35.4% budget)
  frame.render.overlay             win=  3.187ms avg=  3.187ms p95=  3.840ms max=  4.158ms calls(last=  1,win= 120,total=685) (win 19.1% | avg 19.1% budget)
  enemy.torpedo.select_heading     win=  0.588ms avg=  0.029ms p95=  0.000ms max=  1.044ms calls(last=  0,win=   6,total=7) (win 3.5% | avg 0.2% budget)
  enemy.ai.movement                win=  0.120ms avg=  0.480ms p95=  0.518ms max=  0.618ms calls(last=  4,win= 480,total=633) (win 0.7% | avg 2.9% budget)
  enemy.ai.decision                win=  0.120ms avg=  0.479ms p95=  0.562ms max=  1.056ms calls(last=  4,win= 480,total=633) (win 0.7% | avg 2.9% budget)
  enemy.cheap.segment_build        win=  0.099ms avg=  3.588ms p95=  4.483ms max=  4.956ms calls(last= 42,win=4369,total=10152) (win 0.6% | avg 21.5% budget)
  system.spawner_update            win=  0.044ms avg=  0.176ms p95=  0.196ms max=  1.252ms calls(last=  4,win= 480,total=2654) (win 0.3% | avg 1.1% budget)
  system.physics_collision         win=  0.043ms avg=  0.174ms p95=  0.197ms max=  0.239ms calls(last=  4,win= 480,total=2654) (win 0.3% | avg 1.0% budget)
  enemy.type.torpedo               win=  0.037ms avg=  3.826ms p95=  4.298ms max=  4.567ms calls(last=104,win=12480,total=58544) (win 0.2% | avg 23.0% budget)
  system.player_update             win=  0.030ms avg=  0.121ms p95=  0.134ms max=  0.172ms calls(last=  4,win= 480,total=2534) (win 0.2% | avg 0.7% budget)
  frame.input_poll                 win=  0.028ms avg=  0.028ms p95=  0.029ms max=  0.095ms calls(last=  1,win= 120,total=2280) (win 0.2% | avg 0.2% budget)
  enemy.type.drone                 win=  0.010ms avg=  1.815ms p95=  2.467ms max=  2.820ms calls(last=184,win=22080,total=99967) (win 0.1% | avg 10.9% budget)
  enemy.ai.perception              win=  0.007ms avg=  0.027ms p95=  0.028ms max=  0.067ms calls(last=  4,win= 480,total=633) (win 0.0% | avg 0.2% budget)
  enemy.ai.firing                  win=  0.005ms avg=  0.021ms p95=  0.023ms max=  0.024ms calls(last=  4,win= 480,total=633) (win 0.0% | avg 0.1% budget)
  system.projectile_update         win=  0.003ms avg=  0.014ms p95=  0.015ms max=  0.035ms calls(last=  4,win= 480,total=2654) (win 0.0% | avg 0.1% budget)
[ENEMY_STATS] frame=2280 alive=72 visible=0 full=1 cheap=71 fullInBase=0 pairs(frontal=0 checks=0 separation=0 resolved=0)

[PROFILE] frame=2400 budget=16.667ms alloc(+339/-339, +1034424b/-1034424b, live=131304b peak=387792b)
  frame.total                      win=101.997ms avg=101.997ms p95=103.603ms max=109.166ms calls(last=  1,win= 120,total=2400) (win 612.0% | avg 612.0% budget)
  frame.fixed_step                 win= 22.629ms avg= 90.516ms p95= 91.856ms max= 94.681ms calls(last=  4,win= 480,total=4762) (win 135.8% | avg 543.1% budget)
  game.update                      win= 21.012ms avg= 84.046ms p95= 85.512ms max= 88.240ms calls(last=  4,win= 480,total=3134) (win 126.1% | avg 504.3% budget)
  system.ai_update                 win= 20.854ms avg= 83.415ms p95= 84.845ms max= 87.603ms calls(last=  4,win= 480,total=3134) (win 125.1% | avg 500.5% budget)
  enemy.update                     win= 20.848ms avg= 83.393ms p95= 84.821ms max= 87.581ms calls(last=  4,win= 480,total=3134) (win 125.1% | avg 500.4% budget)
  frame.render                     win= 11.427ms avg= 11.427ms p95= 12.227ms max= 85.876ms calls(last=  1,win= 120,total=2400) (win 68.6% | avg 68.6% budget)
  frame.present                    win= 11.419ms avg= 11.419ms p95= 12.219ms max= 85.869ms calls(last=  1,win= 120,total=2400) (win 68.5% | avg 68.5% budget)
  enemy.physics.frontal_collisions win=  8.807ms avg= 35.228ms p95= 35.606ms max= 38.256ms calls(last=  4,win= 480,total=3134) (win 52.8% | avg 211.4% budget)
  enemy.physics.separation         win=  8.526ms avg= 34.105ms p95= 34.410ms max= 36.927ms calls(last=  4,win= 480,total=3134) (win 51.2% | avg 204.6% budget)
  frame.render.world               win=  5.884ms avg=  5.884ms p95=  6.107ms max=  7.303ms calls(last=  1,win= 120,total=805) (win 35.3% | avg 35.3% budget)
  frame.render.overlay             win=  3.183ms avg=  3.183ms p95=  3.804ms max=  4.158ms calls(last=  1,win= 120,total=805) (win 19.1% | avg 19.1% budget)
  enemy.torpedo.select_heading     win=  0.715ms avg=  0.012ms p95=  0.000ms max=  1.044ms calls(last=  0,win=   2,total=9) (win 4.3% | avg 0.1% budget)
  enemy.ai.movement                win=  0.121ms avg=  0.235ms p95=  0.511ms max=  0.618ms calls(last=  0,win= 233,total=866) (win 0.7% | avg 1.4% budget)
  enemy.ai.decision                win=  0.118ms avg=  0.229ms p95=  0.488ms max=  1.076ms calls(last=  0,win= 233,total=866) (win 0.7% | avg 1.4% budget)
  enemy.cheap.segment_build        win=  0.095ms avg=  4.455ms p95=  5.191ms max=  6.465ms calls(last= 51,win=5648,total=15800) (win 0.6% | avg 26.7% budget)
  system.spawner_update            win=  0.044ms avg=  0.175ms p95=  0.193ms max=  1.252ms calls(last=  4,win= 480,total=3134) (win 0.3% | avg 1.1% budget)
  system.physics_collision         win=  0.043ms avg=  0.172ms p95=  0.196ms max=  0.254ms calls(last=  4,win= 480,total=3134) (win 0.3% | avg 1.0% budget)
  enemy.type.torpedo               win=  0.035ms avg=  3.667ms p95=  4.339ms max=  4.997ms calls(last=104,win=12480,total=71024) (win 0.2% | avg 22.0% budget)
  system.player_update             win=  0.029ms avg=  0.117ms p95=  0.130ms max=  0.172ms calls(last=  4,win= 480,total=3014) (win 0.2% | avg 0.7% budget)
  frame.input_poll                 win=  0.028ms avg=  0.028ms p95=  0.029ms max=  0.095ms calls(last=  1,win= 120,total=2400) (win 0.2% | avg 0.2% budget)
  enemy.type.drone                 win=  0.013ms avg=  2.312ms p95=  2.841ms max=  3.385ms calls(last=184,win=22080,total=122047) (win 0.1% | avg 13.9% budget)
  enemy.ai.perception              win=  0.006ms avg=  0.013ms p95=  0.027ms max=  0.067ms calls(last=  0,win= 233,total=866) (win 0.0% | avg 0.1% budget)
  enemy.ai.firing                  win=  0.005ms avg=  0.010ms p95=  0.022ms max=  0.034ms calls(last=  0,win= 233,total=866) (win 0.0% | avg 0.1% budget)
  system.projectile_update         win=  0.003ms avg=  0.013ms p95=  0.015ms max=  0.035ms calls(last=  4,win= 480,total=3134) (win 0.0% | avg 0.1% budget)
[ENEMY_STATS] frame=2400 alive=72 visible=0 full=0 cheap=72 fullInBase=0 pairs(frontal=0 checks=0 separation=0 resolved=0)

[PROFILE] frame=2520 budget=16.667ms alloc(+339/-339, +1034424b/-1034424b, live=131304b peak=387792b)
  frame.total                      win=101.279ms avg=101.279ms p95=102.756ms max=109.166ms calls(last=  1,win= 120,total=2520) (win 607.7% | avg 607.7% budget)
  frame.fixed_step                 win= 22.441ms avg= 89.764ms p95= 90.976ms max= 94.681ms calls(last=  4,win= 480,total=5242) (win 134.6% | avg 538.6% budget)
  game.update                      win= 20.833ms avg= 83.331ms p95= 84.552ms max= 88.240ms calls(last=  4,win= 480,total=3614) (win 125.0% | avg 500.0% budget)
  system.ai_update                 win= 20.676ms avg= 82.704ms p95= 83.926ms max= 87.603ms calls(last=  4,win= 480,total=3614) (win 124.1% | avg 496.2% budget)
  enemy.update                     win= 20.671ms avg= 82.682ms p95= 83.907ms max= 87.581ms calls(last=  4,win= 480,total=3614) (win 124.0% | avg 496.1% budget)
  frame.render                     win= 11.462ms avg= 11.462ms p95= 12.416ms max= 85.876ms calls(last=  1,win= 120,total=2520) (win 68.8% | avg 68.8% budget)
  frame.present                    win= 11.454ms avg= 11.454ms p95= 12.409ms max= 85.869ms calls(last=  1,win= 120,total=2520) (win 68.7% | avg 68.7% budget)
  enemy.physics.frontal_collisions win=  8.744ms avg= 34.976ms p95= 35.393ms max= 38.256ms calls(last=  4,win= 480,total=3614) (win 52.5% | avg 209.9% budget)
  enemy.physics.separation         win=  8.476ms avg= 33.905ms p95= 34.270ms max= 36.927ms calls(last=  4,win= 480,total=3614) (win 50.9% | avg 203.4% budget)
  frame.render.world               win=  5.958ms avg=  5.958ms p95=  6.185ms max=  7.303ms calls(last=  1,win= 120,total=925) (win 35.7% | avg 35.7% budget)
  frame.render.overlay             win=  3.159ms avg=  3.159ms p95=  3.820ms max=  4.158ms calls(last=  1,win= 120,total=925) (win 19.0% | avg 19.0% budget)
  enemy.cheap.segment_build        win=  0.093ms avg=  4.782ms p95=  5.394ms max=  6.465ms calls(last= 52,win=6160,total=21960) (win 0.6% | avg 28.7% budget)
  system.spawner_update            win=  0.043ms avg=  0.174ms p95=  0.179ms max=  1.252ms calls(last=  4,win= 480,total=3614) (win 0.3% | avg 1.0% budget)
  system.physics_collision         win=  0.041ms avg=  0.166ms p95=  0.178ms max=  0.254ms calls(last=  4,win= 480,total=3614) (win 0.2% | avg 1.0% budget)
  enemy.type.torpedo               win=  0.033ms avg=  3.405ms p95=  3.884ms max=  4.997ms calls(last=104,win=12480,total=83504) (win 0.2% | avg 20.4% budget)
  system.player_update             win=  0.031ms avg=  0.122ms p95=  0.135ms max=  0.187ms calls(last=  4,win= 480,total=3494) (win 0.2% | avg 0.7% budget)
  frame.input_poll                 win=  0.027ms avg=  0.027ms p95=  0.028ms max=  0.095ms calls(last=  1,win= 120,total=2520) (win 0.2% | avg 0.2% budget)
  enemy.type.drone                 win=  0.013ms avg=  2.391ms p95=  2.854ms max=  3.385ms calls(last=184,win=22080,total=144127) (win 0.1% | avg 14.3% budget)
  system.projectile_update         win=  0.003ms avg=  0.013ms p95=  0.015ms max=  0.035ms calls(last=  4,win= 480,total=3614) (win 0.0% | avg 0.1% budget)
  system.maze_update               win=  0.001ms avg=  0.003ms p95=  0.004ms max=  0.005ms calls(last=  4,win= 480,total=3614) (win 0.0% | avg 0.0% budget)
  enemy.torpedo.select_heading     win=  0.000ms avg=  0.000ms p95=  0.000ms max=  1.044ms calls(last=  0,win=   0,total=9) (win 0.0% | avg 0.0% budget)
  enemy.ai.movement                win=  0.000ms avg=  0.000ms p95=  0.000ms max=  0.618ms calls(last=  0,win=   0,total=866) (win 0.0% | avg 0.0% budget)
  enemy.ai.decision                win=  0.000ms avg=  0.000ms p95=  0.000ms max=  1.076ms calls(last=  0,win=   0,total=866) (win 0.0% | avg 0.0% budget)
  enemy.ai.perception              win=  0.000ms avg=  0.000ms p95=  0.000ms max=  0.067ms calls(last=  0,win=   0,total=866) (win 0.0% | avg 0.0% budget)
[ENEMY_STATS] frame=2520 alive=72 visible=0 full=0 cheap=72 fullInBase=0 pairs(frontal=0 checks=0 separation=0 resolved=0)

[PROFILE] frame=2640 budget=16.667ms alloc(+339/-339, +1034424b/-1034424b, live=131304b peak=387792b)
  frame.total                      win=102.216ms avg=102.216ms p95=103.909ms max=109.166ms calls(last=  1,win= 120,total=2640) (win 613.3% | avg 613.3% budget)
  frame.fixed_step                 win= 22.645ms avg= 90.581ms p95= 91.654ms max= 94.681ms calls(last=  4,win= 480,total=5722) (win 135.9% | avg 543.5% budget)
  game.update                      win= 21.027ms avg= 84.110ms p95= 85.145ms max= 88.240ms calls(last=  4,win= 480,total=4094) (win 126.2% | avg 504.7% budget)
  system.ai_update                 win= 20.869ms avg= 83.474ms p95= 84.477ms max= 87.603ms calls(last=  4,win= 480,total=4094) (win 125.2% | avg 500.8% budget)
  enemy.update                     win= 20.863ms avg= 83.452ms p95= 84.455ms max= 87.581ms calls(last=  4,win= 480,total=4094) (win 125.2% | avg 500.7% budget)
  frame.render                     win= 11.583ms avg= 11.583ms p95= 12.414ms max= 85.876ms calls(last=  1,win= 120,total=2640) (win 69.5% | avg 69.5% budget)
  frame.present                    win= 11.575ms avg= 11.575ms p95= 12.407ms max= 85.869ms calls(last=  1,win= 120,total=2640) (win 69.4% | avg 69.4% budget)
  enemy.physics.frontal_collisions win=  8.787ms avg= 35.147ms p95= 35.538ms max= 38.256ms calls(last=  4,win= 480,total=4094) (win 52.7% | avg 210.9% budget)
  enemy.physics.separation         win=  8.511ms avg= 34.045ms p95= 34.349ms max= 37.040ms calls(last=  4,win= 480,total=4094) (win 51.1% | avg 204.3% budget)
  frame.render.world               win=  6.020ms avg=  6.020ms p95=  6.232ms max=  7.303ms calls(last=  1,win= 120,total=1045) (win 36.1% | avg 36.1% budget)
  frame.render.overlay             win=  3.196ms avg=  3.196ms p95=  4.018ms max=  4.158ms calls(last=  1,win= 120,total=1045) (win 19.2% | avg 19.2% budget)
  enemy.cheap.segment_build        win=  0.092ms avg=  5.176ms p95=  5.787ms max=  6.465ms calls(last= 58,win=6736,total=28696) (win 0.6% | avg 31.1% budget)
  system.spawner_update            win=  0.044ms avg=  0.177ms p95=  0.192ms max=  1.252ms calls(last=  4,win= 480,total=4094) (win 0.3% | avg 1.1% budget)
  system.physics_collision         win=  0.042ms avg=  0.167ms p95=  0.183ms max=  0.254ms calls(last=  4,win= 480,total=4094) (win 0.3% | avg 1.0% budget)
  enemy.type.torpedo               win=  0.035ms avg=  3.603ms p95=  4.105ms max=  4.997ms calls(last=104,win=12480,total=95984) (win 0.2% | avg 21.6% budget)
  system.player_update             win=  0.031ms avg=  0.124ms p95=  0.138ms max=  0.188ms calls(last=  4,win= 480,total=3974) (win 0.2% | avg 0.7% budget)
  frame.input_poll                 win=  0.027ms avg=  0.027ms p95=  0.029ms max=  0.095ms calls(last=  1,win= 120,total=2640) (win 0.2% | avg 0.2% budget)
  enemy.type.drone                 win=  0.014ms avg=  2.606ms p95=  3.072ms max=  3.494ms calls(last=184,win=22080,total=166207) (win 0.1% | avg 15.6% budget)
  system.projectile_update         win=  0.003ms avg=  0.014ms p95=  0.015ms max=  0.035ms calls(last=  4,win= 480,total=4094) (win 0.0% | avg 0.1% budget)
  system.maze_update               win=  0.001ms avg=  0.003ms p95=  0.004ms max=  0.018ms calls(last=  4,win= 480,total=4094) (win 0.0% | avg 0.0% budget)
  enemy.torpedo.select_heading     win=  0.000ms avg=  0.000ms p95=  0.000ms max=  1.044ms calls(last=  0,win=   0,total=9) (win 0.0% | avg 0.0% budget)
  enemy.ai.movement                win=  0.000ms avg=  0.000ms p95=  0.000ms max=  0.618ms calls(last=  0,win=   0,total=866) (win 0.0% | avg 0.0% budget)
  enemy.ai.decision                win=  0.000ms avg=  0.000ms p95=  0.000ms max=  1.076ms calls(last=  0,win=   0,total=866) (win 0.0% | avg 0.0% budget)
  enemy.ai.perception              win=  0.000ms avg=  0.000ms p95=  0.000ms max=  0.067ms calls(last=  0,win=   0,total=866) (win 0.0% | avg 0.0% budget)
[ENEMY_STATS] frame=2640 alive=72 visible=0 full=0 cheap=72 fullInBase=0 pairs(frontal=0 checks=0 separation=0 resolved=0)

[PROFILE] frame=2760 budget=16.667ms alloc(+339/-339, +1034424b/-1034424b, live=131304b peak=387792b)
  frame.total                      win=102.087ms avg=102.087ms p95=103.795ms max=109.166ms calls(last=  1,win= 120,total=2760) (win 612.5% | avg 612.5% budget)
  frame.fixed_step                 win= 22.664ms avg= 90.655ms p95= 91.827ms max= 94.681ms calls(last=  4,win= 480,total=6202) (win 136.0% | avg 543.9% budget)
  game.update                      win= 21.052ms avg= 84.209ms p95= 85.282ms max= 88.240ms calls(last=  4,win= 480,total=4574) (win 126.3% | avg 505.3% budget)
  system.ai_update                 win= 20.894ms avg= 83.574ms p95= 84.640ms max= 87.603ms calls(last=  4,win= 480,total=4574) (win 125.4% | avg 501.4% budget)
  enemy.update                     win= 20.888ms avg= 83.551ms p95= 84.512ms max= 87.581ms calls(last=  4,win= 480,total=4574) (win 125.3% | avg 501.3% budget)
  frame.render                     win= 11.379ms avg= 11.379ms p95= 12.297ms max= 85.876ms calls(last=  1,win= 120,total=2760) (win 68.3% | avg 68.3% budget)
  frame.present                    win= 11.372ms avg= 11.372ms p95= 12.290ms max= 85.869ms calls(last=  1,win= 120,total=2760) (win 68.2% | avg 68.2% budget)
  enemy.physics.frontal_collisions win=  8.768ms avg= 35.074ms p95= 35.552ms max= 38.256ms calls(last=  4,win= 480,total=4574) (win 52.6% | avg 210.4% budget)
  enemy.physics.separation         win=  8.492ms avg= 33.969ms p95= 34.349ms max= 37.040ms calls(last=  4,win= 480,total=4574) (win 51.0% | avg 203.8% budget)
  frame.render.world               win=  5.839ms avg=  5.839ms p95=  6.118ms max=  7.651ms calls(last=  1,win= 120,total=1165) (win 35.0% | avg 35.0% budget)
  frame.render.overlay             win=  3.180ms avg=  3.180ms p95=  3.836ms max=  4.158ms calls(last=  1,win= 120,total=1165) (win 19.1% | avg 19.1% budget)
  enemy.cheap.segment_build        win=  0.092ms avg=  5.440ms p95=  6.066ms max=  6.632ms calls(last= 61,win=7126,total=35822) (win 0.5% | avg 32.6% budget)
  system.spawner_update            win=  0.044ms avg=  0.175ms p95=  0.178ms max=  1.252ms calls(last=  4,win= 480,total=4574) (win 0.3% | avg 1.0% budget)
  system.physics_collision         win=  0.042ms avg=  0.168ms p95=  0.188ms max=  0.254ms calls(last=  4,win= 480,total=4574) (win 0.3% | avg 1.0% budget)
  enemy.type.torpedo               win=  0.036ms avg=  3.761ms p95=  4.122ms max=  4.997ms calls(last=104,win=12480,total=108464) (win 0.2% | avg 22.6% budget)
  system.player_update             win=  0.031ms avg=  0.125ms p95=  0.137ms max=  0.188ms calls(last=  4,win= 480,total=4454) (win 0.2% | avg 0.7% budget)
  frame.input_poll                 win=  0.027ms avg=  0.027ms p95=  0.028ms max=  0.095ms calls(last=  1,win= 120,total=2760) (win 0.2% | avg 0.2% budget)
  enemy.type.drone                 win=  0.015ms avg=  2.717ms p95=  3.297ms max=  3.555ms calls(last=184,win=22080,total=188287) (win 0.1% | avg 16.3% budget)
  system.projectile_update         win=  0.003ms avg=  0.013ms p95=  0.015ms max=  0.035ms calls(last=  4,win= 480,total=4574) (win 0.0% | avg 0.1% budget)
  system.maze_update               win=  0.001ms avg=  0.003ms p95=  0.004ms max=  0.018ms calls(last=  4,win= 480,total=4574) (win 0.0% | avg 0.0% budget)
  enemy.torpedo.select_heading     win=  0.000ms avg=  0.000ms p95=  0.000ms max=  1.044ms calls(last=  0,win=   0,total=9) (win 0.0% | avg 0.0% budget)
  enemy.ai.movement                win=  0.000ms avg=  0.000ms p95=  0.000ms max=  0.618ms calls(last=  0,win=   0,total=866) (win 0.0% | avg 0.0% budget)
  enemy.ai.decision                win=  0.000ms avg=  0.000ms p95=  0.000ms max=  1.076ms calls(last=  0,win=   0,total=866) (win 0.0% | avg 0.0% budget)
  enemy.ai.perception              win=  0.000ms avg=  0.000ms p95=  0.000ms max=  0.067ms calls(last=  0,win=   0,total=866) (win 0.0% | avg 0.0% budget)
[ENEMY_STATS] frame=2760 alive=72 visible=0 full=0 cheap=72 fullInBase=0 pairs(frontal=0 checks=0 separation=0 resolved=0)

[PROFILE] frame=2880 budget=16.667ms alloc(+0/-0, +0b/-0b, live=131304b peak=387792b)
  frame.total                      win= 41.766ms avg= 41.766ms p95=102.865ms max=109.166ms calls(last=  1,win= 120,total=2880) (win 250.6% | avg 250.6% budget)
  game.update                      win= 21.079ms avg= 24.592ms p95= 85.024ms max= 88.240ms calls(last=  0,win= 140,total=4714) (win 126.5% | avg 147.5% budget)
  system.ai_update                 win= 20.922ms avg= 24.409ms p95= 84.431ms max= 87.603ms calls(last=  0,win= 140,total=4714) (win 125.5% | avg 146.5% budget)
  enemy.update                     win= 20.917ms avg= 24.403ms p95= 84.413ms max= 87.581ms calls(last=  0,win= 140,total=4714) (win 125.5% | avg 146.4% budget)
  frame.render                     win= 15.251ms avg= 15.251ms p95= 17.070ms max= 85.876ms calls(last=  1,win= 120,total=2880) (win 91.5% | avg 91.5% budget)
  frame.present                    win= 15.243ms avg= 15.243ms p95= 17.062ms max= 85.869ms calls(last=  1,win= 120,total=2880) (win 91.5% | avg 91.5% budget)
  frame.fixed_step                 win= 13.813ms avg= 26.474ms p95= 91.610ms max= 94.681ms calls(last=  1,win= 230,total=6432) (win 82.9% | avg 158.8% budget)
  enemy.physics.frontal_collisions win=  8.762ms avg= 10.222ms p95= 35.404ms max= 38.256ms calls(last=  0,win= 140,total=4714) (win 52.6% | avg 61.3% budget)
  enemy.physics.separation         win=  8.490ms avg=  9.905ms p95= 34.222ms max= 37.040ms calls(last=  0,win= 140,total=4714) (win 50.9% | avg 59.4% budget)
  frame.render.world               win=  5.666ms avg=  4.297ms p95=  5.852ms max=  7.651ms calls(last=  0,win=  91,total=1256) (win 34.0% | avg 25.8% budget)
  frame.render.overlay             win=  2.340ms avg=  2.867ms p95=  4.736ms max=  4.924ms calls(last=  0,win= 147,total=1312) (win 14.0% | avg 17.2% budget)
  enemy.cheap.segment_build        win=  0.091ms avg=  1.636ms p95=  5.832ms max=  6.632ms calls(last=  0,win=2159,total=37981) (win 0.5% | avg 9.8% budget)
  system.spawner_update            win=  0.043ms avg=  0.051ms p95=  0.174ms max=  1.252ms calls(last=  0,win= 140,total=4714) (win 0.3% | avg 0.3% budget)
  system.physics_collision         win=  0.041ms avg=  0.048ms p95=  0.172ms max=  0.254ms calls(last=  0,win= 140,total=4714) (win 0.2% | avg 0.3% budget)
  enemy.type.torpedo               win=  0.036ms avg=  1.096ms p95=  3.994ms max=  4.997ms calls(last=  0,win=3640,total=112104) (win 0.2% | avg 6.6% budget)
  system.player_update             win=  0.030ms avg=  0.036ms p95=  0.127ms max=  0.188ms calls(last=  0,win= 140,total=4594) (win 0.2% | avg 0.2% budget)
  frame.input_poll                 win=  0.027ms avg=  0.027ms p95=  0.028ms max=  0.095ms calls(last=  1,win= 120,total=2880) (win 0.2% | avg 0.2% budget)
  enemy.type.drone                 win=  0.016ms avg=  0.845ms p95=  3.110ms max=  3.555ms calls(last=  0,win=6440,total=194727) (win 0.1% | avg 5.1% budget)
  system.projectile_update         win=  0.003ms avg=  0.004ms p95=  0.014ms max=  0.035ms calls(last=  0,win= 140,total=4714) (win 0.0% | avg 0.0% budget)
  system.maze_update               win=  0.001ms avg=  0.001ms p95=  0.004ms max=  0.018ms calls(last=  0,win= 140,total=4714) (win 0.0% | avg 0.0% budget)
  enemy.torpedo.select_heading     win=  0.000ms avg=  0.000ms p95=  0.000ms max=  1.044ms calls(last=  0,win=   0,total=9) (win 0.0% | avg 0.0% budget)
  enemy.ai.movement                win=  0.000ms avg=  0.000ms p95=  0.000ms max=  0.618ms calls(last=  0,win=   0,total=866) (win 0.0% | avg 0.0% budget)
  enemy.ai.decision                win=  0.000ms avg=  0.000ms p95=  0.000ms max=  1.076ms calls(last=  0,win=   0,total=866) (win 0.0% | avg 0.0% budget)
  enemy.ai.perception              win=  0.000ms avg=  0.000ms p95=  0.000ms max=  0.067ms calls(last=  0,win=   0,total=866) (win 0.0% | avg 0.0% budget)
INFO: TEXTURE: [ID 3] Unloaded texture data from VRAM (GPU)
INFO: TEXTURE: [ID 4] Unloaded texture data from VRAM (GPU)
INFO: AUDIO: Device closed successfully
INFO: TEXTURE: [ID 2] Unloaded texture data from VRAM (GPU)
INFO: SHADER: [ID 3] Default shader unloaded successfully
INFO: TEXTURE: [ID 1] Default texture unloaded successfully
INFO: Window closed successfully