INFO: Initializing raylib 5.6-dev
INFO: Platform backend: DESKTOP (SDL)
INFO: Supported raylib modules:
INFO:     > rcore:..... loaded (mandatory)
INFO:     > rlgl:...... loaded (mandatory)
INFO:     > rshapes:... loaded (optional)
INFO:     > rtextures:. loaded (optional)
INFO:     > rtext:..... loaded (optional)
INFO:     > rmodels:... loaded (optional)
INFO:     > raudio:.... loaded (optional)
arm_release_ver: g13p0-01eac0, rk_so_ver: 11
INFO: DISPLAY: Device initialized successfully
INFO:     > Display size: 640 x 480
INFO:     > Screen size:  640 x 480
INFO:     > Render size:  640 x 480
INFO:     > Viewport offsets: 0, 0
INFO: GLAD: OpenGL ES 2.0 loaded successfully
INFO: GL: Supported extensions count: 99
INFO: GL: OpenGL device information:
INFO:     > Vendor:   ARM
INFO:     > Renderer: Mali-G52
INFO:     > Version:  OpenGL ES 3.2 v1.g13p0-01eac0.fdf91928d758c45c1787782175b35c6a
INFO:     > GLSL:     OpenGL ES GLSL ES 3.20
INFO: GL: VAO extension detected, VAO functions loaded successfully
INFO: GL: NPOT textures extension detected, full NPOT textures supported
INFO: GL: ETC1 compressed textures supported
INFO: GL: ASTC compressed textures supported
INFO: PLATFORM: DESKTOP (SDL2): Initialized successfully
INFO: TEXTURE: [ID 1] Texture loaded successfully (1x1 | R8G8B8A8 | 1 mipmaps)
INFO: TEXTURE: [ID 1] Default texture loaded successfully
INFO: SHADER: [ID 1] Vertex shader compiled successfully
INFO: SHADER: [ID 2] Fragment shader compiled successfully
INFO: SHADER: [ID 3] Program shader loaded successfully
INFO: SHADER: [ID 3] Default shader loaded successfully
INFO: RLGL: Render batch vertex buffers loaded successfully in RAM (CPU)
INFO: RLGL: Render batch vertex buffers loaded successfully in VRAM (GPU)
INFO: RLGL: Default OpenGL state initialized successfully
INFO: TEXTURE: [ID 2] Texture loaded successfully (128x128 | GRAY_ALPHA | 1 mipmaps)
INFO: FONT: Default font loaded successfully (224 glyphs)
INFO: SYSTEM: Working Directory: /roms2/ports/bolt
INFO: TIMER: Target time per frame: 16.667 milliseconds
INFO: FILEIO: [resources/textures/sprites.png] File loaded successfully
INFO: IMAGE: Data loaded successfully (18x63 | R8G8B8A8 | 1 mipmaps)
INFO: TEXTURE: [ID 3] Texture loaded successfully (72x9 | R8G8B8A8 | 1 mipmaps)
INFO: TEXTURE: [ID 4] Texture loaded successfully (72x36 | R8G8B8A8 | 1 mipmaps)
INFO: AUDIO: Device initialized successfully
INFO:     > Backend:       miniaudio | ALSA
INFO:     > Format:        32-bit IEEE Floating Point -> 32-bit IEEE Floating Point
INFO:     > Channels:      2 -> 2
INFO:     > Sample rate:   44100 -> 44100
INFO:     > Periods size:  3072
INFO: FILEIO: [resources/audio/keyboard-click.wav] File loaded successfully
INFO: WAVE: Data loaded successfully (48000 Hz, 16 bit, 1 channels)
INFO: AUDIO: menu click sound loaded from: resources/audio/keyboard-click.wav
INFO: FILEIO: [resources/audio/power-up.wav] File loaded successfully
INFO: WAVE: Data loaded successfully (48000 Hz, 16 bit, 1 channels)
INFO: AUDIO: power-up sound loaded from: resources/audio/power-up.wav
INFO: FILEIO: [resources/audio/player-shot.wav] File loaded successfully
INFO: WAVE: Data loaded successfully (48000 Hz, 16 bit, 1 channels)
INFO: AUDIO: player-shot sound loaded from: resources/audio/player-shot.wav
INFO: FILEIO: [resources/audio/enemy-shot.wav] File loaded successfully
INFO: WAVE: Data loaded successfully (48000 Hz, 16 bit, 1 channels)
INFO: AUDIO: enemy-shot sound loaded from: resources/audio/enemy-shot.wav
INFO: FILEIO: [resources/audio/enemy-spawning.wav] File loaded successfully
INFO: WAVE: Data loaded successfully (48000 Hz, 16 bit, 1 channels)
INFO: AUDIO: enemy-spawning sound loaded from: resources/audio/enemy-spawning.wav
INFO: FILEIO: [resources/audio/enemy-exploding.wav] File loaded successfully
INFO: WAVE: Data loaded successfully (48000 Hz, 16 bit, 1 channels)
INFO: AUDIO: enemy-exploding sound loaded from: resources/audio/enemy-exploding.wav
INFO: FILEIO: [resources/audio/base-exploding.wav] File loaded successfully
INFO: WAVE: Data loaded successfully (48000 Hz, 16 bit, 1 channels)
INFO: AUDIO: base-exploding sound loaded from: resources/audio/base-exploding.wav

[PROFILE] frame=120 budget=16.667ms alloc(+0/-0, +0b/-0b, live=0b peak=56b)
  frame.total                      avg= 17.062ms p95= 17.034ms max= 31.537ms calls(last=  1,total=120) (102.4% budget)
  frame.render                     avg= 17.024ms p95= 16.996ms max= 31.495ms calls(last=  1,total=120) (102.1% budget)
  frame.present                    avg= 17.017ms p95= 16.989ms max= 31.488ms calls(last=  1,total=120) (102.1% budget)
  frame.input_poll                 avg=  0.027ms p95=  0.028ms max=  0.030ms calls(last=  1,total=120) (0.2% budget)
  frame.fixed_step                 avg=  0.003ms p95=  0.003ms max=  0.025ms calls(last=  1,total=124) (0.0% budget)

[PROFILE] frame=240 budget=16.667ms alloc(+6/-5, +188320b/-187400b, live=15480b peak=201936b)
  frame.total                      avg= 17.559ms p95= 17.389ms max= 85.588ms calls(last=  1,total=240) (105.4% budget)
  frame.render                     avg= 16.579ms p95= 16.925ms max= 85.498ms calls(last=  1,total=240) (99.5% budget)
  frame.present                    avg= 16.572ms p95= 16.917ms max= 85.490ms calls(last=  1,total=240) (99.4% budget)
  frame.render.world               avg=  1.424ms p95=  5.377ms max=  7.894ms calls(last=  1,total=32) (8.5% budget)
  frame.fixed_step                 avg=  0.942ms p95=  3.221ms max= 12.317ms calls(last=  1,total=250) (5.7% budget)
  game.update                      avg=  0.880ms p95=  3.019ms max= 11.687ms calls(last=  1,total=36) (5.3% budget)
  system.ai_update                 avg=  0.859ms p95=  2.925ms max= 11.517ms calls(last=  1,total=36) (5.2% budget)
  enemy.update                     avg=  0.858ms p95=  2.919ms max= 11.483ms calls(last=  1,total=36) (5.1% budget)
  frame.render.overlay             avg=  0.789ms p95=  3.495ms max=  3.615ms calls(last=  1,total=32) (4.7% budget)
  enemy.physics.frontal_collisions avg=  0.245ms p95=  0.836ms max=  3.333ms calls(last=  1,total=36) (1.5% budget)
  enemy.physics.separation         avg=  0.160ms p95=  0.525ms max=  2.292ms calls(last=  1,total=36) (1.0% budget)
  frame.input_poll                 avg=  0.028ms p95=  0.029ms max=  0.105ms calls(last=  1,total=240) (0.2% budget)
  system.physics_collision         avg=  0.006ms p95=  0.017ms max=  0.105ms calls(last=  1,total=36) (0.0% budget)
  system.spawner_update            avg=  0.005ms p95=  0.009ms max=  0.352ms calls(last=  1,total=36) (0.0% budget)
  system.projectile_update         avg=  0.001ms p95=  0.004ms max=  0.010ms calls(last=  1,total=36) (0.0% budget)
  system.maze_update               avg=  0.000ms p95=  0.001ms max=  0.002ms calls(last=  1,total=36) (0.0% budget)
[ENEMY_STATS] frame=240 alive=1 visible=0 full=0 cheap=1 fullInBase=0 pairs(frontal=0 checks=0 separation=0 resolved=0)

[PROFILE] frame=360 budget=16.667ms alloc(+209/-209, +909576b/-909576b, live=72936b peak=299528b)
  frame.total                      avg= 87.880ms p95= 91.714ms max= 94.076ms calls(last=  1,total=360) (527.3% budget)
  frame.fixed_step                 avg= 76.852ms p95= 80.366ms max= 81.381ms calls(last=  4,total=724) (461.1% budget)
  game.update                      avg= 75.181ms p95= 77.787ms max= 78.341ms calls(last=  4,total=510) (451.1% budget)
  system.ai_update                 avg= 74.585ms p95= 76.970ms max= 77.390ms calls(last=  4,total=510) (447.5% budget)
  enemy.update                     avg= 74.564ms p95= 76.945ms max= 77.368ms calls(last=  4,total=510) (447.4% budget)
  enemy.physics.frontal_collisions avg= 34.223ms p95= 35.252ms max= 35.380ms calls(last=  4,total=510) (205.3% budget)
  enemy.physics.separation         avg= 33.042ms p95= 33.963ms max= 34.111ms calls(last=  4,total=510) (198.3% budget)
  frame.render                     avg= 10.975ms p95= 11.824ms max= 85.498ms calls(last=  1,total=360) (65.9% budget)
  frame.present                    avg= 10.968ms p95= 11.818ms max= 85.490ms calls(last=  1,total=360) (65.8% budget)
  frame.render.world               avg=  5.418ms p95=  5.759ms max=  7.894ms calls(last=  1,total=152) (32.5% budget)
  frame.render.overlay             avg=  3.100ms p95=  3.789ms max=  4.064ms calls(last=  1,total=152) (18.6% budget)
  enemy.type.drone                 avg=  0.353ms p95=  0.743ms max=  1.115ms calls(last= 92,total=6295) (2.1% budget)
  system.spawner_update            avg=  0.251ms p95=  0.737ms max=  0.944ms calls(last=  4,total=510) (1.5% budget)
  enemy.cheap.segment_build        avg=  0.235ms p95=  0.692ms max=  1.336ms calls(last=  0,total=112) (1.4% budget)
  enemy.type.torpedo               avg=  0.228ms p95=  0.580ms max=  0.822ms calls(last= 72,total=4355) (1.4% budget)
  system.physics_collision         avg=  0.101ms p95=  0.128ms max=  0.185ms calls(last=  4,total=510) (0.6% budget)
  system.player_update             avg=  0.099ms p95=  0.131ms max=  0.153ms calls(last=  4,total=390) (0.6% budget)
  frame.input_poll                 avg=  0.027ms p95=  0.029ms max=  0.105ms calls(last=  1,total=360) (0.2% budget)
  system.projectile_update         avg=  0.012ms p95=  0.014ms max=  0.016ms calls(last=  4,total=510) (0.1% budget)
  system.maze_update               avg=  0.003ms p95=  0.004ms max=  0.018ms calls(last=  4,total=510) (0.0% budget)
[ENEMY_STATS] frame=360 alive=41 visible=0 full=0 cheap=41 fullInBase=0 pairs(frontal=0 checks=0 separation=0 resolved=0)

[PROFILE] frame=480 budget=16.667ms alloc(+316/-316, +1007648b/-1007648b, live=131304b peak=381960b)
  frame.total                      avg= 93.995ms p95= 96.652ms max= 98.026ms calls(last=  1,total=480) (564.0% budget)
  frame.fixed_step                 avg= 82.532ms p95= 84.853ms max= 85.884ms calls(last=  4,total=1204) (495.2% budget)
  game.update                      avg= 78.234ms p95= 79.853ms max= 80.196ms calls(last=  4,total=990) (469.4% budget)
  system.ai_update                 avg= 77.549ms p95= 78.851ms max= 79.229ms calls(last=  4,total=990) (465.3% budget)
  enemy.update                     avg= 77.527ms p95= 78.831ms max= 79.206ms calls(last=  4,total=990) (465.2% budget)
  enemy.physics.frontal_collisions avg= 34.726ms p95= 35.215ms max= 35.385ms calls(last=  4,total=990) (208.4% budget)
  enemy.physics.separation         avg= 33.520ms p95= 33.907ms max= 34.111ms calls(last=  4,total=990) (201.1% budget)
  frame.render                     avg= 11.410ms p95= 12.312ms max= 85.498ms calls(last=  1,total=480) (68.5% budget)
  frame.present                    avg= 11.403ms p95= 12.306ms max= 85.490ms calls(last=  1,total=480) (68.4% budget)
  frame.render.world               avg=  5.840ms p95=  6.192ms max=  7.894ms calls(last=  1,total=272) (35.0% budget)
  frame.render.overlay             avg=  3.141ms p95=  3.771ms max=  4.064ms calls(last=  1,total=272) (18.8% budget)
  enemy.type.torpedo               avg=  0.955ms p95=  1.535ms max=  1.797ms calls(last=136,total=17407) (5.7% budget)
  enemy.cheap.segment_build        avg=  0.806ms p95=  1.478ms max=  1.713ms calls(last=  5,total=768) (4.8% budget)
  enemy.type.drone                 avg=  0.637ms p95=  1.152ms max=  1.598ms calls(last=128,total=19779) (3.8% budget)
  system.spawner_update            avg=  0.251ms p95=  0.561ms max=  0.944ms calls(last=  4,total=990) (1.5% budget)
  system.physics_collision         avg=  0.145ms p95=  0.172ms max=  0.234ms calls(last=  4,total=990) (0.9% budget)
  system.player_update             avg=  0.128ms p95=  0.142ms max=  0.179ms calls(last=  4,total=870) (0.8% budget)
  frame.input_poll                 avg=  0.027ms p95=  0.028ms max=  0.105ms calls(last=  1,total=480) (0.2% budget)
  enemy.ai.movement                avg=  0.013ms p95=  0.000ms max=  0.465ms calls(last=  4,total=14) (0.1% budget)
  system.projectile_update         avg=  0.013ms p95=  0.014ms max=  0.027ms calls(last=  4,total=990) (0.1% budget)
  enemy.ai.decision                avg=  0.003ms p95=  0.000ms max=  0.115ms calls(last=  4,total=14) (0.0% budget)
  system.maze_update               avg=  0.003ms p95=  0.004ms max=  0.018ms calls(last=  4,total=990) (0.0% budget)
  enemy.ai.perception              avg=  0.001ms p95=  0.000ms max=  0.026ms calls(last=  4,total=14) (0.0% budget)
  enemy.ai.firing                  avg=  0.000ms p95=  0.000ms max=  0.015ms calls(last=  4,total=14) (0.0% budget)
[ENEMY_STATS] frame=480 alive=66 visible=0 full=1 cheap=65 fullInBase=0 pairs(frontal=0 checks=0 separation=0 resolved=0)

[PROFILE] frame=600 budget=16.667ms alloc(+404/-404, +1032992b/-1032992b, live=131344b peak=387984b)
  frame.total                      avg=102.290ms p95=104.866ms max=106.456ms calls(last=  1,total=600) (613.7% budget)
  frame.fixed_step                 avg= 90.209ms p95= 92.440ms max= 92.861ms calls(last=  4,total=1684) (541.3% budget)
  game.update                      avg= 83.962ms p95= 86.102ms max= 86.743ms calls(last=  4,total=1470) (503.8% budget)
  system.ai_update                 avg= 83.274ms p95= 85.478ms max= 85.829ms calls(last=  4,total=1470) (499.6% budget)
  enemy.update                     avg= 83.252ms p95= 85.455ms max= 85.805ms calls(last=  4,total=1470) (499.5% budget)
  enemy.physics.frontal_collisions avg= 35.219ms p95= 35.671ms max= 35.849ms calls(last=  4,total=1470) (211.3% budget)
  enemy.physics.separation         avg= 33.787ms p95= 34.115ms max= 34.459ms calls(last=  4,total=1470) (202.7% budget)
  frame.render                     avg= 12.027ms p95= 13.134ms max= 85.498ms calls(last=  1,total=600) (72.2% budget)
  frame.present                    avg= 12.020ms p95= 13.127ms max= 85.490ms calls(last=  1,total=600) (72.1% budget)
  frame.render.world               avg=  6.306ms p95=  6.732ms max=  7.894ms calls(last=  1,total=392) (37.8% budget)
  enemy.type.torpedo               avg=  3.852ms p95=  5.104ms max=  5.528ms calls(last=148,total=34734) (23.1% budget)
  frame.render.overlay             avg=  3.187ms p95=  3.871ms max=  4.070ms calls(last=  1,total=392) (19.1% budget)
  enemy.type.drone                 avg=  2.197ms p95=  3.134ms max=  3.895ms calls(last=140,total=36265) (13.2% budget)
  enemy.ai.movement                avg=  2.174ms p95=  2.946ms max=  3.268ms calls(last= 24,total=2627) (13.0% budget)
  enemy.ai.decision                avg=  1.578ms p95=  2.440ms max=  2.955ms calls(last= 24,total=2627) (9.5% budget)
  enemy.cheap.segment_build        avg=  0.996ms p95=  1.632ms max=  1.959ms calls(last= 13,total=1711) (6.0% budget)
  system.spawner_update            avg=  0.203ms p95=  0.531ms max=  0.944ms calls(last=  4,total=1470) (1.2% budget)
  system.physics_collision         avg=  0.193ms p95=  0.257ms max=  0.283ms calls(last=  4,total=1470) (1.2% budget)
  enemy.torpedo.select_heading     avg=  0.132ms p95=  0.932ms max=  1.107ms calls(last=  0,total=20) (0.8% budget)
  system.player_update             avg=  0.120ms p95=  0.138ms max=  0.179ms calls(last=  4,total=1350) (0.7% budget)
  enemy.physics.frontal_pair_narrow avg=  0.077ms p95=  0.133ms max=  0.173ms calls(last=  4,total=842) (0.5% budget)
  enemy.ai.perception              avg=  0.063ms p95=  0.081ms max=  0.094ms calls(last= 24,total=2627) (0.4% budget)
  enemy.ai.firing                  avg=  0.046ms p95=  0.061ms max=  0.087ms calls(last= 24,total=2627) (0.3% budget)
  frame.input_poll                 avg=  0.027ms p95=  0.028ms max=  0.105ms calls(last=  1,total=600) (0.2% budget)
[ENEMY_STATS] frame=600 alive=72 visible=2 full=6 cheap=66 fullInBase=0 pairs(frontal=1 checks=1 separation=1 resolved=0)

[PROFILE] frame=720 budget=16.667ms alloc(+364/-364, +1031904b/-1031904b, live=131344b peak=387984b)
  frame.total                      avg=102.032ms p95=104.061ms max=109.089ms calls(last=  1,total=720) (612.2% budget)
  frame.fixed_step                 avg= 90.353ms p95= 91.947ms max= 92.924ms calls(last=  4,total=2164) (542.1% budget)
  game.update                      avg= 83.907ms p95= 85.467ms max= 86.743ms calls(last=  4,total=1950) (503.4% budget)
  system.ai_update                 avg= 83.263ms p95= 84.824ms max= 85.829ms calls(last=  4,total=1950) (499.6% budget)
  enemy.update                     avg= 83.242ms p95= 84.802ms max= 85.805ms calls(last=  4,total=1950) (499.4% budget)
  enemy.physics.frontal_collisions avg= 34.948ms p95= 35.511ms max= 35.849ms calls(last=  4,total=1950) (209.7% budget)
  enemy.physics.separation         avg= 33.600ms p95= 33.997ms max= 34.459ms calls(last=  4,total=1950) (201.6% budget)
  frame.render                     avg= 11.625ms p95= 12.330ms max= 85.498ms calls(last=  1,total=720) (69.8% budget)
  frame.present                    avg= 11.618ms p95= 12.324ms max= 85.490ms calls(last=  1,total=720) (69.7% budget)
  frame.render.world               avg=  6.028ms p95=  6.447ms max=  7.894ms calls(last=  1,total=512) (36.2% budget)
  enemy.type.torpedo               avg=  3.598ms p95=  4.713ms max=  5.528ms calls(last=148,total=52494) (21.6% budget)
  frame.render.overlay             avg=  3.170ms p95=  3.801ms max=  4.121ms calls(last=  1,total=512) (19.0% budget)
  enemy.type.drone                 avg=  2.913ms p95=  3.474ms max=  3.895ms calls(last=140,total=53065) (17.5% budget)
  enemy.cheap.segment_build        avg=  2.198ms p95=  2.945ms max=  3.593ms calls(last= 25,total=4278) (13.2% budget)
  enemy.ai.movement                avg=  1.991ms p95=  2.593ms max=  3.268ms calls(last= 12,total=5045) (11.9% budget)
  enemy.ai.decision                avg=  0.998ms p95=  1.461ms max=  2.955ms calls(last= 12,total=5045) (6.0% budget)
  system.physics_collision         avg=  0.180ms p95=  0.212ms max=  0.283ms calls(last=  4,total=1950) (1.1% budget)
  system.spawner_update            avg=  0.174ms p95=  0.177ms max=  0.944ms calls(last=  4,total=1950) (1.0% budget)
  system.player_update             avg=  0.121ms p95=  0.132ms max=  0.184ms calls(last=  4,total=1830) (0.7% budget)
  enemy.ai.perception              avg=  0.059ms p95=  0.069ms max=  0.125ms calls(last= 12,total=5045) (0.4% budget)
  enemy.torpedo.select_heading     avg=  0.046ms p95=  0.655ms max=  1.107ms calls(last=  0,total=27) (0.3% budget)
  enemy.ai.firing                  avg=  0.041ms p95=  0.049ms max=  0.091ms calls(last= 12,total=5045) (0.2% budget)
  enemy.physics.frontal_pair_narrow avg=  0.031ms p95=  0.076ms max=  0.173ms calls(last=  0,total=1071) (0.2% budget)
  frame.input_poll                 avg=  0.027ms p95=  0.028ms max=  0.105ms calls(last=  1,total=720) (0.2% budget)
[ENEMY_STATS] frame=720 alive=72 visible=2 full=3 cheap=69 fullInBase=0 pairs(frontal=0 checks=0 separation=0 resolved=0)

[PROFILE] frame=840 budget=16.667ms alloc(+356/-356, +1031728b/-1031728b, live=131344b peak=387984b)
  frame.total                      avg=101.557ms p95=103.999ms max=109.089ms calls(last=  1,total=840) (609.3% budget)
  frame.fixed_step                 avg= 89.934ms p95= 92.177ms max= 93.287ms calls(last=  4,total=2644) (539.6% budget)
  game.update                      avg= 83.506ms p95= 85.636ms max= 86.743ms calls(last=  4,total=2430) (501.0% budget)
  system.ai_update                 avg= 82.863ms p95= 84.928ms max= 86.037ms calls(last=  4,total=2430) (497.2% budget)
  enemy.update                     avg= 82.842ms p95= 84.908ms max= 86.017ms calls(last=  4,total=2430) (497.0% budget)
  enemy.physics.frontal_collisions avg= 34.950ms p95= 35.523ms max= 35.849ms calls(last=  4,total=2430) (209.7% budget)
  enemy.physics.separation         avg= 33.629ms p95= 34.043ms max= 34.459ms calls(last=  4,total=2430) (201.8% budget)
  frame.render                     avg= 11.569ms p95= 12.386ms max= 85.498ms calls(last=  1,total=840) (69.4% budget)
  frame.present                    avg= 11.562ms p95= 12.379ms max= 85.490ms calls(last=  1,total=840) (69.4% budget)
  frame.render.world               avg=  6.010ms p95=  6.233ms max=  8.259ms calls(last=  1,total=632) (36.1% budget)
  enemy.type.torpedo               avg=  3.982ms p95=  4.901ms max=  5.616ms calls(last=148,total=70254) (23.9% budget)
  frame.render.overlay             avg=  3.181ms p95=  3.794ms max=  4.122ms calls(last=  1,total=632) (19.1% budget)
  enemy.cheap.segment_build        avg=  2.547ms p95=  3.260ms max=  3.670ms calls(last= 29,total=7287) (15.3% budget)
  enemy.type.drone                 avg=  2.083ms p95=  2.796ms max=  3.895ms calls(last=140,total=69865) (12.5% budget)
  enemy.ai.movement                avg=  1.429ms p95=  2.176ms max=  3.268ms calls(last=  8,total=6610) (8.6% budget)
  enemy.ai.decision                avg=  0.827ms p95=  1.240ms max=  2.955ms calls(last=  8,total=6610) (5.0% budget)
  system.physics_collision         avg=  0.177ms p95=  0.190ms max=  0.283ms calls(last=  4,total=2430) (1.1% budget)
  system.spawner_update            avg=  0.176ms p95=  0.192ms max=  0.944ms calls(last=  4,total=2430) (1.1% budget)
  system.player_update             avg=  0.120ms p95=  0.137ms max=  0.210ms calls(last=  4,total=2310) (0.7% budget)
  enemy.torpedo.select_heading     avg=  0.046ms p95=  0.541ms max=  1.107ms calls(last=  0,total=35) (0.3% budget)
  enemy.ai.perception              avg=  0.045ms p95=  0.059ms max=  0.125ms calls(last=  8,total=6610) (0.3% budget)
  enemy.physics.frontal_pair_narrow avg=  0.033ms p95=  0.095ms max=  0.173ms calls(last=  0,total=1397) (0.2% budget)
  enemy.ai.firing                  avg=  0.032ms p95=  0.043ms max=  0.109ms calls(last=  8,total=6610) (0.2% budget)
  frame.input_poll                 avg=  0.027ms p95=  0.028ms max=  0.105ms calls(last=  1,total=840) (0.2% budget)
[ENEMY_STATS] frame=840 alive=72 visible=1 full=2 cheap=70 fullInBase=0 pairs(frontal=0 checks=0 separation=0 resolved=0)

[PROFILE] frame=960 budget=16.667ms alloc(+360/-360, +1031872b/-1031872b, live=131344b peak=387984b)
  frame.total                      avg=101.181ms p95=102.776ms max=109.089ms calls(last=  1,total=960) (607.1% budget)
  frame.fixed_step                 avg= 89.355ms p95= 90.651ms max= 93.287ms calls(last=  4,total=3124) (536.1% budget)
  game.update                      avg= 82.908ms p95= 84.057ms max= 86.743ms calls(last=  4,total=2910) (497.4% budget)
  system.ai_update                 avg= 82.266ms p95= 83.321ms max= 86.037ms calls(last=  4,total=2910) (493.6% budget)
  enemy.update                     avg= 82.244ms p95= 83.300ms max= 86.017ms calls(last=  4,total=2910) (493.5% budget)
  enemy.physics.frontal_collisions avg= 34.850ms p95= 35.250ms max= 35.849ms calls(last=  4,total=2910) (209.1% budget)
  enemy.physics.separation         avg= 33.593ms p95= 33.969ms max= 34.459ms calls(last=  4,total=2910) (201.6% budget)
  frame.render                     avg= 11.771ms p95= 12.471ms max= 85.498ms calls(last=  1,total=960) (70.6% budget)
  frame.present                    avg= 11.764ms p95= 12.464ms max= 85.490ms calls(last=  1,total=960) (70.6% budget)
  frame.render.world               avg=  6.200ms p95=  6.418ms max=  8.259ms calls(last=  1,total=752) (37.2% budget)
  enemy.type.torpedo               avg=  4.091ms p95=  4.604ms max=  5.616ms calls(last=148,total=88014) (24.5% budget)
  frame.render.overlay             avg=  3.164ms p95=  3.756ms max=  4.122ms calls(last=  1,total=752) (19.0% budget)
  enemy.cheap.segment_build        avg=  3.086ms p95=  3.747ms max=  4.274ms calls(last= 29,total=10923) (18.5% budget)
  enemy.type.drone                 avg=  1.534ms p95=  2.011ms max=  3.895ms calls(last=140,total=86665) (9.2% budget)
  enemy.ai.movement                avg=  0.725ms p95=  0.928ms max=  3.268ms calls(last=  8,total=7552) (4.3% budget)
  enemy.ai.decision                avg=  0.608ms p95=  1.001ms max=  2.955ms calls(last=  8,total=7552) (3.6% budget)
  system.physics_collision         avg=  0.178ms p95=  0.199ms max=  0.291ms calls(last=  4,total=2910) (1.1% budget)
  system.spawner_update            avg=  0.177ms p95=  0.198ms max=  0.944ms calls(last=  4,total=2910) (1.1% budget)
  system.player_update             avg=  0.119ms p95=  0.134ms max=  0.210ms calls(last=  4,total=2790) (0.7% budget)
  enemy.torpedo.select_heading     avg=  0.042ms p95=  0.516ms max=  1.107ms calls(last=  0,total=42) (0.3% budget)
  enemy.ai.perception              avg=  0.034ms p95=  0.036ms max=  0.125ms calls(last=  8,total=7552) (0.2% budget)
  frame.input_poll                 avg=  0.027ms p95=  0.029ms max=  0.105ms calls(last=  1,total=960) (0.2% budget)
  enemy.ai.firing                  avg=  0.025ms p95=  0.027ms max=  0.109ms calls(last=  8,total=7552) (0.2% budget)
  enemy.physics.frontal_pair_narrow avg=  0.015ms p95=  0.082ms max=  0.173ms calls(last=  0,total=1498) (0.1% budget)
[ENEMY_STATS] frame=960 alive=72 visible=0 full=2 cheap=70 fullInBase=0 pairs(frontal=0 checks=0 separation=0 resolved=0)

[PROFILE] frame=1080 budget=16.667ms alloc(+332/-332, +1031008b/-1031008b, live=131344b peak=387984b)
  frame.total                      avg= 99.908ms p95=101.142ms max=109.089ms calls(last=  1,total=1080) (599.4% budget)
  frame.fixed_step                 avg= 87.991ms p95= 88.853ms max= 93.287ms calls(last=  4,total=3604) (527.9% budget)
  game.update                      avg= 81.562ms p95= 82.473ms max= 86.743ms calls(last=  4,total=3390) (489.4% budget)
  system.ai_update                 avg= 80.928ms p95= 81.879ms max= 86.037ms calls(last=  4,total=3390) (485.6% budget)
  enemy.update                     avg= 80.907ms p95= 81.860ms max= 86.017ms calls(last=  4,total=3390) (485.4% budget)
  enemy.physics.frontal_collisions avg= 34.647ms p95= 35.114ms max= 35.849ms calls(last=  4,total=3390) (207.9% budget)
  enemy.physics.separation         avg= 33.470ms p95= 33.820ms max= 34.459ms calls(last=  4,total=3390) (200.8% budget)
  frame.render                     avg= 11.864ms p95= 12.557ms max= 85.498ms calls(last=  1,total=1080) (71.2% budget)
  frame.present                    avg= 11.857ms p95= 12.543ms max= 85.490ms calls(last=  1,total=1080) (71.1% budget)
  frame.render.world               avg=  6.312ms p95=  6.468ms max=  8.648ms calls(last=  1,total=872) (37.9% budget)
  enemy.type.torpedo               avg=  3.586ms p95=  4.545ms max=  5.616ms calls(last=148,total=105774) (21.5% budget)
  frame.render.overlay             avg=  3.166ms p95=  3.779ms max=  4.122ms calls(last=  1,total=872) (19.0% budget)
  enemy.cheap.segment_build        avg=  3.047ms p95=  3.627ms max=  4.274ms calls(last= 32,total=14550) (18.3% budget)
  enemy.type.drone                 avg=  1.072ms p95=  1.576ms max=  3.895ms calls(last=140,total=103465) (6.4% budget)
  enemy.ai.movement                avg=  0.263ms p95=  0.875ms max=  3.268ms calls(last=  0,total=7827) (1.6% budget)
  enemy.ai.decision                avg=  0.246ms p95=  0.539ms max=  2.955ms calls(last=  0,total=7827) (1.5% budget)
  system.spawner_update            avg=  0.174ms p95=  0.176ms max=  0.944ms calls(last=  4,total=3390) (1.0% budget)
  system.physics_collision         avg=  0.173ms p95=  0.185ms max=  0.291ms calls(last=  4,total=3390) (1.0% budget)
  system.player_update             avg=  0.119ms p95=  0.126ms max=  0.210ms calls(last=  4,total=3270) (0.7% budget)
  frame.input_poll                 avg=  0.027ms p95=  0.028ms max=  0.105ms calls(last=  1,total=1080) (0.2% budget)
  enemy.ai.perception              avg=  0.013ms p95=  0.032ms max=  0.125ms calls(last=  0,total=7827) (0.1% budget)
  enemy.torpedo.select_heading     avg=  0.013ms p95=  0.000ms max=  1.107ms calls(last=  0,total=44) (0.1% budget)
  system.projectile_update         avg=  0.013ms p95=  0.014ms max=  0.028ms calls(last=  4,total=3390) (0.1% budget)
  enemy.ai.firing                  avg=  0.009ms p95=  0.022ms max=  0.109ms calls(last=  0,total=7827) (0.1% budget)
[ENEMY_STATS] frame=1080 alive=72 visible=0 full=0 cheap=72 fullInBase=0 pairs(frontal=0 checks=0 separation=0 resolved=0)

[PROFILE] frame=1200 budget=16.667ms alloc(+332/-332, +1031008b/-1031008b, live=131344b peak=387984b)
  frame.total                      avg= 99.857ms p95=101.259ms max=109.089ms calls(last=  1,total=1200) (599.1% budget)
  frame.fixed_step                 avg= 88.053ms p95= 88.875ms max= 93.287ms calls(last=  4,total=4084) (528.3% budget)
  game.update                      avg= 81.587ms p95= 82.439ms max= 86.743ms calls(last=  4,total=3870) (489.5% budget)
  system.ai_update                 avg= 80.953ms p95= 81.814ms max= 86.037ms calls(last=  4,total=3870) (485.7% budget)
  enemy.update                     avg= 80.932ms p95= 81.796ms max= 86.017ms calls(last=  4,total=3870) (485.6% budget)
  enemy.physics.frontal_collisions avg= 34.917ms p95= 35.182ms max= 35.849ms calls(last=  4,total=3870) (209.5% budget)
  enemy.physics.separation         avg= 33.675ms p95= 33.955ms max= 34.459ms calls(last=  4,total=3870) (202.1% budget)
  frame.render                     avg= 11.747ms p95= 12.506ms max= 85.498ms calls(last=  1,total=1200) (70.5% budget)
  frame.present                    avg= 11.740ms p95= 12.499ms max= 85.490ms calls(last=  1,total=1200) (70.4% budget)
  frame.render.world               avg=  6.163ms p95=  6.387ms max=  8.648ms calls(last=  1,total=992) (37.0% budget)
  frame.render.overlay             avg=  3.178ms p95=  3.832ms max=  4.122ms calls(last=  1,total=992) (19.1% budget)
  enemy.type.torpedo               avg=  3.136ms p95=  3.705ms max=  5.616ms calls(last=148,total=123534) (18.8% budget)
  enemy.cheap.segment_build        avg=  3.099ms p95=  3.656ms max=  4.274ms calls(last= 30,total=18189) (18.6% budget)
  enemy.type.drone                 avg=  1.032ms p95=  1.394ms max=  3.895ms calls(last=140,total=120265) (6.2% budget)
  system.spawner_update            avg=  0.175ms p95=  0.202ms max=  0.944ms calls(last=  4,total=3870) (1.1% budget)
  system.physics_collision         avg=  0.171ms p95=  0.189ms max=  0.291ms calls(last=  4,total=3870) (1.0% budget)
  system.player_update             avg=  0.119ms p95=  0.130ms max=  0.210ms calls(last=  4,total=3750) (0.7% budget)
  frame.input_poll                 avg=  0.029ms p95=  0.029ms max=  0.110ms calls(last=  1,total=1200) (0.2% budget)
  system.projectile_update         avg=  0.013ms p95=  0.014ms max=  0.028ms calls(last=  4,total=3870) (0.1% budget)
  system.maze_update               avg=  0.003ms p95=  0.004ms max=  0.051ms calls(last=  4,total=3870) (0.0% budget)
  enemy.physics.frontal_pair_narrow avg=  0.000ms p95=  0.000ms max=  0.173ms calls(last=  0,total=1498) (0.0% budget)
  enemy.physics.separation_pair_resolve avg=  0.000ms p95=  0.000ms max=  0.031ms calls(last=  0,total=1485) (0.0% budget)
  enemy.torpedo.select_heading     avg=  0.000ms p95=  0.000ms max=  1.107ms calls(last=  0,total=44) (0.0% budget)
  enemy.ai.movement                avg=  0.000ms p95=  0.000ms max=  3.268ms calls(last=  0,total=7827) (0.0% budget)
[ENEMY_STATS] frame=1200 alive=72 visible=0 full=0 cheap=72 fullInBase=0 pairs(frontal=0 checks=0 separation=0 resolved=0)

[PROFILE] frame=1320 budget=16.667ms alloc(+332/-332, +1031008b/-1031008b, live=131344b peak=387984b)
  frame.total                      avg=100.205ms p95=101.733ms max=109.089ms calls(last=  1,total=1320) (601.2% budget)
  frame.fixed_step                 avg= 88.444ms p95= 89.731ms max= 93.287ms calls(last=  4,total=4564) (530.7% budget)
  game.update                      avg= 81.991ms p95= 83.204ms max= 86.743ms calls(last=  4,total=4350) (491.9% budget)
  system.ai_update                 avg= 81.354ms p95= 82.517ms max= 86.037ms calls(last=  4,total=4350) (488.1% budget)
  enemy.update                     avg= 81.333ms p95= 82.497ms max= 86.017ms calls(last=  4,total=4350) (488.0% budget)
  enemy.physics.frontal_collisions avg= 34.800ms p95= 35.133ms max= 35.849ms calls(last=  4,total=4350) (208.8% budget)
  enemy.physics.separation         avg= 33.593ms p95= 33.918ms max= 34.459ms calls(last=  4,total=4350) (201.6% budget)
  frame.render                     avg= 11.708ms p95= 12.446ms max= 85.498ms calls(last=  1,total=1320) (70.2% budget)
  frame.present                    avg= 11.701ms p95= 12.438ms max= 85.490ms calls(last=  1,total=1320) (70.2% budget)
  frame.render.world               avg=  6.142ms p95=  6.361ms max=  9.077ms calls(last=  1,total=1112) (36.9% budget)
  enemy.cheap.segment_build        avg=  3.694ms p95=  4.484ms max=  4.942ms calls(last= 42,total=22624) (22.2% budget)
  enemy.type.torpedo               avg=  3.312ms p95=  4.035ms max=  5.616ms calls(last=148,total=141294) (19.9% budget)
  frame.render.overlay             avg=  3.175ms p95=  3.827ms max=  4.122ms calls(last=  1,total=1112) (19.1% budget)
  enemy.type.drone                 avg=  1.471ms p95=  1.907ms max=  3.895ms calls(last=140,total=137065) (8.8% budget)
  system.spawner_update            avg=  0.176ms p95=  0.203ms max=  0.944ms calls(last=  4,total=4350) (1.1% budget)
  system.physics_collision         avg=  0.171ms p95=  0.199ms max=  0.291ms calls(last=  4,total=4350) (1.0% budget)
  system.player_update             avg=  0.120ms p95=  0.133ms max=  0.210ms calls(last=  4,total=4230) (0.7% budget)
  frame.input_poll                 avg=  0.027ms p95=  0.029ms max=  0.110ms calls(last=  1,total=1320) (0.2% budget)
  system.projectile_update         avg=  0.013ms p95=  0.014ms max=  0.028ms calls(last=  4,total=4350) (0.1% budget)
  system.maze_update               avg=  0.003ms p95=  0.004ms max=  0.051ms calls(last=  4,total=4350) (0.0% budget)
  enemy.physics.frontal_pair_narrow avg=  0.000ms p95=  0.000ms max=  0.173ms calls(last=  0,total=1498) (0.0% budget)
  enemy.physics.separation_pair_resolve avg=  0.000ms p95=  0.000ms max=  0.031ms calls(last=  0,total=1485) (0.0% budget)
  enemy.torpedo.select_heading     avg=  0.000ms p95=  0.000ms max=  1.107ms calls(last=  0,total=44) (0.0% budget)
  enemy.ai.movement                avg=  0.000ms p95=  0.000ms max=  3.268ms calls(last=  0,total=7827) (0.0% budget)
[ENEMY_STATS] frame=1320 alive=72 visible=0 full=0 cheap=72 fullInBase=0 pairs(frontal=0 checks=0 separation=0 resolved=0)

[PROFILE] frame=1440 budget=16.667ms alloc(+332/-332, +1031008b/-1031008b, live=131344b peak=387984b)
  frame.total                      avg= 99.960ms p95=101.405ms max=109.089ms calls(last=  1,total=1440) (599.8% budget)
  frame.fixed_step                 avg= 88.479ms p95= 89.726ms max= 93.287ms calls(last=  4,total=5044) (530.9% budget)
  game.update                      avg= 82.060ms p95= 83.267ms max= 86.743ms calls(last=  4,total=4830) (492.4% budget)
  system.ai_update                 avg= 81.430ms p95= 82.628ms max= 86.037ms calls(last=  4,total=4830) (488.6% budget)
  enemy.update                     avg= 81.409ms p95= 82.606ms max= 86.017ms calls(last=  4,total=4830) (488.5% budget)
  enemy.physics.frontal_collisions avg= 34.571ms p95= 34.968ms max= 35.849ms calls(last=  4,total=4830) (207.4% budget)
  enemy.physics.separation         avg= 33.428ms p95= 33.864ms max= 34.459ms calls(last=  4,total=4830) (200.6% budget)
  frame.render                     avg= 11.427ms p95= 12.196ms max= 85.498ms calls(last=  1,total=1440) (68.6% budget)
  frame.present                    avg= 11.420ms p95= 12.189ms max= 85.490ms calls(last=  1,total=1440) (68.5% budget)
  frame.render.world               avg=  5.878ms p95=  6.072ms max=  9.077ms calls(last=  1,total=1232) (35.3% budget)
  enemy.cheap.segment_build        avg=  4.175ms p95=  4.767ms max=  5.062ms calls(last= 47,total=27714) (25.0% budget)
  enemy.type.torpedo               avg=  3.821ms p95=  4.316ms max=  5.616ms calls(last=148,total=159054) (22.9% budget)
  frame.render.overlay             avg=  3.160ms p95=  3.838ms max=  4.122ms calls(last=  1,total=1232) (19.0% budget)
  enemy.type.drone                 avg=  1.452ms p95=  1.880ms max=  3.895ms calls(last=140,total=153865) (8.7% budget)
  system.spawner_update            avg=  0.175ms p95=  0.191ms max=  0.944ms calls(last=  4,total=4830) (1.0% budget)
  system.physics_collision         avg=  0.170ms p95=  0.180ms max=  0.291ms calls(last=  4,total=4830) (1.0% budget)
  system.player_update             avg=  0.118ms p95=  0.130ms max=  0.210ms calls(last=  4,total=4710) (0.7% budget)
  frame.input_poll                 avg=  0.027ms p95=  0.028ms max=  0.110ms calls(last=  1,total=1440) (0.2% budget)
  system.projectile_update         avg=  0.013ms p95=  0.014ms max=  0.046ms calls(last=  4,total=4830) (0.1% budget)
  system.maze_update               avg=  0.003ms p95=  0.004ms max=  0.051ms calls(last=  4,total=4830) (0.0% budget)
  enemy.physics.frontal_pair_narrow avg=  0.000ms p95=  0.000ms max=  0.173ms calls(last=  0,total=1498) (0.0% budget)
  enemy.physics.separation_pair_resolve avg=  0.000ms p95=  0.000ms max=  0.031ms calls(last=  0,total=1485) (0.0% budget)
  enemy.torpedo.select_heading     avg=  0.000ms p95=  0.000ms max=  1.107ms calls(last=  0,total=44) (0.0% budget)
  enemy.ai.movement                avg=  0.000ms p95=  0.000ms max=  3.268ms calls(last=  0,total=7827) (0.0% budget)
[ENEMY_STATS] frame=1440 alive=72 visible=0 full=0 cheap=72 fullInBase=0 pairs(frontal=0 checks=0 separation=0 resolved=0)

[PROFILE] frame=1560 budget=16.667ms alloc(+0/-0, +0b/-0b, live=131344b peak=387984b)
  frame.total                      avg= 60.138ms p95=101.801ms max=109.089ms calls(last=  1,total=1560) (360.8% budget)
  frame.fixed_step                 avg= 46.106ms p95= 90.080ms max= 93.287ms calls(last=  1,total=5354) (276.6% budget)
  game.update                      avg= 42.776ms p95= 83.561ms max= 86.743ms calls(last=  0,total=5078) (256.7% budget)
  system.ai_update                 avg= 42.452ms p95= 82.986ms max= 86.037ms calls(last=  0,total=5078) (254.7% budget)
  enemy.update                     avg= 42.442ms p95= 82.966ms max= 86.017ms calls(last=  0,total=5078) (254.6% budget)
  enemy.physics.frontal_collisions avg= 17.955ms p95= 35.100ms max= 35.849ms calls(last=  0,total=5078) (107.7% budget)
  enemy.physics.separation         avg= 17.347ms p95= 33.876ms max= 36.256ms calls(last=  0,total=5078) (104.1% budget)
  frame.render                     avg= 13.987ms p95= 17.203ms max= 85.498ms calls(last=  1,total=1560) (83.9% budget)
  frame.present                    avg= 13.979ms p95= 17.196ms max= 85.490ms calls(last=  1,total=1560) (83.9% budget)
  frame.render.world               avg=  5.741ms p95=  5.947ms max=  9.124ms calls(last=  1,total=1352) (34.4% budget)
  frame.render.overlay             avg=  3.690ms p95=  4.784ms max=  4.971ms calls(last=  2,total=1410) (22.1% budget)
  enemy.cheap.segment_build        avg=  2.342ms p95=  5.000ms max=  5.239ms calls(last=  0,total=30575) (14.1% budget)
  enemy.type.torpedo               avg=  2.173ms p95=  4.586ms max=  5.616ms calls(last=  0,total=168230) (13.0% budget)
  enemy.type.drone                 avg=  0.744ms p95=  1.710ms max=  3.895ms calls(last=  0,total=162545) (4.5% budget)
  system.spawner_update            avg=  0.090ms p95=  0.178ms max=  0.944ms calls(last=  0,total=5078) (0.5% budget)
  system.physics_collision         avg=  0.088ms p95=  0.182ms max=  0.291ms calls(last=  0,total=5078) (0.5% budget)
  system.player_update             avg=  0.059ms p95=  0.119ms max=  0.210ms calls(last=  0,total=4958) (0.4% budget)
  frame.input_poll                 avg=  0.028ms p95=  0.028ms max=  0.110ms calls(last=  1,total=1560) (0.2% budget)
  system.projectile_update         avg=  0.007ms p95=  0.014ms max=  0.046ms calls(last=  0,total=5078) (0.0% budget)
  system.maze_update               avg=  0.002ms p95=  0.004ms max=  0.051ms calls(last=  0,total=5078) (0.0% budget)
  enemy.physics.frontal_pair_narrow avg=  0.000ms p95=  0.000ms max=  0.173ms calls(last=  0,total=1498) (0.0% budget)
  enemy.physics.separation_pair_resolve avg=  0.000ms p95=  0.000ms max=  0.031ms calls(last=  0,total=1485) (0.0% budget)
  enemy.torpedo.select_heading     avg=  0.000ms p95=  0.000ms max=  1.107ms calls(last=  0,total=44) (0.0% budget)
  enemy.ai.movement                avg=  0.000ms p95=  0.000ms max=  3.268ms calls(last=  0,total=7827) (0.0% budget)
INFO: TEXTURE: [ID 3] Unloaded texture data from VRAM (GPU)
INFO: TEXTURE: [ID 4] Unloaded texture data from VRAM (GPU)
INFO: AUDIO: Device closed successfully
INFO: TEXTURE: [ID 2] Unloaded texture data from VRAM (GPU)
INFO: SHADER: [ID 3] Default shader unloaded successfully
INFO: TEXTURE: [ID 1] Default texture unloaded successfully
INFO: Window closed successfully