INFO: Initializing raylib 5.6-dev
INFO: Platform backend: DESKTOP (SDL)
INFO: Supported raylib modules:
INFO:     > rcore:..... loaded (mandatory)
INFO:     > rlgl:...... loaded (mandatory)
INFO:     > rshapes:... loaded (optional)
INFO:     > rtextures:. loaded (optional)
INFO:     > rtext:..... loaded (optional)
INFO:     > rmodels:... loaded (optional)
INFO:     > raudio:.... loaded (optional)
arm_release_ver: g13p0-01eac0, rk_so_ver: 11
INFO: DISPLAY: Device initialized successfully
INFO:     > Display size: 640 x 480
INFO:     > Screen size:  640 x 480
INFO:     > Render size:  640 x 480
INFO:     > Viewport offsets: 0, 0
INFO: GLAD: OpenGL ES 2.0 loaded successfully
INFO: GL: Supported extensions count: 99
INFO: GL: OpenGL device information:
INFO:     > Vendor:   ARM
INFO:     > Renderer: Mali-G52
INFO:     > Version:  OpenGL ES 3.2 v1.g13p0-01eac0.fdf91928d758c45c1787782175b35c6a
INFO:     > GLSL:     OpenGL ES GLSL ES 3.20
INFO: GL: VAO extension detected, VAO functions loaded successfully
INFO: GL: NPOT textures extension detected, full NPOT textures supported
INFO: GL: ETC1 compressed textures supported
INFO: GL: ASTC compressed textures supported
INFO: PLATFORM: DESKTOP (SDL2): Initialized successfully
INFO: TEXTURE: [ID 1] Texture loaded successfully (1x1 | R8G8B8A8 | 1 mipmaps)
INFO: TEXTURE: [ID 1] Default texture loaded successfully
INFO: SHADER: [ID 1] Vertex shader compiled successfully
INFO: SHADER: [ID 2] Fragment shader compiled successfully
INFO: SHADER: [ID 3] Program shader loaded successfully
INFO: SHADER: [ID 3] Default shader loaded successfully
INFO: RLGL: Render batch vertex buffers loaded successfully in RAM (CPU)
INFO: RLGL: Render batch vertex buffers loaded successfully in VRAM (GPU)
INFO: RLGL: Default OpenGL state initialized successfully
INFO: TEXTURE: [ID 2] Texture loaded successfully (128x128 | GRAY_ALPHA | 1 mipmaps)
INFO: FONT: Default font loaded successfully (224 glyphs)
INFO: SYSTEM: Working Directory: /roms2/ports/bolt
INFO: TIMER: Target time per frame: 16.667 milliseconds
INFO: FILEIO: [resources/textures/sprites.png] File loaded successfully
INFO: IMAGE: Data loaded successfully (18x63 | R8G8B8A8 | 1 mipmaps)
INFO: TEXTURE: [ID 3] Texture loaded successfully (72x9 | R8G8B8A8 | 1 mipmaps)
INFO: TEXTURE: [ID 4] Texture loaded successfully (72x36 | R8G8B8A8 | 1 mipmaps)
INFO: AUDIO: Device initialized successfully
INFO:     > Backend:       miniaudio | ALSA
INFO:     > Format:        32-bit IEEE Floating Point -> 32-bit IEEE Floating Point
INFO:     > Channels:      2 -> 2
INFO:     > Sample rate:   44100 -> 44100
INFO:     > Periods size:  3072
INFO: FILEIO: [resources/audio/keyboard-click.wav] File loaded successfully
INFO: WAVE: Data loaded successfully (48000 Hz, 16 bit, 1 channels)
INFO: AUDIO: menu click sound loaded from: resources/audio/keyboard-click.wav
INFO: FILEIO: [resources/audio/power-up.wav] File loaded successfully
INFO: WAVE: Data loaded successfully (48000 Hz, 16 bit, 1 channels)
INFO: AUDIO: power-up sound loaded from: resources/audio/power-up.wav
INFO: FILEIO: [resources/audio/player-shot.wav] File loaded successfully
INFO: WAVE: Data loaded successfully (48000 Hz, 16 bit, 1 channels)
INFO: AUDIO: player-shot sound loaded from: resources/audio/player-shot.wav
INFO: FILEIO: [resources/audio/enemy-shot.wav] File loaded successfully
INFO: WAVE: Data loaded successfully (48000 Hz, 16 bit, 1 channels)
INFO: AUDIO: enemy-shot sound loaded from: resources/audio/enemy-shot.wav
INFO: FILEIO: [resources/audio/enemy-spawning.wav] File loaded successfully
INFO: WAVE: Data loaded successfully (48000 Hz, 16 bit, 1 channels)
INFO: AUDIO: enemy-spawning sound loaded from: resources/audio/enemy-spawning.wav
INFO: FILEIO: [resources/audio/enemy-exploding.wav] File loaded successfully
INFO: WAVE: Data loaded successfully (48000 Hz, 16 bit, 1 channels)
INFO: AUDIO: enemy-exploding sound loaded from: resources/audio/enemy-exploding.wav
INFO: FILEIO: [resources/audio/base-exploding.wav] File loaded successfully
INFO: WAVE: Data loaded successfully (48000 Hz, 16 bit, 1 channels)
INFO: AUDIO: base-exploding sound loaded from: resources/audio/base-exploding.wav

[PROFILE] frame=120 budget=16.667ms alloc(+0/-0, +0b/-0b, live=0b peak=56b)
  frame.total                      avg= 17.060ms p95= 16.994ms max= 31.473ms calls(last=  1,total=120) (102.4% budget)
  frame.render                     avg= 17.020ms p95= 16.956ms max= 31.430ms calls(last=  1,total=120) (102.1% budget)
  frame.present                    avg= 17.013ms p95= 16.949ms max= 31.424ms calls(last=  1,total=120) (102.1% budget)
  frame.input_poll                 avg=  0.029ms p95=  0.047ms max=  0.054ms calls(last=  1,total=120) (0.2% budget)
  frame.fixed_step                 avg=  0.003ms p95=  0.003ms max=  0.006ms calls(last=  1,total=124) (0.0% budget)

[PROFILE] frame=240 budget=16.667ms alloc(+0/-0, +0b/-0b, live=0b peak=504b)
  frame.total                      avg= 16.915ms p95= 16.988ms max= 31.473ms calls(last=  1,total=240) (101.5% budget)
  frame.render                     avg= 16.875ms p95= 16.950ms max= 31.430ms calls(last=  1,total=240) (101.2% budget)
  frame.present                    avg= 16.868ms p95= 16.943ms max= 31.424ms calls(last=  1,total=240) (101.2% budget)
  frame.input_poll                 avg=  0.029ms p95=  0.048ms max=  0.054ms calls(last=  1,total=240) (0.2% budget)
  frame.fixed_step                 avg=  0.003ms p95=  0.003ms max=  0.006ms calls(last=  1,total=246) (0.0% budget)

[PROFILE] frame=360 budget=16.667ms alloc(+4/-4, +187376b/-187376b, live=14560b peak=201936b)
  frame.total                      avg= 17.541ms p95= 17.241ms max= 85.577ms calls(last=  1,total=360) (105.2% budget)
  frame.render                     avg= 16.206ms p95= 16.917ms max= 85.539ms calls(last=  1,total=360) (97.2% budget)
  frame.present                    avg= 16.199ms p95= 16.910ms max= 85.532ms calls(last=  1,total=360) (97.2% budget)
  frame.render.world               avg=  2.004ms p95=  5.345ms max=  5.829ms calls(last=  1,total=46) (12.0% budget)
  frame.fixed_step                 avg=  1.296ms p95=  3.165ms max= 11.987ms calls(last=  1,total=372) (7.8% budget)
  game.update                      avg=  1.211ms p95=  2.963ms max= 11.396ms calls(last=  1,total=50) (7.3% budget)
  system.ai_update                 avg=  1.187ms p95=  2.901ms max= 11.262ms calls(last=  1,total=50) (7.1% budget)
  enemy.update                     avg=  1.184ms p95=  2.896ms max= 11.216ms calls(last=  1,total=50) (7.1% budget)
  frame.render.overlay             avg=  1.100ms p95=  3.474ms max=  3.565ms calls(last=  1,total=46) (6.6% budget)
  enemy.physics.frontal_collisions avg=  0.335ms p95=  0.833ms max=  3.225ms calls(last=  1,total=50) (2.0% budget)
  enemy.physics.separation         avg=  0.222ms p95=  0.560ms max=  2.073ms calls(last=  1,total=50) (1.3% budget)
  frame.input_poll                 avg=  0.030ms p95=  0.050ms max=  0.062ms calls(last=  1,total=360) (0.2% budget)
  system.physics_collision         avg=  0.007ms p95=  0.018ms max=  0.034ms calls(last=  1,total=50) (0.0% budget)
  system.spawner_update            avg=  0.004ms p95=  0.009ms max=  0.021ms calls(last=  1,total=50) (0.0% budget)
  system.projectile_update         avg=  0.002ms p95=  0.004ms max=  0.006ms calls(last=  1,total=50) (0.0% budget)
  system.maze_update               avg=  0.000ms p95=  0.001ms max=  0.003ms calls(last=  1,total=50) (0.0% budget)

[PROFILE] frame=480 budget=16.667ms alloc(+208/-208, +909376b/-909376b, live=72936b peak=299568b)
  frame.total                      avg= 85.619ms p95= 92.250ms max= 93.685ms calls(last=  1,total=480) (513.7% budget)
  frame.fixed_step                 avg= 74.595ms p95= 81.138ms max= 82.502ms calls(last=  4,total=831) (447.6% budget)
  game.update                      avg= 72.995ms p95= 78.498ms max= 79.721ms calls(last=  4,total=509) (438.0% budget)
  system.ai_update                 avg= 72.428ms p95= 77.961ms max= 78.517ms calls(last=  4,total=509) (434.6% budget)
  enemy.update                     avg= 72.408ms p95= 77.942ms max= 78.497ms calls(last=  4,total=509) (434.4% budget)
  enemy.physics.frontal_collisions avg= 33.207ms p95= 35.520ms max= 35.817ms calls(last=  4,total=509) (199.2% budget)
  enemy.physics.separation         avg= 32.080ms p95= 34.267ms max= 34.451ms calls(last=  4,total=509) (192.5% budget)
  frame.render                     avg= 10.972ms p95= 11.848ms max= 85.539ms calls(last=  1,total=480) (65.8% budget)
  frame.present                    avg= 10.965ms p95= 11.841ms max= 85.532ms calls(last=  1,total=480) (65.8% budget)
  frame.render.world               avg=  5.475ms p95=  5.770ms max=  5.871ms calls(last=  1,total=166) (32.9% budget)
  frame.render.overlay             avg=  2.997ms p95=  3.661ms max=  4.021ms calls(last=  1,total=166) (18.0% budget)
  enemy.type.torpedo               avg=  0.475ms p95=  1.094ms max=  1.538ms calls(last=100,total=6839) (2.9% budget)
  enemy.cheap.segment_build        avg=  0.302ms p95=  0.803ms max=  1.288ms calls(last=  5,total=190) (1.8% budget)
  system.spawner_update            avg=  0.230ms p95=  0.785ms max=  1.131ms calls(last=  4,total=509) (1.4% budget)
  enemy.type.drone                 avg=  0.147ms p95=  0.447ms max=  0.595ms calls(last= 64,total=3456) (0.9% budget)
  system.physics_collision         avg=  0.098ms p95=  0.126ms max=  0.143ms calls(last=  4,total=509) (0.6% budget)
  system.player_update             avg=  0.097ms p95=  0.131ms max=  0.172ms calls(last=  4,total=389) (0.6% budget)
  frame.input_poll                 avg=  0.029ms p95=  0.030ms max=  0.076ms calls(last=  1,total=480) (0.2% budget)
  system.projectile_update         avg=  0.014ms p95=  0.016ms max=  0.030ms calls(last=  4,total=509) (0.1% budget)
  system.maze_update               avg=  0.003ms p95=  0.004ms max=  0.005ms calls(last=  4,total=509) (0.0% budget)

[PROFILE] frame=600 budget=16.667ms alloc(+332/-332, +1008592b/-1008592b, live=131304b peak=381968b)
  frame.total                      avg= 97.458ms p95=101.593ms max=104.266ms calls(last=  1,total=600) (584.7% budget)
  frame.fixed_step                 avg= 85.970ms p95= 89.776ms max= 92.910ms calls(last=  4,total=1311) (515.8% budget)
  game.update                      avg= 81.526ms p95= 84.386ms max= 85.927ms calls(last=  4,total=989) (489.2% budget)
  system.ai_update                 avg= 80.828ms p95= 83.749ms max= 85.212ms calls(last=  4,total=989) (485.0% budget)
  enemy.update                     avg= 80.806ms p95= 83.724ms max= 85.178ms calls(last=  4,total=989) (484.8% budget)
  enemy.physics.frontal_collisions avg= 35.234ms p95= 35.669ms max= 36.700ms calls(last=  4,total=989) (211.4% budget)
  enemy.physics.separation         avg= 33.990ms p95= 34.324ms max= 35.593ms calls(last=  4,total=989) (203.9% budget)
  frame.render                     avg= 11.434ms p95= 12.364ms max= 85.539ms calls(last=  1,total=600) (68.6% budget)
  frame.present                    avg= 11.428ms p95= 12.357ms max= 85.532ms calls(last=  1,total=600) (68.6% budget)
  frame.render.world               avg=  5.976ms p95=  6.304ms max=  6.517ms calls(last=  1,total=286) (35.9% budget)
  frame.render.overlay             avg=  3.043ms p95=  3.655ms max=  4.021ms calls(last=  1,total=286) (18.3% budget)
  enemy.type.torpedo               avg=  2.511ms p95=  4.108ms max=  4.712ms calls(last=144,total=22628) (15.1% budget)
  enemy.cheap.segment_build        avg=  2.433ms p95=  3.351ms max=  3.872ms calls(last= 32,total=3181) (14.6% budget)
  enemy.type.drone                 avg=  1.377ms p95=  2.075ms max=  2.448ms calls(last=120,total=14699) (8.3% budget)
  enemy.ai.decision                avg=  0.304ms p95=  0.816ms max=  1.318ms calls(last= 12,total=339) (1.8% budget)
  enemy.ai.movement                avg=  0.297ms p95=  0.844ms max=  1.287ms calls(last= 12,total=339) (1.8% budget)
  system.spawner_update            avg=  0.259ms p95=  0.793ms max=  1.183ms calls(last=  4,total=989) (1.6% budget)
  system.physics_collision         avg=  0.153ms p95=  0.176ms max=  0.222ms calls(last=  4,total=989) (0.9% budget)
  system.player_update             avg=  0.123ms p95=  0.133ms max=  0.172ms calls(last=  4,total=869) (0.7% budget)
  frame.input_poll                 avg=  0.028ms p95=  0.029ms max=  0.076ms calls(last=  1,total=600) (0.2% budget)
  enemy.torpedo.select_heading     avg=  0.015ms p95=  0.000ms max=  0.770ms calls(last=  0,total=3) (0.1% budget)
  system.projectile_update         avg=  0.014ms p95=  0.016ms max=  0.038ms calls(last=  4,total=989) (0.1% budget)
  enemy.ai.perception              avg=  0.014ms p95=  0.033ms max=  0.066ms calls(last= 12,total=339) (0.1% budget)
  enemy.ai.firing                  avg=  0.011ms p95=  0.029ms max=  0.064ms calls(last= 12,total=339) (0.1% budget)

[PROFILE] frame=720 budget=16.667ms alloc(+467/-467, +1035480b/-1035480b, live=131304b peak=387984b)
  frame.total                      avg=106.768ms p95=109.016ms max=110.607ms calls(last=  1,total=720) (640.6% budget)
  frame.fixed_step                 avg= 95.059ms p95= 97.262ms max= 98.562ms calls(last=  4,total=1791) (570.4% budget)
  game.update                      avg= 88.936ms p95= 90.864ms max= 92.367ms calls(last=  4,total=1469) (533.6% budget)
  system.ai_update                 avg= 88.280ms p95= 90.253ms max= 91.721ms calls(last=  4,total=1469) (529.7% budget)
  enemy.update                     avg= 88.258ms p95= 90.232ms max= 91.699ms calls(last=  4,total=1469) (529.5% budget)
  enemy.physics.frontal_collisions avg= 35.760ms p95= 36.351ms max= 36.700ms calls(last=  4,total=1469) (214.6% budget)
  enemy.physics.separation         avg= 34.213ms p95= 34.593ms max= 37.442ms calls(last=  4,total=1469) (205.3% budget)
  frame.render                     avg= 11.657ms p95= 12.478ms max= 85.539ms calls(last=  1,total=720) (69.9% budget)
  frame.present                    avg= 11.650ms p95= 12.470ms max= 85.532ms calls(last=  1,total=720) (69.9% budget)
  frame.render.world               avg=  6.167ms p95=  6.382ms max=  6.517ms calls(last=  1,total=406) (37.0% budget)
  enemy.type.torpedo               avg=  5.526ms p95=  6.594ms max=  7.226ms calls(last=156,total=41072) (33.2% budget)
  enemy.type.drone                 avg=  4.741ms p95=  5.781ms max=  6.164ms calls(last=132,total=29821) (28.4% budget)
  enemy.cheap.segment_build        avg=  3.646ms p95=  4.225ms max=  4.471ms calls(last= 37,total=7740) (21.9% budget)
  enemy.ai.movement                avg=  3.455ms p95=  4.639ms max=  4.676ms calls(last= 44,total=4392) (20.7% budget)
  frame.render.overlay             avg=  3.067ms p95=  3.711ms max=  4.021ms calls(last=  1,total=406) (18.4% budget)
  enemy.ai.decision                avg=  1.689ms p95=  2.623ms max=  3.483ms calls(last= 44,total=4392) (10.1% budget)
  system.spawner_update            avg=  0.197ms p95=  0.505ms max=  1.183ms calls(last=  4,total=1469) (1.2% budget)
  system.physics_collision         avg=  0.171ms p95=  0.186ms max=  0.222ms calls(last=  4,total=1469) (1.0% budget)
  system.player_update             avg=  0.120ms p95=  0.134ms max=  0.172ms calls(last=  4,total=1349) (0.7% budget)
  enemy.physics.frontal_pair_narrow avg=  0.120ms p95=  0.182ms max=  0.241ms calls(last=  8,total=2150) (0.7% budget)
  enemy.torpedo.select_heading     avg=  0.103ms p95=  0.931ms max=  1.965ms calls(last=  1,total=18) (0.6% budget)
  enemy.ai.perception              avg=  0.086ms p95=  0.108ms max=  0.161ms calls(last= 44,total=4392) (0.5% budget)
  enemy.ai.firing                  avg=  0.067ms p95=  0.082ms max=  0.180ms calls(last= 44,total=4392) (0.4% budget)
  frame.input_poll                 avg=  0.027ms p95=  0.028ms max=  0.076ms calls(last=  1,total=720) (0.2% budget)

[PROFILE] frame=840 budget=16.667ms alloc(+391/-391, +1033304b/-1033304b, live=131304b peak=387984b)
  frame.total                      avg=106.208ms p95=108.396ms max=110.607ms calls(last=  1,total=840) (637.2% budget)
  frame.fixed_step                 avg= 94.472ms p95= 96.656ms max= 98.562ms calls(last=  4,total=2271) (566.8% budget)
  game.update                      avg= 88.018ms p95= 90.276ms max= 92.367ms calls(last=  4,total=1949) (528.1% budget)
  system.ai_update                 avg= 87.368ms p95= 89.637ms max= 91.721ms calls(last=  4,total=1949) (524.2% budget)
  enemy.update                     avg= 87.346ms p95= 89.615ms max= 91.699ms calls(last=  4,total=1949) (524.1% budget)
  enemy.physics.frontal_collisions avg= 35.591ms p95= 35.993ms max= 36.700ms calls(last=  4,total=1949) (213.5% budget)
  enemy.physics.separation         avg= 34.165ms p95= 34.427ms max= 37.442ms calls(last=  4,total=1949) (205.0% budget)
  frame.render                     avg= 11.683ms p95= 12.377ms max= 85.539ms calls(last=  1,total=840) (70.1% budget)
  frame.present                    avg= 11.677ms p95= 12.371ms max= 85.532ms calls(last=  1,total=840) (70.1% budget)
  frame.render.world               avg=  6.184ms p95=  6.419ms max=  6.709ms calls(last=  1,total=526) (37.1% budget)
  enemy.type.torpedo               avg=  5.567ms p95=  6.556ms max=  7.983ms calls(last=156,total=59792) (33.4% budget)
  enemy.type.drone                 avg=  3.899ms p95=  5.855ms max=  6.164ms calls(last=132,total=45661) (23.4% budget)
  enemy.cheap.segment_build        avg=  3.655ms p95=  4.169ms max=  4.651ms calls(last= 37,total=12300) (21.9% budget)
  frame.render.overlay             avg=  3.056ms p95=  3.644ms max=  4.021ms calls(last=  1,total=526) (18.3% budget)
  enemy.ai.movement                avg=  2.805ms p95=  4.584ms max=  4.684ms calls(last= 20,total=7592) (16.8% budget)
  enemy.ai.decision                avg=  1.589ms p95=  2.184ms max=  3.483ms calls(last= 20,total=7592) (9.5% budget)
  system.spawner_update            avg=  0.180ms p95=  0.206ms max=  1.183ms calls(last=  4,total=1949) (1.1% budget)
  system.physics_collision         avg=  0.176ms p95=  0.203ms max=  0.282ms calls(last=  4,total=1949) (1.1% budget)
  system.player_update             avg=  0.124ms p95=  0.143ms max=  0.172ms calls(last=  4,total=1829) (0.7% budget)
  enemy.torpedo.select_heading     avg=  0.094ms p95=  0.796ms max=  1.965ms calls(last=  0,total=32) (0.6% budget)
  enemy.ai.perception              avg=  0.071ms p95=  0.107ms max=  0.161ms calls(last= 20,total=7592) (0.4% budget)
  enemy.ai.firing                  avg=  0.056ms p95=  0.078ms max=  0.180ms calls(last= 20,total=7592) (0.3% budget)
  frame.input_poll                 avg=  0.027ms p95=  0.028ms max=  0.076ms calls(last=  1,total=840) (0.2% budget)
  enemy.physics.frontal_pair_narrow avg=  0.027ms p95=  0.106ms max=  0.241ms calls(last=  0,total=2525) (0.2% budget)

[PROFILE] frame=960 budget=16.667ms alloc(+352/-352, +1032080b/-1032080b, live=131304b peak=387984b)
  frame.total                      avg=103.536ms p95=105.375ms max=110.607ms calls(last=  1,total=960) (621.2% budget)
  frame.fixed_step                 avg= 91.879ms p95= 93.205ms max= 98.562ms calls(last=  4,total=2751) (551.3% budget)
  game.update                      avg= 85.428ms p95= 86.806ms max= 92.367ms calls(last=  4,total=2429) (512.6% budget)
  system.ai_update                 avg= 84.780ms p95= 86.155ms max= 91.721ms calls(last=  4,total=2429) (508.7% budget)
  enemy.update                     avg= 84.758ms p95= 86.138ms max= 91.699ms calls(last=  4,total=2429) (508.5% budget)
  enemy.physics.frontal_collisions avg= 35.280ms p95= 35.654ms max= 36.700ms calls(last=  4,total=2429) (211.7% budget)
  enemy.physics.separation         avg= 34.005ms p95= 34.322ms max= 37.442ms calls(last=  4,total=2429) (204.0% budget)
  frame.render                     avg= 11.604ms p95= 12.334ms max= 85.539ms calls(last=  1,total=960) (69.6% budget)
  frame.present                    avg= 11.598ms p95= 12.327ms max= 85.532ms calls(last=  1,total=960) (69.6% budget)
  frame.render.world               avg=  6.135ms p95=  6.364ms max=  6.709ms calls(last=  1,total=646) (36.8% budget)
  enemy.type.torpedo               avg=  4.066ms p95=  5.844ms max=  7.983ms calls(last=156,total=78512) (24.4% budget)
  enemy.cheap.segment_build        avg=  3.770ms p95=  4.406ms max=  4.651ms calls(last= 40,total=17011) (22.6% budget)
  enemy.type.drone                 avg=  3.337ms p95=  3.792ms max=  6.164ms calls(last=132,total=61501) (20.0% budget)
  frame.render.overlay             avg=  3.055ms p95=  3.662ms max=  4.021ms calls(last=  1,total=646) (18.3% budget)
  enemy.ai.movement                avg=  1.537ms p95=  2.345ms max=  4.684ms calls(last= 12,total=9405) (9.2% budget)
  enemy.ai.decision                avg=  0.841ms p95=  1.604ms max=  3.483ms calls(last= 12,total=9405) (5.0% budget)
  system.spawner_update            avg=  0.177ms p95=  0.192ms max=  1.183ms calls(last=  4,total=2429) (1.1% budget)
  system.physics_collision         avg=  0.175ms p95=  0.193ms max=  0.282ms calls(last=  4,total=2429) (1.0% budget)
  system.player_update             avg=  0.127ms p95=  0.137ms max=  0.175ms calls(last=  4,total=2309) (0.8% budget)
  enemy.torpedo.select_heading     avg=  0.055ms p95=  0.697ms max=  1.965ms calls(last=  0,total=40) (0.3% budget)
  enemy.ai.perception              avg=  0.046ms p95=  0.062ms max=  0.161ms calls(last= 12,total=9405) (0.3% budget)
  enemy.ai.firing                  avg=  0.037ms p95=  0.054ms max=  0.180ms calls(last= 12,total=9405) (0.2% budget)
  frame.input_poll                 avg=  0.028ms p95=  0.029ms max=  0.076ms calls(last=  1,total=960) (0.2% budget)
  system.projectile_update         avg=  0.014ms p95=  0.016ms max=  0.038ms calls(last=  4,total=2429) (0.1% budget)

[PROFILE] frame=1080 budget=16.667ms alloc(+360/-360, +1032320b/-1032320b, live=131304b peak=387984b)
  frame.total                      avg=103.886ms p95=105.718ms max=110.607ms calls(last=  1,total=1080) (623.3% budget)
  frame.fixed_step                 avg= 92.233ms p95= 93.891ms max= 98.562ms calls(last=  4,total=3231) (553.4% budget)
  game.update                      avg= 85.800ms p95= 87.319ms max= 92.367ms calls(last=  4,total=2909) (514.8% budget)
  system.ai_update                 avg= 85.162ms p95= 86.732ms max= 91.721ms calls(last=  4,total=2909) (511.0% budget)
  enemy.update                     avg= 85.140ms p95= 86.714ms max= 91.699ms calls(last=  4,total=2909) (510.8% budget)
  enemy.physics.frontal_collisions avg= 35.223ms p95= 35.687ms max= 36.700ms calls(last=  4,total=2909) (211.3% budget)
  enemy.physics.separation         avg= 33.975ms p95= 34.360ms max= 37.442ms calls(last=  4,total=2909) (203.8% budget)
  frame.render                     avg= 11.599ms p95= 12.428ms max= 85.539ms calls(last=  1,total=1080) (69.6% budget)
  frame.present                    avg= 11.592ms p95= 12.421ms max= 85.532ms calls(last=  1,total=1080) (69.6% budget)
  frame.render.world               avg=  6.093ms p95=  6.318ms max=  6.709ms calls(last=  1,total=766) (36.6% budget)
  enemy.type.torpedo               avg=  5.134ms p95=  6.335ms max=  7.983ms calls(last=156,total=97232) (30.8% budget)
  enemy.cheap.segment_build        avg=  4.429ms p95=  4.940ms max=  5.608ms calls(last= 51,total=22654) (26.6% budget)
  frame.render.overlay             avg=  3.062ms p95=  3.720ms max=  4.021ms calls(last=  1,total=766) (18.4% budget)
  enemy.type.drone                 avg=  2.766ms p95=  3.309ms max=  6.164ms calls(last=132,total=77341) (16.6% budget)
  enemy.ai.movement                avg=  1.251ms p95=  1.735ms max=  4.684ms calls(last= 12,total=10787) (7.5% budget)
  enemy.ai.decision                avg=  0.982ms p95=  1.442ms max=  3.483ms calls(last= 12,total=10787) (5.9% budget)
  system.spawner_update            avg=  0.176ms p95=  0.179ms max=  1.183ms calls(last=  4,total=2909) (1.1% budget)
  system.physics_collision         avg=  0.170ms p95=  0.193ms max=  0.282ms calls(last=  4,total=2909) (1.0% budget)
  system.player_update             avg=  0.125ms p95=  0.139ms max=  0.175ms calls(last=  4,total=2789) (0.7% budget)
  enemy.torpedo.select_heading     avg=  0.059ms p95=  0.590ms max=  1.965ms calls(last=  0,total=50) (0.4% budget)
  enemy.ai.perception              avg=  0.041ms p95=  0.050ms max=  0.161ms calls(last= 12,total=10787) (0.2% budget)
  enemy.ai.firing                  avg=  0.033ms p95=  0.041ms max=  0.180ms calls(last= 12,total=10787) (0.2% budget)
  frame.input_poll                 avg=  0.029ms p95=  0.031ms max=  0.089ms calls(last=  1,total=1080) (0.2% budget)
  system.projectile_update         avg=  0.015ms p95=  0.016ms max=  0.043ms calls(last=  4,total=2909) (0.1% budget)

[PROFILE] frame=1200 budget=16.667ms alloc(+0/-0, +0b/-0b, live=131304b peak=387984b)
  frame.total                      avg= 44.147ms p95=106.524ms max=110.607ms calls(last=  1,total=1200) (264.9% budget)
  frame.fixed_step                 avg= 28.771ms p95= 94.099ms max= 98.562ms calls(last=  1,total=3467) (172.6% budget)
  game.update                      avg= 26.780ms p95= 87.767ms max= 92.367ms calls(last=  0,total=3057) (160.7% budget)
  system.ai_update                 avg= 26.581ms p95= 87.126ms max= 91.721ms calls(last=  0,total=3057) (159.5% budget)
  enemy.update                     avg= 26.574ms p95= 87.103ms max= 91.699ms calls(last=  0,total=3057) (159.4% budget)
  frame.render                     avg= 15.334ms p95= 17.385ms max= 85.539ms calls(last=  1,total=1200) (92.0% budget)
  frame.present                    avg= 15.327ms p95= 17.379ms max= 85.532ms calls(last=  1,total=1200) (92.0% budget)
  enemy.physics.frontal_collisions avg= 10.914ms p95= 35.606ms max= 36.700ms calls(last=  0,total=3057) (65.5% budget)
  enemy.physics.separation         avg= 10.519ms p95= 34.297ms max= 37.442ms calls(last=  0,total=3057) (63.1% budget)
  frame.render.world               avg=  5.225ms p95=  6.519ms max=  6.709ms calls(last=  0,total=866) (31.4% budget)
  frame.render.overlay             avg=  3.124ms p95=  4.791ms max=  4.999ms calls(last=  0,total=929) (18.7% budget)
  enemy.type.torpedo               avg=  1.730ms p95=  6.087ms max=  7.983ms calls(last=  0,total=103004) (10.4% budget)
  enemy.cheap.segment_build        avg=  1.447ms p95=  4.949ms max=  5.608ms calls(last=  0,total=24504) (8.7% budget)
  enemy.type.drone                 avg=  0.912ms p95=  3.178ms max=  6.164ms calls(last=  0,total=82225) (5.5% budget)
  enemy.ai.movement                avg=  0.463ms p95=  1.726ms max=  4.684ms calls(last=  0,total=11292) (2.8% budget)
  enemy.ai.decision                avg=  0.334ms p95=  1.236ms max=  3.483ms calls(last=  0,total=11292) (2.0% budget)
  system.spawner_update            avg=  0.055ms p95=  0.177ms max=  1.183ms calls(last=  0,total=3057) (0.3% budget)
  system.physics_collision         avg=  0.053ms p95=  0.182ms max=  0.282ms calls(last=  0,total=3057) (0.3% budget)
  system.player_update             avg=  0.039ms p95=  0.131ms max=  0.175ms calls(last=  0,total=2937) (0.2% budget)
  frame.input_poll                 avg=  0.028ms p95=  0.029ms max=  0.089ms calls(last=  1,total=1200) (0.2% budget)
  enemy.torpedo.select_heading     avg=  0.022ms p95=  0.000ms max=  1.965ms calls(last=  0,total=54) (0.1% budget)
  enemy.ai.perception              avg=  0.014ms p95=  0.049ms max=  0.161ms calls(last=  0,total=11292) (0.1% budget)
  enemy.ai.firing                  avg=  0.011ms p95=  0.040ms max=  0.180ms calls(last=  0,total=11292) (0.1% budget)
  system.projectile_update         avg=  0.004ms p95=  0.015ms max=  0.043ms calls(last=  0,total=3057) (0.0% budget)

[PROFILE] frame=1320 budget=16.667ms alloc(+0/-0, +0b/-0b, live=131304b peak=387984b)
  frame.total                      avg= 16.911ms p95= 17.079ms max=110.607ms calls(last=  1,total=1320) (101.5% budget)
  frame.render                     avg= 16.871ms p95= 17.041ms max= 85.539ms calls(last=  1,total=1320) (101.2% budget)
  frame.present                    avg= 16.864ms p95= 17.036ms max= 85.532ms calls(last=  1,total=1320) (101.2% budget)
  frame.input_poll                 avg=  0.028ms p95=  0.030ms max=  0.089ms calls(last=  1,total=1320) (0.2% budget)
  frame.fixed_step                 avg=  0.003ms p95=  0.003ms max= 98.562ms calls(last=  1,total=3589) (0.0% budget)
  system.ai_update                 avg=  0.000ms p95=  0.000ms max= 91.721ms calls(last=  0,total=3057) (0.0% budget)
  enemy.ai.firing                  avg=  0.000ms p95=  0.000ms max=  0.180ms calls(last=  0,total=11292) (0.0% budget)
  system.spawner_update            avg=  0.000ms p95=  0.000ms max=  1.183ms calls(last=  0,total=3057) (0.0% budget)
  system.maze_update               avg=  0.000ms p95=  0.000ms max=  0.010ms calls(last=  0,total=3057) (0.0% budget)
  enemy.update                     avg=  0.000ms p95=  0.000ms max= 91.699ms calls(last=  0,total=3057) (0.0% budget)
  enemy.type.drone                 avg=  0.000ms p95=  0.000ms max=  6.164ms calls(last=  0,total=82225) (0.0% budget)
  enemy.type.torpedo               avg=  0.000ms p95=  0.000ms max=  7.983ms calls(last=  0,total=103004) (0.0% budget)
  enemy.ai.perception              avg=  0.000ms p95=  0.000ms max=  0.161ms calls(last=  0,total=11292) (0.0% budget)
  enemy.ai.decision                avg=  0.000ms p95=  0.000ms max=  3.483ms calls(last=  0,total=11292) (0.0% budget)
  enemy.ai.movement                avg=  0.000ms p95=  0.000ms max=  4.684ms calls(last=  0,total=11292) (0.0% budget)
  game.update                      avg=  0.000ms p95=  0.000ms max= 92.367ms calls(last=  0,total=3057) (0.0% budget)
  enemy.physics.frontal_collisions avg=  0.000ms p95=  0.000ms max= 36.700ms calls(last=  0,total=3057) (0.0% budget)
  enemy.physics.separation         avg=  0.000ms p95=  0.000ms max= 37.442ms calls(last=  0,total=3057) (0.0% budget)
  enemy.physics.frontal_pair_narrow avg=  0.000ms p95=  0.000ms max=  0.241ms calls(last=  0,total=2657) (0.0% budget)
  enemy.physics.separation_pair_resolve avg=  0.000ms p95=  0.000ms max=  0.035ms calls(last=  0,total=2637) (0.0% budget)
  enemy.torpedo.select_heading     avg=  0.000ms p95=  0.000ms max=  1.965ms calls(last=  0,total=54) (0.0% budget)
  enemy.cheap.segment_build        avg=  0.000ms p95=  0.000ms max=  5.608ms calls(last=  0,total=24504) (0.0% budget)
  system.projectile_update         avg=  0.000ms p95=  0.000ms max=  0.043ms calls(last=  0,total=3057) (0.0% budget)
  system.player_update             avg=  0.000ms p95=  0.000ms max=  0.175ms calls(last=  0,total=2937) (0.0% budget)
INFO: TEXTURE: [ID 3] Unloaded texture data from VRAM (GPU)
INFO: TEXTURE: [ID 4] Unloaded texture data from VRAM (GPU)
INFO: AUDIO: Device closed successfully
INFO: TEXTURE: [ID 2] Unloaded texture data from VRAM (GPU)
INFO: SHADER: [ID 3] Default shader unloaded successfully
INFO: TEXTURE: [ID 1] Default texture unloaded successfully
INFO: Window closed successfully